04-02 15:17:56.285 D/vendor.qti.bluetooth@1.0-ibs_handler( 2342): SerialClockVote: vote for UART CLK OFF
04-02 15:17:56.435 D/vendor.qti.bluetooth@1.0-wake_lock( 2342): Release wakelock is released 
04-02 15:17:56.438 I/Osense-BaseDecisionMaker( 3698): notifySceneToAthenaPolicy: SCENE_RES_IO_PSI, bundle: Bundle[{ioLevel=3}]
04-02 15:17:56.438 I/Osense-BaseDecisionMaker( 3698): OSense not supported scene! SCENE_RES_IO_PSI
04-02 15:17:56.552 I/edmb    ( 9715): (REDACTED) appOpsListener %s %s
04-02 15:17:56.552 I/edmb    ( 9715): (REDACTED) Ignoring irrelevant audio permission changes for package %s
04-02 15:17:56.782 W/ServiceManagerCppClient( 3034): Waited one second for vendor.qti.qhcp.IQHDC/default (is service started? Number of threads started in the threadpool: 2. Are binder threads started and available?)
04-02 15:17:56.782 W/ServiceManagerCppClient( 2429): Waited one second for vendor.qti.qhcp.IQHDC/default (is service started? Number of threads started in the threadpool: 2. Are binder threads started and available?)
04-02 15:17:56.783 W/libc    ( 1257): Unable to set property "ctl.interface_start" to "aidl/vendor.qti.qhcp.IQHDC/default": PROP_ERROR_HANDLE_CONTROL_MESSAGE (0x20)
04-02 15:17:56.783 W/libc    ( 1257): Unable to set property "ctl.interface_start" to "aidl/vendor.qti.qhcp.IQHDC/default": PROP_ERROR_HANDLE_CONTROL_MESSAGE (0x20)
04-02 15:17:56.837 I/vendor.qti.bluetooth@1.0-ibs_handler( 2342): ProcessIbsCmd: Received IBS_WAKE_IND: 0xFD
04-02 15:17:56.837 D/vendor.qti.bluetooth@1.0-ibs_handler( 2342): SerialClockVote: vote for UART CLK ON
04-02 15:17:56.837 D/vendor.qti.bluetooth@1.0-wake_lock( 2342): Acquire wakelock is acquired 
04-02 15:17:56.837 I/vendor.qti.bluetooth@1.0-ibs_handler( 2342): ProcessIbsCmd: Writing IBS_WAKE_ACK
04-02 15:17:56.869 D/OplusNetKit( 3698): in getLpByInterface name from LP: [wlan0]
04-02 15:17:56.887 D/OplusNetRttKit( 3698): getIcmpEchoRtt addr:192.168.0.*** avgRtt: 4
04-02 15:17:56.894 I/vendor.qti.bluetooth@1.0-ibs_handler( 2342): ProcessIbsCmd: Received IBS_SLEEP_IND: 0xFE
04-02 15:17:56.894 D/vendor.qti.bluetooth@1.0-ibs_handler( 2342): SerialClockVote: vote for UART CLK OFF
04-02 15:17:57.044 D/vendor.qti.bluetooth@1.0-wake_lock( 2342): Release wakelock is released 
04-02 15:17:57.235 D/healthd ( 2348): system healthd: battery l=27 v=3820 t=31.7 h=2 st=2 c=-751 fc=12140000 cc=6 chg=u
04-02 15:17:57.241 D/ChargerInfo( 2490): getInfo: type: 0x1, update: 1
04-02 15:17:57.241 D/ChargerInfo( 2490): chargerInfoUpdateThread: update start
04-02 15:17:57.243 D/ChargerInfo( 2490): enableTx: path(/proc/wireless/enable_tx): not exist
04-02 15:17:57.244 D/ChargerInfo( 2490): wlsAdapterPower: path(/sys/class/oplus_chg/wireless/max_w_power): not exist
04-02 15:17:57.244 D/ChargerInfo( 2490): unknown: path(/sys/class/oplus_chg/ac/online) and backupPath(/sys/class/power_supply/ac/online) not exist
04-02 15:17:57.244 D/ChargerInfo( 2490): get_ui_charge_icon_type: [0 0] [0 0] 1
04-02 15:17:57.244 D/ChargerInfo( 2490): unknown: path(/sys/class/oplus_chg/ac/online) and backupPath(/sys/class/power_supply/ac/online) not exist
04-02 15:17:57.244 D/ChargerInfo( 2490): cpaPower:7500 isChargeOnline:1 isSupportRetentionTopic:0
04-02 15:17:57.244 E/ChargerInfo( 2490): SingleHyperPath not found
04-02 15:17:57.245 D/ChargerInfo( 2490): chargerInfoUpdateThread: update end
04-02 15:17:57.245 D/ChargerInfo( 2490): chargerInfoUpdateThread: update wait
04-02 15:17:57.245 D/ChargerInfo( 2490): enableTx: path(/proc/wireless/enable_tx): not exist
04-02 15:17:57.245 D/ChargerInfo( 2490): wlsAdapterPower: path(/sys/class/oplus_chg/wireless/max_w_power): not exist
04-02 15:17:57.245 D/ChargerInfo( 2490): getInfo: {"Update":{"batteryFcc":11731,"batteryRm":3136,"bddLeakCurr":0,"bmsStatus":0,"bypassChgStatus":2,"chargeTimeRemaining":0,"cpaPower":7,"enableTx":"0","fastCharge":0,"isSupportSpeedCharge":0,"notifyCode":0,"otgOnline":1,"ppsChargePower":0,"ppsCharging":0,"shortCHwStatus":0,"shortIcOtpStatus":0,"uiIconType":0,"uiPower":0,"usbStatus":0,"wlsAdapterPower":0}}
04-02 15:17:57.478 I/Osense-BaseDecisionMaker( 3698): notifySceneToAthenaPolicy: SCENE_RES_IO_PSI, bundle: Bundle[{ioLevel=3}]
04-02 15:17:57.479 I/Osense-BaseDecisionMaker( 3698): OSense not supported scene! SCENE_RES_IO_PSI
04-02 15:17:57.690 I/NearbyMediums(25569): Found BLE GATT Advertisements :
04-02 15:17:57.690 I/NearbyMediums(25569): BleAdvertisement { version=2, socketVersion=2, isFast=false, serviceIdHash=[ 0xfc 0x9f 0x5e ], data=[ 0x23 0xfc 0x9f 0x5e 0x4d 0x39 0x57 0x44 0x1d 0x06 0x10 0x54 0x11 0xef 0xa0 0x19 0x49 0x18 0x62 0x7f 0x3e 0x3d 0xaa 0x17 0xa6 0x22 0x0b 0x53 0x75 0x6a 0x69 0x74 0x68 0x27 0x73 0x20 0x50 0x43 0x3c 0xe9 0xf7 0xa4 0x4d 0x49 0x00 0x00 ], deviceToken=[ 0xe5 0x01 ], rxAdvertisement=null } : 2 times.
04-02 15:17:57.690 I/NearbyMediums(25569): Total 2 GATT advertisements from 1 unique advertisers.
04-02 15:17:57.690 I/NearbyMediums(25569): Current Tracked Scanning Clients are : {NearbyConnections.EnvironmentMonitor, NearbySharing, NearbyConnections.TxAdvertisement}
04-02 15:17:57.785 W/ServiceManagerCppClient( 2429): Waited one second for vendor.qti.qhcp.IQHDC/default (is service started? Number of threads started in the threadpool: 2. Are binder threads started and available?)
04-02 15:17:57.785 W/ServiceManagerCppClient( 3034): Waited one second for vendor.qti.qhcp.IQHDC/default (is service started? Number of threads started in the threadpool: 2. Are binder threads started and available?)
04-02 15:17:57.788 W/libc    ( 1257): Unable to set property "ctl.interface_start" to "aidl/vendor.qti.qhcp.IQHDC/default": PROP_ERROR_HANDLE_CONTROL_MESSAGE (0x20)
04-02 15:17:57.789 W/libc    ( 1257): Unable to set property "ctl.interface_start" to "aidl/vendor.qti.qhcp.IQHDC/default": PROP_ERROR_HANDLE_CONTROL_MESSAGE (0x20)
04-02 15:17:57.852 D/ShellSubscriberWorkerThread(11637): the first 8 bytes empty, and RestData length > 8 
04-02 15:17:57.960 D/VendorWifiService( 4883): onEvent event:9,action:1
04-02 15:17:57.968 D/ScorerUtils( 3698): isLowTraffic: txTputKBps=25, rxTputKBps=4
04-02 15:17:57.968 D/OplusWifiPower_TriggerCenter( 3698): mComponentCallback: wifistat
04-02 15:17:57.989 I/SDM     ( 2422): ClstcAlgorithmAdapter::UcscToneMap():1632 Checksum for layer 388 is: 711819
04-02 15:17:57.990 I/OplusPerfCollect( 2647): The layer number in last 60464ms is: 5 layer, 418 time, 
04-02 15:17:58.026 V/AlarmManager( 3698): sending alarm Alarm{8b87a7f type 1 origWhen 1775123278025 whenElapsed 99327305 android} uid 1000 whenElapsed 99327305 windowLength 0 maxWhenElapsed 99327305 repeatInterval 0 action null component null tag StorgaeBandInfoAlarmTag flags 0x9 procName system_server
04-02 15:17:58.026 E/OplusStorageUFSBandwidth( 3698): storage_io_metrics_path is /proc/oplus_storage/io_metrics/forever/
04-02 15:17:58.026 E/OplusStorageUFSBandwidth( 3698): Bandwidth - Read: 1.00 MB/s, Write: 1.50 MB/s
04-02 15:17:58.026 E/OplusStorageUFSBandwidth( 3698): Task time: 0ms
04-02 15:17:58.027 E/OplusStorageUFSBandwidth( 3698): Alarm set to trigger in 10 seconds
04-02 15:17:58.068 I/SDM     ( 2422): ClstcAlgorithmAdapter::UcscToneMap():1632 Checksum for layer 1 is: 0
04-02 15:17:58.340 D/vendor.oplus.hardware.charger-V10-service( 2490): ret_value:125, read content:,317,317,3820,3820,-765,27,27,1,3,0,1191,4571,27,1,4490,1600,1500,0,0,-22,-19,0,1,0,2,0,0,0,1,0,100,0,3136,11731,0,0,0,0,0,0
04-02 15:17:58.341 D/vendor.oplus.hardware.charger-V10-service( 2490): gmtime: 2026-04-02-15-17-58
04-02 15:17:58.341 D/vendor.oplus.hardware.charger-V10-service( 2490): usb_online:1, ac_online:-2147483648, wireless_online:-2147483648
04-02 15:17:58.352 D/osense.compress( 3698): com.google.android.youtube do shrink, target ratio = 84, final ratio = 90, cur ratio = 78
04-02 15:17:58.497 I/NetworkScheduler.Stats(25569): (REDACTED) Task %s/%s finished executing. cause:%s result: %s elapsed_millis: %s uptime_millis: %s exec_start_elapsed_seconds: %s
04-02 15:17:58.787 W/ServiceManagerCppClient( 2429): Waited one second for vendor.qti.qhcp.IQHDC/default (is service started? Number of threads started in the threadpool: 2. Are binder threads started and available?)
04-02 15:17:58.788 W/ServiceManagerCppClient( 3034): Waited one second for vendor.qti.qhcp.IQHDC/default (is service started? Number of threads started in the threadpool: 2. Are binder threads started and available?)
04-02 15:17:58.791 W/libc    ( 1257): Unable to set property "ctl.interface_start" to "aidl/vendor.qti.qhcp.IQHDC/default": PROP_ERROR_HANDLE_CONTROL_MESSAGE (0x20)
04-02 15:17:58.791 W/libc    ( 1257): Unable to set property "ctl.interface_start" to "aidl/vendor.qti.qhcp.IQHDC/default": PROP_ERROR_HANDLE_CONTROL_MESSAGE (0x20)
04-02 15:17:58.810 D/ActivityManager( 3698): Async freezing 13271 com.oplus.notificationmanager
04-02 15:17:58.810 D/ActivityManager( 3698): Async freezing 31923 com.oplus.stdid
04-02 15:17:58.810 D/ActivityManager( 3698): Async freezing 13887 com.oplus.wirelesssettings
04-02 15:17:58.810 D/ActivityManager( 3698): Async freezing 15028 com.android.keychain
04-02 15:17:58.810 D/ActivityManager( 3698): Async freezing 15086 com.oplus.securitypermission
04-02 15:17:58.810 D/ActivityManager( 3698): Async freezing 14990 com.oplus.safecenter
04-02 15:17:58.810 D/ActivityManager( 3698): Async freezing 12104 com.oplus.ipemanager
04-02 15:17:58.811 D/ActivityManager( 3698): Async freezing 3971 com.oplus.crashbox
04-02 15:17:58.866 I/vendor.qti.bluetooth@1.0-ibs_handler( 2342): ProcessIbsCmd: Received IBS_WAKE_IND: 0xFD
04-02 15:17:58.866 D/vendor.qti.bluetooth@1.0-ibs_handler( 2342): SerialClockVote: vote for UART CLK ON
04-02 15:17:58.867 D/vendor.qti.bluetooth@1.0-wake_lock( 2342): Acquire wakelock is acquired 
04-02 15:17:58.867 I/vendor.qti.bluetooth@1.0-ibs_handler( 2342): ProcessIbsCmd: Writing IBS_WAKE_ACK
04-02 15:17:58.868 I/bluetooth( 4912): [btif_bqr.cc:1267] vendor_specific_event_callback: Unhandled BQR subevent 0x01
04-02 15:17:58.868 D/bluetooth( 4912): [btif_bqr.cc:752] CategorizeBqrEvent: length: 79 quality_report_id: 0x01
04-02 15:17:58.868 D/btm_acl ( 4912): [btm_acl.cc:377] btm_bda_to_acl: bda=xx:xx:xx:xx:e9:27 transport=1 not found in acl_db
04-02 15:17:58.868 I/bluetooth( 4912): [btif_bqr.cc:1204] bqr_delivery_event: len: 79, bqr_id: 1, addr: xx:xx:xx:xx:e9:27, lmp_ver: 10, manufacturer_id: 1271, lmp_subver: 2570
04-02 15:17:58.868 I/BluetoothInCallService( 4912): BluetoothInCallService = null
04-02 15:17:58.868 I/BluetoothQualityReportJni( 4912): [com_android_bluetooth_BluetoothQualityReport.cpp:48] bqr_delivery_callback: 
04-02 15:17:58.869 I/BluetoothQualityReportNativeInterface( 4912): rawData Length = 79
04-02 15:17:58.871 E/BluetoothQualityReportNativeInterface( 4912): bqrDeliver failed: failed to create BluetotQualityReport
04-02 15:17:58.871 E/BluetoothQualityReportNativeInterface( 4912): java.lang.IllegalArgumentException: BluetoothQualityReport.BqrCommon: BQR raw data length is abnormal.
04-02 15:17:58.871 E/BluetoothQualityReportNativeInterface( 4912): 	at android.bluetooth.BluetoothQualityReport$BqrCommon.<init>(BluetoothQualityReport.java:794)
04-02 15:17:58.871 E/BluetoothQualityReportNativeInterface( 4912): 	at android.bluetooth.BluetoothQualityReport$BqrCommon.<init>(Unknown Source:0)
04-02 15:17:58.871 E/BluetoothQualityReportNativeInterface( 4912): 	at android.bluetooth.BluetoothQualityReport.<init>(BluetoothQualityReport.java:284)
04-02 15:17:58.871 E/BluetoothQualityReportNativeInterface( 4912): 	at android.bluetooth.BluetoothQualityReport.<init>(Unknown Source:0)
04-02 15:17:58.871 E/BluetoothQualityReportNativeInterface( 4912): 	at android.bluetooth.BluetoothQualityReport$Builder.build(BluetoothQualityReport.java:728)
04-02 15:17:58.871 E/BluetoothQualityReportNativeInterface( 4912): 	at com.android.bluetooth.btservice.BluetoothQualityReportNativeInterface.bqrDeliver(BluetoothQualityReportNativeInterface.java:114)
04-02 15:17:58.907 I/vendor.qti.bluetooth@1.0-ibs_handler( 2342): ProcessIbsCmd: Received IBS_SLEEP_IND: 0xFE
04-02 15:17:58.907 D/vendor.qti.bluetooth@1.0-ibs_handler( 2342): SerialClockVote: vote for UART CLK OFF
04-02 15:17:58.958 D/gaia-GaiaConnectChecker( 9775): start connect check++
04-02 15:17:59.058 D/vendor.qti.bluetooth@1.0-wake_lock( 2342): Release wakelock is released 
04-02 15:17:59.132 W/OPLUS_LOG_LOAD( 4498): ==LOGS PROG INFO, prog(com.android.systemui) ==
04-02 15:17:59.132 D/ZenModeController( 4498): Added callback class com.oplus.systemui.qs.tiles.OplusDndTile$1
04-02 15:17:59.132 D/ControlsListingControllerImpl( 4498): Subscribing callback, service count: 1
04-02 15:17:59.135 V/OplusCustomizeCacheManager( 4498): queryCache name: cache_key.system_server.common_customize_cache18013 param: null
04-02 15:17:59.137 V/AudioServiceExtImpl( 3698): oplusGetParameters() keyValuePairs:OPLUS_AUDIO_GET_MUTE_PHONE, uid: 10225
04-02 15:17:59.138 V/OplusCustomizeCacheManager( 4498): queryCache name: cache_key.system_server.common_customize_cache18025 param: null
04-02 15:17:59.139 I/SystemUi--QuickSettings( 4498): Tile.OplusAirplaneModeTile-->handleUpdateState state.state: 1 airplaneMode: false
04-02 15:17:59.139 V/OplusCustomizeCacheManager( 4498): queryCache name: cache_key.system_server.common_customize_cache18026 param: null
04-02 15:17:59.139 D/LockSettingsService( 3698): [getStrongAuthForUser]  userId = 0
04-02 15:17:59.143 V/OplusCustomizeCacheManager( 4498): queryCache name: cache_key.system_server.common_customize_cache11011 param: null
04-02 15:17:59.150 V/OplusCustomizeCacheManager( 4498): queryCache name: cache_key.system_server.common_customize_cache11010 param: null
04-02 15:17:59.150 V/OplusCustomizeCacheManager( 4498): queryCache name: cache_key.system_server.common_customize_cache11011 param: null
04-02 15:17:59.155 V/OplusCustomizeCacheManager( 4498): queryCache name: cache_key.system_server.common_customize_cache11010 param: null
04-02 15:17:59.155 I/SystemUi--QuickSettings( 4498): OplusQSIconView-->updateIcon: iconView`s padding value = 0, icon spec = screenrecord
04-02 15:17:59.167 I/SDM     ( 2422): ClstcAlgorithmAdapter::UcscToneMap():1632 Checksum for layer 388 is: 711819
04-02 15:17:59.172 D/ControlsListingControllerImpl( 4498): Unsubscribing callback
04-02 15:17:59.172 D/ZenModeController( 4498): Removed callback class com.oplus.systemui.qs.tiles.OplusDndTile$1
04-02 15:17:59.180 I/vendor.qti.bluetooth@1.0-ibs_handler( 2342): ProcessIbsCmd: Received IBS_WAKE_IND: 0xFD
04-02 15:17:59.180 D/vendor.qti.bluetooth@1.0-ibs_handler( 2342): SerialClockVote: vote for UART CLK ON
04-02 15:17:59.181 D/vendor.qti.bluetooth@1.0-wake_lock( 2342): Acquire wakelock is acquired 
04-02 15:17:59.181 I/vendor.qti.bluetooth@1.0-ibs_handler( 2342): ProcessIbsCmd: Writing IBS_WAKE_ACK
04-02 15:17:59.223 I/vendor.qti.bluetooth@1.0-ibs_handler( 2342): ProcessIbsCmd: Received IBS_SLEEP_IND: 0xFE
04-02 15:17:59.223 D/vendor.qti.bluetooth@1.0-ibs_handler( 2342): SerialClockVote: vote for UART CLK OFF
04-02 15:17:59.246 I/SDM     ( 2422): ClstcAlgorithmAdapter::UcscToneMap():1632 Checksum for layer 1 is: 0
04-02 15:17:59.373 D/vendor.qti.bluetooth@1.0-wake_lock( 2342): Release wakelock is released 
04-02 15:17:59.566 D/osense.compress( 3698): com.android.chrome do shrink, target ratio = 90, final ratio = 90, cur ratio = 86
04-02 15:17:59.790 W/ServiceManagerCppClient( 2429): Waited one second for vendor.qti.qhcp.IQHDC/default (is service started? Number of threads started in the threadpool: 2. Are binder threads started and available?)
04-02 15:17:59.791 W/ServiceManagerCppClient( 3034): Waited one second for vendor.qti.qhcp.IQHDC/default (is service started? Number of threads started in the threadpool: 2. Are binder threads started and available?)
04-02 15:17:59.794 W/libc    ( 1257): Unable to set property "ctl.interface_start" to "aidl/vendor.qti.qhcp.IQHDC/default": PROP_ERROR_HANDLE_CONTROL_MESSAGE (0x20)
04-02 15:17:59.795 W/libc    ( 1257): Unable to set property "ctl.interface_start" to "aidl/vendor.qti.qhcp.IQHDC/default": PROP_ERROR_HANDLE_CONTROL_MESSAGE (0x20)
04-02 15:17:59.854 I/vendor.qti.bluetooth@1.0-ibs_handler( 2342): ProcessIbsCmd: Received IBS_WAKE_IND: 0xFD
04-02 15:17:59.854 D/vendor.qti.bluetooth@1.0-ibs_handler( 2342): SerialClockVote: vote for UART CLK ON
04-02 15:17:59.854 D/vendor.qti.bluetooth@1.0-wake_lock( 2342): Acquire wakelock is acquired 
04-02 15:17:59.854 I/vendor.qti.bluetooth@1.0-ibs_handler( 2342): ProcessIbsCmd: Writing IBS_WAKE_ACK
04-02 15:17:59.857 I/AppScanStats( 4912): BLE_SCAN_RESULT_RECEIVED[3]reportBleScanResults=300
04-02 15:17:59.907 I/vendor.qti.bluetooth@1.0-ibs_handler( 2342): ProcessIbsCmd: Received IBS_SLEEP_IND: 0xFE
04-02 15:17:59.907 D/vendor.qti.bluetooth@1.0-ibs_handler( 2342): SerialClockVote: vote for UART CLK OFF
04-02 15:18:00.000 I/SystemUi--SystemUi--( 4498): Clock-->smallTime: 15:18
04-02 15:18:00.001 I/SystemUi--SystemUi--( 4498): Clock-->smallTime: 15:18
04-02 15:18:00.001 I/SystemUi--SystemUi--( 4498): Clock-->smallTime: 15:18
04-02 15:18:00.001 V/AlarmManager( 3698): sending alarm Alarm{b49f476 type 3 origWhen 99329279 whenElapsed 99329279 android} uid 1000 whenElapsed 99329279 windowLength 0 maxWhenElapsed 99329279 repeatInterval 0 action null component null tag TIME_TICK flags 0x9 procName system_server
04-02 15:18:00.007 D/OplusDisplayBrightnessBroadcastReceiver( 3698): onReceive action = android.intent.action.TIME_TICK , listeners = [com.android.server.display.feature.ambience.events.event.TimeEvent$TimeChangeReceiver@d85fbe3, com.android.server.display.color.eyeprotect.manager.AiCurveManager$RhythmBroadcastReceiverWithUpgradeUI@95d99e0]
04-02 15:18:00.007 D/SubsysBroadcastManager( 4883): onReceive action:android.intent.action.TIME_TICK
04-02 15:18:00.012 D/PhoneUsageTime( 8064): lastChargeFullTime=1775123220006 LastChargeFullDurationTime=4291966880
04-02 15:18:00.012 I/SystemUi--Notification( 4498): SimpleQsClock-->textWidth:80.0, mPaddingEnd 16, dynamicWidth 112, systemFontScale 1.0
04-02 15:18:00.018 I/SystemUi--SystemUi--( 4498): Clock-->smallTime: 15:18
04-02 15:18:00.026 V/AlarmManager( 3698): sending alarm Alarm{b410713 type 1 origWhen 1775123280026 whenElapsed 99329305 android} uid 1000 whenElapsed 99329305 windowLength 0 maxWhenElapsed 99329305 repeatInterval 0 action null component null tag StorgaeBandInfoAlarmTag flags 0x9 procName system_server
04-02 15:18:00.026 E/OplusStorageUFSBandwidth( 3698): storage_io_metrics_path is /proc/oplus_storage/io_metrics/forever/
04-02 15:18:00.028 E/OplusStorageUFSBandwidth( 3698): Bandwidth - Read: 0.00 MB/s, Write: 0.00 MB/s
04-02 15:18:00.028 E/OplusStorageUFSBandwidth( 3698): Task time: 2ms
04-02 15:18:00.029 E/OplusStorageUFSBandwidth( 3698): Alarm set to trigger in 10 seconds
04-02 15:18:00.029 I/SDM     ( 2422): ClstcAlgorithmAdapter::UcscToneMap():1632 Checksum for layer 388 is: 711819
04-02 15:18:00.057 D/vendor.qti.bluetooth@1.0-wake_lock( 2342): Release wakelock is released 
04-02 15:18:00.126 I/SDM     ( 2422): ClstcAlgorithmAdapter::UcscToneMap():1632 Checksum for layer 1 is: 0
04-02 15:18:00.262 D/OplusFeatureGameBrightness( 3698): lux = 39
04-02 15:18:00.271 D/IpClient/wlan0( 4690): interfaceLinkStateChanged: ifindex 19 up
04-02 15:18:00.385 I/vendor.qti.bluetooth@1.0-ibs_handler( 2342): ProcessIbsCmd: Received IBS_WAKE_IND: 0xFD
04-02 15:18:00.385 D/vendor.qti.bluetooth@1.0-ibs_handler( 2342): SerialClockVote: vote for UART CLK ON
04-02 15:18:00.385 D/vendor.qti.bluetooth@1.0-wake_lock( 2342): Acquire wakelock is acquired 
04-02 15:18:00.385 I/vendor.qti.bluetooth@1.0-ibs_handler( 2342): ProcessIbsCmd: Writing IBS_WAKE_ACK
04-02 15:18:00.461 I/vendor.qti.bluetooth@1.0-ibs_handler( 2342): ProcessIbsCmd: Received IBS_SLEEP_IND: 0xFE
04-02 15:18:00.461 D/vendor.qti.bluetooth@1.0-ibs_handler( 2342): SerialClockVote: vote for UART CLK OFF
04-02 15:18:00.614 D/vendor.qti.bluetooth@1.0-wake_lock( 2342): Release wakelock is released 
04-02 15:18:00.793 W/ServiceManagerCppClient( 2429): Waited one second for vendor.qti.qhcp.IQHDC/default (is service started? Number of threads started in the threadpool: 2. Are binder threads started and available?)
04-02 15:18:00.794 W/ServiceManagerCppClient( 3034): Waited one second for vendor.qti.qhcp.IQHDC/default (is service started? Number of threads started in the threadpool: 2. Are binder threads started and available?)
04-02 15:18:00.797 W/libc    ( 1257): Unable to set property "ctl.interface_start" to "aidl/vendor.qti.qhcp.IQHDC/default": PROP_ERROR_HANDLE_CONTROL_MESSAGE (0x20)
04-02 15:18:00.798 W/libc    ( 1257): Unable to set property "ctl.interface_start" to "aidl/vendor.qti.qhcp.IQHDC/default": PROP_ERROR_HANDLE_CONTROL_MESSAGE (0x20)
04-02 15:18:00.993 D/VendorWifiService( 4883): onEvent event:9,action:1
04-02 15:18:01.001 D/ScorerUtils( 3698): isLowTraffic: txTputKBps=4, rxTputKBps=1
04-02 15:18:01.002 D/OplusWifiPower_TriggerCenter( 3698): mComponentCallback: wifistat
04-02 15:18:01.011 I/vendor.qti.bluetooth@1.0-ibs_handler( 2342): ProcessIbsCmd: Received IBS_WAKE_IND: 0xFD
04-02 15:18:01.011 D/vendor.qti.bluetooth@1.0-ibs_handler( 2342): SerialClockVote: vote for UART CLK ON
04-02 15:18:01.011 D/vendor.qti.bluetooth@1.0-wake_lock( 2342): Acquire wakelock is acquired 
04-02 15:18:01.011 I/vendor.qti.bluetooth@1.0-ibs_handler( 2342): ProcessIbsCmd: Writing IBS_WAKE_ACK
04-02 15:18:01.055 I/vendor.qti.bluetooth@1.0-ibs_handler( 2342): ProcessIbsCmd: Received IBS_SLEEP_IND: 0xFE
04-02 15:18:01.055 D/vendor.qti.bluetooth@1.0-ibs_handler( 2342): SerialClockVote: vote for UART CLK OFF
04-02 15:18:01.111 I/APS_ALOG(  788): flushRoutine g_immediateFlush=0 g_pendingCount=0 g_oobCount=0
04-02 15:18:01.177 D/gaia-GaiaConnectChecker( 9775): start connect check++
04-02 15:18:01.205 D/vendor.qti.bluetooth@1.0-wake_lock( 2342): Release wakelock is released 
04-02 15:18:01.573 I/vendor.qti.bluetooth@1.0-ibs_handler( 2342): ProcessIbsCmd: Received IBS_WAKE_IND: 0xFD
04-02 15:18:01.574 D/vendor.qti.bluetooth@1.0-ibs_handler( 2342): SerialClockVote: vote for UART CLK ON
04-02 15:18:01.574 D/vendor.qti.bluetooth@1.0-wake_lock( 2342): Acquire wakelock is acquired 
04-02 15:18:01.574 I/vendor.qti.bluetooth@1.0-ibs_handler( 2342): ProcessIbsCmd: Writing IBS_WAKE_ACK
04-02 15:18:01.617 I/vendor.qti.bluetooth@1.0-ibs_handler( 2342): ProcessIbsCmd: Received IBS_SLEEP_IND: 0xFE
04-02 15:18:01.617 D/vendor.qti.bluetooth@1.0-ibs_handler( 2342): SerialClockVote: vote for UART CLK OFF
04-02 15:18:01.768 D/vendor.qti.bluetooth@1.0-wake_lock( 2342): Release wakelock is released 
04-02 15:18:01.796 W/ServiceManagerCppClient( 2429): Waited one second for vendor.qti.qhcp.IQHDC/default (is service started? Number of threads started in the threadpool: 2. Are binder threads started and available?)
04-02 15:18:01.797 W/ServiceManagerCppClient( 3034): Waited one second for vendor.qti.qhcp.IQHDC/default (is service started? Number of threads started in the threadpool: 2. Are binder threads started and available?)
04-02 15:18:01.800 W/libc    ( 1257): Unable to set property "ctl.interface_start" to "aidl/vendor.qti.qhcp.IQHDC/default": PROP_ERROR_HANDLE_CONTROL_MESSAGE (0x20)
04-02 15:18:01.801 W/libc    ( 1257): Unable to set property "ctl.interface_start" to "aidl/vendor.qti.qhcp.IQHDC/default": PROP_ERROR_HANDLE_CONTROL_MESSAGE (0x20)
04-02 15:18:01.854 I/OplusCpuLimitManager( 3698): OplusCpuHighLoad: request instant cpu load
04-02 15:18:01.856 E/OsenseCommonUtils( 3698): write /dev/memcg/memory.force_shrink_file failed
04-02 15:18:01.856 E/OsenseCommonUtils( 3698): java.io.IOException: write failed: EBUSY (Device or resource busy)
04-02 15:18:01.856 E/OsenseCommonUtils( 3698): 	at libcore.io.IoBridge.write(IoBridge.java:651)
04-02 15:18:01.856 E/OsenseCommonUtils( 3698): 	at java.io.FileOutputStream.write(FileOutputStream.java:436)
04-02 15:18:01.856 E/OsenseCommonUtils( 3698): 	at sun.nio.cs.StreamEncoder.writeBytes(StreamEncoder.java:233)
04-02 15:18:01.856 E/OsenseCommonUtils( 3698): 	at sun.nio.cs.StreamEncoder.implFlushBuffer(StreamEncoder.java:309)
04-02 15:18:01.856 E/OsenseCommonUtils( 3698): 	at sun.nio.cs.StreamEncoder.implFlush(StreamEncoder.java:313)
04-02 15:18:01.856 E/OsenseCommonUtils( 3698): 	at sun.nio.cs.StreamEncoder.flush(StreamEncoder.java:153)
04-02 15:18:01.856 E/OsenseCommonUtils( 3698): 	at java.io.OutputStreamWriter.flush(OutputStreamWriter.java:248)
04-02 15:18:01.856 E/OsenseCommonUtils( 3698): 	at com.android.server.oplus.osense.utils.OsenseCommonUtils.writeFile(OsenseCommonUtils.java:154)
04-02 15:18:01.856 E/OsenseCommonUtils( 3698): 	at com.android.server.am.OplusOsenseCompressAction.doGlobalShrink(OplusOsenseCompressAction.java:1887)
04-02 15:18:01.856 E/OsenseCommonUtils( 3698): 	at com.android.server.am.OplusOsenseCompressAction.-$$Nest$mdoGlobalShrink(Unknown Source:0)
04-02 15:18:01.856 E/OsenseCommonUtils( 3698): 	at com.android.server.am.OplusOsenseCompressAction$CompressHandler.handleMessage(OplusOsenseCompressAction.java:1335)
04-02 15:18:01.856 E/OsenseCommonUtils( 3698): 	at android.os.Handler.dispatchMessage(Handler.java:115)
04-02 15:18:01.856 E/OsenseCommonUtils( 3698): 	at android.os.Looper.loopOnce(Looper.java:302)
04-02 15:18:01.856 E/OsenseCommonUtils( 3698): 	at android.os.Looper.loop(Looper.java:412)
04-02 15:18:01.856 E/OsenseCommonUtils( 3698): 	at android.os.HandlerThread.run(HandlerThread.java:85)
04-02 15:18:01.856 E/OsenseCommonUtils( 3698): Caused by: android.system.ErrnoException: write failed: EBUSY (Device or resource busy)
04-02 15:18:01.856 E/OsenseCommonUtils( 3698): 	at libcore.io.Linux.writeBytes(Native Method)
04-02 15:18:01.856 E/OsenseCommonUtils( 3698): 	at libcore.io.Linux.write(Linux.java:338)
04-02 15:18:01.856 E/OsenseCommonUtils( 3698): 	at libcore.io.ForwardingOs.write(ForwardingOs.java:954)
04-02 15:18:01.856 E/OsenseCommonUtils( 3698): 	at libcore.io.BlockGuardOs.write(BlockGuardOs.java:448)
04-02 15:18:01.856 E/OsenseCommonUtils( 3698): 	at libcore.io.IoBridge.write(IoBridge.java:646)
04-02 15:18:01.856 E/OsenseCommonUtils( 3698): 	... 14 more
04-02 15:18:01.856 I/OplusCpuLimitManager( 3698): OplusCpuHighLoad: release instant cpu load
04-02 15:18:02.028 V/AlarmManager( 3698): sending alarm Alarm{42caf5a type 1 origWhen 1775123282028 whenElapsed 99331307 android} uid 1000 whenElapsed 99331307 windowLength 0 maxWhenElapsed 99331307 repeatInterval 0 action null component null tag StorgaeBandInfoAlarmTag flags 0x9 procName system_server
04-02 15:18:02.029 E/OplusStorageUFSBandwidth( 3698): storage_io_metrics_path is /proc/oplus_storage/io_metrics/forever/
04-02 15:18:02.031 E/OplusStorageUFSBandwidth( 3698): Bandwidth - Read: 0.50 MB/s, Write: 0.00 MB/s
04-02 15:18:02.031 E/OplusStorageUFSBandwidth( 3698): Task time: 2ms
04-02 15:18:02.032 E/OplusStorageUFSBandwidth( 3698): Alarm set to trigger in 10 seconds
04-02 15:18:02.271 I/vendor.qti.bluetooth@1.0-ibs_handler( 2342): ProcessIbsCmd: Received IBS_WAKE_IND: 0xFD
04-02 15:18:02.271 D/vendor.qti.bluetooth@1.0-ibs_handler( 2342): SerialClockVote: vote for UART CLK ON
04-02 15:18:02.271 D/vendor.qti.bluetooth@1.0-wake_lock( 2342): Acquire wakelock is acquired 
04-02 15:18:02.271 I/vendor.qti.bluetooth@1.0-ibs_handler( 2342): ProcessIbsCmd: Writing IBS_WAKE_ACK
04-02 15:18:02.312 I/vendor.qti.bluetooth@1.0-ibs_handler( 2342): ProcessIbsCmd: Received IBS_SLEEP_IND: 0xFE
04-02 15:18:02.312 D/vendor.qti.bluetooth@1.0-ibs_handler( 2342): SerialClockVote: vote for UART CLK OFF
04-02 15:18:02.463 D/vendor.qti.bluetooth@1.0-wake_lock( 2342): Release wakelock is released 
04-02 15:18:02.716 I/discovery::core::moni..(10095): DiscMonitor: [trace_id=58632959510]DiscoveryComponentStatus { adaptive_sdp_client_status: Some("{\"0\":\"0.0.0.0\",\"1\":null}"), adaptive_sdp_server_status: None, network_interface_states: Some({}) }
04-02 15:18:02.767 I/vendor.qti.bluetooth@1.0-ibs_handler( 2342): ProcessIbsCmd: Received IBS_WAKE_IND: 0xFD
04-02 15:18:02.767 D/vendor.qti.bluetooth@1.0-ibs_handler( 2342): SerialClockVote: vote for UART CLK ON
04-02 15:18:02.767 D/vendor.qti.bluetooth@1.0-wake_lock( 2342): Acquire wakelock is acquired 
04-02 15:18:02.767 I/vendor.qti.bluetooth@1.0-ibs_handler( 2342): ProcessIbsCmd: Writing IBS_WAKE_ACK
04-02 15:18:02.799 W/ServiceManagerCppClient( 2429): Waited one second for vendor.qti.qhcp.IQHDC/default (is service started? Number of threads started in the threadpool: 2. Are binder threads started and available?)
04-02 15:18:02.800 W/ServiceManagerCppClient( 3034): Waited one second for vendor.qti.qhcp.IQHDC/default (is service started? Number of threads started in the threadpool: 2. Are binder threads started and available?)
04-02 15:18:02.802 W/libc    ( 1257): Unable to set property "ctl.interface_start" to "aidl/vendor.qti.qhcp.IQHDC/default": PROP_ERROR_HANDLE_CONTROL_MESSAGE (0x20)
04-02 15:18:02.803 W/libc    ( 1257): Unable to set property "ctl.interface_start" to "aidl/vendor.qti.qhcp.IQHDC/default": PROP_ERROR_HANDLE_CONTROL_MESSAGE (0x20)
04-02 15:18:02.824 I/vendor.qti.bluetooth@1.0-ibs_handler( 2342): ProcessIbsCmd: Received IBS_SLEEP_IND: 0xFE
04-02 15:18:02.824 D/vendor.qti.bluetooth@1.0-ibs_handler( 2342): SerialClockVote: vote for UART CLK OFF
04-02 15:18:02.855 D/ShellSubscriberWorkerThread(11637): the first 8 bytes empty, and RestData length > 8 
04-02 15:18:02.974 D/vendor.qti.bluetooth@1.0-wake_lock( 2342): Release wakelock is released 
04-02 15:18:03.030 D/osense.compress( 3698): com.android.vending do shrink, target ratio = 37, final ratio = 40, cur ratio = 32
04-02 15:18:03.342 D/vendor.oplus.hardware.charger-V10-service( 2490): ret_value:125, read content:,317,317,3817,3817,-812,27,27,1,3,0,1191,4588,27,1,4490,1600,1500,0,0,-22,-19,0,1,0,2,0,0,0,1,0,100,0,3141,11731,0,0,0,0,0,0
04-02 15:18:03.342 D/vendor.oplus.hardware.charger-V10-service( 2490): gmtime: 2026-04-02-15-18-03
04-02 15:18:03.342 D/vendor.oplus.hardware.charger-V10-service( 2490): usb_online:1, ac_online:-2147483648, wireless_online:-2147483648
04-02 15:18:03.384 I/vendor.qti.bluetooth@1.0-ibs_handler( 2342): ProcessIbsCmd: Received IBS_WAKE_IND: 0xFD
04-02 15:18:03.384 D/vendor.qti.bluetooth@1.0-ibs_handler( 2342): SerialClockVote: vote for UART CLK ON
04-02 15:18:03.384 D/vendor.qti.bluetooth@1.0-wake_lock( 2342): Acquire wakelock is acquired 
04-02 15:18:03.384 I/vendor.qti.bluetooth@1.0-ibs_handler( 2342): ProcessIbsCmd: Writing IBS_WAKE_ACK
04-02 15:18:03.425 I/vendor.qti.bluetooth@1.0-ibs_handler( 2342): ProcessIbsCmd: Received IBS_SLEEP_IND: 0xFE
04-02 15:18:03.425 D/vendor.qti.bluetooth@1.0-ibs_handler( 2342): SerialClockVote: vote for UART CLK OFF
04-02 15:18:03.576 D/vendor.qti.bluetooth@1.0-wake_lock( 2342): Release wakelock is released 
04-02 15:18:03.802 W/ServiceManagerCppClient( 2429): Waited one second for vendor.qti.qhcp.IQHDC/default (is service started? Number of threads started in the threadpool: 2. Are binder threads started and available?)
04-02 15:18:03.803 W/ServiceManagerCppClient( 3034): Waited one second for vendor.qti.qhcp.IQHDC/default (is service started? Number of threads started in the threadpool: 2. Are binder threads started and available?)
04-02 15:18:03.806 W/libc    ( 1257): Unable to set property "ctl.interface_start" to "aidl/vendor.qti.qhcp.IQHDC/default": PROP_ERROR_HANDLE_CONTROL_MESSAGE (0x20)
04-02 15:18:03.807 W/libc    ( 1257): Unable to set property "ctl.interface_start" to "aidl/vendor.qti.qhcp.IQHDC/default": PROP_ERROR_HANDLE_CONTROL_MESSAGE (0x20)
04-02 15:18:03.932 E/midasd  ( 6250): getTotalFlipsFromSf mCurFrameCount: 35156
04-02 15:18:03.933 I/midasd  ( 6250): DisplayAgent updateDisplayDevInfo getRenderFps mFps:50 mRenderFps:2 mWidth:3392 mHeight:2400
04-02 15:18:03.952 E/libEGL  ( 7399): No entry found in platform lookup table for eglSurfaceAttribMTK
04-02 15:18:03.952 D/ExtensionsLoader( 7399): createInstance(64bit) : createExtendedFactory
04-02 15:18:03.952 D/ExtensionsLoader( 7399): Opened libguiextimpl.so
04-02 15:18:03.965 D/OplusUtils( 7399): OplusUtils [84]: 
04-02 15:18:03.967 E/app_process( 7399): createInstance(64bit) : createExtendedFactory
04-02 15:18:03.967 E/app_process( 7399): createInstance(64bit) : createExtendedFactory
04-02 15:18:03.967 E/app_process( 7399): Opened libinputextensionsimpl.so
04-02 15:18:03.967 E/app_process( 7399): Opened libinputextensionsimpl.so
04-02 15:18:03.969 D/AndroidRuntime( 7399): >>>>>> START com.android.internal.os.RuntimeInit uid 2000 <<<<<<
04-02 15:18:03.972 I/AndroidRuntime( 7399): Using default boot image
04-02 15:18:03.972 I/AndroidRuntime( 7399): Leaving lock profiling enabled
04-02 15:18:03.973 I/app_process( 7399): Using CollectorTypeCMC GC.
04-02 15:18:04.018 D/VendorWifiService( 4883): onEvent event:9,action:1
04-02 15:18:04.026 D/ScorerUtils( 3698): isLowTraffic: txTputKBps=0, rxTputKBps=0
04-02 15:18:04.026 D/nativeloader( 7399): InitDefaultPublicLibraries for_preload=1: libandroid.so:libaaudio.so:libamidi.so:libbinder_ndk.so:libc.so:libcamera2ndk.so:libdl.so:libEGL.so:libGLESv1_CM.so:libGLESv2.so:libGLESv3.so:libicu.so:libicui18n.so:libicuuc.so:libjnigraphics.so:liblog.so:libmediandk.so:libm.so:libnativehelper.so:libnativewindow.so:libOpenMAXAL.so:libOpenSLES.so:libRS.so:libstdc++.so:libsync.so:libvulkan.so:libwebviewchromium_plat_support.so:libz.so
04-02 15:18:04.026 D/OplusWifiPower_TriggerCenter( 3698): mComponentCallback: wifistat
04-02 15:18:04.031 V/AlarmManager( 3698): sending alarm Alarm{a543a81 type 1 origWhen 1775123284031 whenElapsed 99333310 android} uid 1000 whenElapsed 99333310 windowLength 0 maxWhenElapsed 99333310 repeatInterval 0 action null component null tag StorgaeBandInfoAlarmTag flags 0x9 procName system_server
04-02 15:18:04.031 E/OplusStorageUFSBandwidth( 3698): storage_io_metrics_path is /proc/oplus_storage/io_metrics/forever/
04-02 15:18:04.032 E/OplusStorageUFSBandwidth( 3698): Bandwidth - Read: 3.00 MB/s, Write: 0.00 MB/s
04-02 15:18:04.032 E/OplusStorageUFSBandwidth( 3698): Task time: 1ms
04-02 15:18:04.033 D/nativeloader( 7399): Load libicu_jni.so using APEX ns com_android_art for caller /apex/com.android.art/javalib/core-oj.jar: ok
04-02 15:18:04.033 D/app_process( 7399): u_setTimeZoneFilesDirectory("/apex/com.android.tzdata/etc/tz/versioned/9/icu") succeeded. 
04-02 15:18:04.033 D/app_process( 7399): I18n APEX ICU file found: /apex/com.android.i18n/etc/icu/icudt76l.dat
04-02 15:18:04.034 D/nativeloader( 7399): Load libjavacore.so using APEX ns com_android_art for caller /apex/com.android.art/javalib/core-oj.jar: ok
04-02 15:18:04.034 D/nativeloader( 7399): Load libopenjdk.so using APEX ns com_android_art for caller /apex/com.android.art/javalib/core-oj.jar: ok
04-02 15:18:04.035 E/OplusStorageUFSBandwidth( 3698): Alarm set to trigger in 10 seconds
04-02 15:18:04.035 I/app_process( 7399): Priority-to-niceness mapping: 19, 16, 13, 10, 0, -2, -4, -5, -6, -8
04-02 15:18:04.039 D/ExtLoader( 7399): DEFAULT_DEBUG_DUMMY=false, DEFAULT_DEBUG_CREATE=false
04-02 15:18:04.047 W/libc    ( 7399): Access denied finding property "ro.vendor.mtk.hbt_binfmt_misc_support"
04-02 15:18:04.047 W/libc    ( 7399): Access denied finding property "ro.vendor.mtk.app32_boost_support"
04-02 15:18:04.047 W/libc    ( 7399): Access denied finding property "ro.vendor.oplus.tango_binfmt_misc_support"
04-02 15:18:04.047 W/libc    ( 7399): Access denied finding property "ro.vendor.oplus.otranslator_64only_chip"
04-02 15:18:04.047 W/libc    ( 7399): Access denied finding property "ro.vendor.oplus.app32_boost_support"
04-02 15:18:04.047 E/ZygoteProcess( 7399): zygote_c init failed for zygote_c.enable property
04-02 15:18:04.047 W/libc    ( 7399): Access denied finding property "ro.vendor.mtk.app32_boost_support"
04-02 15:18:04.047 I/SDM     ( 2422): ClstcAlgorithmAdapter::UcscToneMap():1632 Checksum for layer 388 is: 711819
04-02 15:18:04.047 D/nativeloader( 7399): Load libonetrace_jni.so using system ns (caller=/system/framework/oplus-framework.jar): ok
04-02 15:18:04.047 D/OplusTrace( 7399): register_android_os_OplusTrace
04-02 15:18:04.052 D/nativeloader( 7399): Load libframework-connectivity-tiramisu-jni.so using APEX ns com_android_tethering for caller /apex/com.android.tethering/javalib/framework-connectivity-t.jar: ok
04-02 15:18:04.052 D/AndroidRuntime( 7399): Calling main entry com.android.commands.monkey.Monkey
04-02 15:18:04.053 D/nativeloader( 7399): Load /system/lib64/libmonkey_jni.so using ns default for caller /system/framework/monkey.jar in same partition (is_bridged=0): ok
04-02 15:18:04.054 W/Monkey  ( 7399): args: [-p, com.example.noarkgames, -c, android.intent.category.LAUNCHER, 1]
04-02 15:18:04.054 W/PlatformAconfigPackage( 7399): android.os.flagging.AconfigStorageReadException: ERROR_CANNOT_READ_STORAGE_FILE: Fail to mmap storage
04-02 15:18:04.055 I/AconfigPackage( 7399): com.android.tethering.mainline.beta is mapped to com.android.tethering
04-02 15:18:04.055 I/AconfigPackage( 7399): android.net.http is mapped to com.android.tethering
04-02 15:18:04.055 I/AconfigPackage( 7399): com.android.tethering.readonly.flags is mapped to com.android.tethering
04-02 15:18:04.055 I/AconfigPackage( 7399): android.net.vcn is mapped to com.android.tethering
04-02 15:18:04.055 I/AconfigPackage( 7399): com.android.net.flags is mapped to com.android.tethering
04-02 15:18:04.055 I/AconfigPackage( 7399): com.android.tethering.flags is mapped to com.android.tethering
04-02 15:18:04.055 I/AconfigPackage( 7399): com.android.tethering.beta.test is mapped to com.android.tethering
04-02 15:18:04.055 I/AconfigPackage( 7399): com.android.nearby.flags is mapped to com.android.tethering
04-02 15:18:04.055 I/AconfigPackage( 7399): com.android.net.thread.flags is mapped to com.android.tethering
04-02 15:18:04.055 I/AconfigPackage( 7399): com.android.net.ct.flags is mapped to com.android.tethering
04-02 15:18:04.055 I/AconfigPackage( 7399): android.provider.flags is mapped to com.android.configinfrastructure
04-02 15:18:04.055 I/AconfigPackage( 7399): com.android.server.deviceconfig is mapped to com.android.configinfrastructure
04-02 15:18:04.055 I/AconfigPackage( 7399): com.android.ipsec.flags is mapped to com.android.ipsec
04-02 15:18:04.055 I/AconfigPackage( 7399): com.android.wifi.flags is mapped to com.android.wifi
04-02 15:18:04.055 I/AconfigPackage( 7399): com.android.uwb.flags is mapped to com.android.uwb
04-02 15:18:04.055 I/AconfigPackage( 7399): com.android.ranging.flags is mapped to com.android.uwb
04-02 15:18:04.055 I/AconfigPackage( 7399): android.graphics.pdf.flags is mapped to com.android.mediaprovider
04-02 15:18:04.055 I/AconfigPackage( 7399): com.android.providers.media.flags is mapped to com.android.mediaprovider
04-02 15:18:04.055 I/AconfigPackage( 7399): android.graphics.pdf.flags.readonly is mapped to com.android.mediaprovider
04-02 15:18:04.055 I/AconfigPackage( 7399): com.android.permission.flags is mapped to com.android.permission
04-02 15:18:04.055 I/AconfigPackage( 7399): com.android.permissioncontroller.flags is mapped to com.android.permission
04-02 15:18:04.055 I/AconfigPackage( 7399): com.android.healthfitness.flags is mapped to com.android.healthfitness
04-02 15:18:04.055 I/AconfigPackage( 7399): com.android.os.statsd.flags is mapped to com.android.os.statsd
04-02 15:18:04.055 I/AconfigPackage( 7399): com.android.rkpd.flags is mapped to com.android.rkpd
04-02 15:18:04.055 I/AconfigPackage( 7399): com.android.adservices.flags is mapped to com.android.adservices
04-02 15:18:04.055 I/AconfigPackage( 7399): com.android.sdksandbox.flags is mapped to com.android.adservices
04-02 15:18:04.055 I/AconfigPackage( 7399): com.android.org.conscrypt.flags is mapped to com.android.conscrypt
04-02 15:18:04.055 I/AconfigPackage( 7399): com.android.org.conscrypt.net.flags is mapped to com.android.conscrypt
04-02 15:18:04.055 I/AconfigPackage( 7399): com.android.appsearch.flags is mapped to com.android.appsearch
04-02 15:18:04.055 I/AconfigPackage( 7399): android.media.swcodec.flags is mapped to com.android.media.swcodec
04-02 15:18:04.055 I/AconfigPackage( 7399): com.android.cellbroadcastreceiver.flags is mapped to com.android.cellbroadcast
04-02 15:18:04.055 I/AconfigPackage( 7399): com.android.media.extractor.flags is mapped to com.android.media
04-02 15:18:04.055 I/AconfigPackage( 7399): com.android.media.mainline.flags is mapped to com.android.media
04-02 15:18:04.055 I/AconfigPackage( 7399): com.android.adservices.ondevicepersonalization.flags is mapped to com.android.ondevicepersonalization
04-02 15:18:04.055 I/AconfigPackage( 7399): com.android.art.flags is mapped to com.android.art
04-02 15:18:04.055 I/AconfigPackage( 7399): com.android.art.rw.flags is mapped to com.android.art
04-02 15:18:04.055 I/AconfigPackage( 7399): com.android.libcore is mapped to com.android.art
04-02 15:18:04.055 I/AconfigPackage( 7399): com.android.system.virtualmachine.flags is mapped to com.android.virt
04-02 15:18:04.055 I/AconfigPackage( 7399): com.android.devicelock.flags is mapped to com.android.devicelock
04-02 15:18:04.055 I/AconfigPackage( 7399): android.uprobestats.mainline.flags is mapped to com.android.uprobestats
04-02 15:18:04.056 I/AconfigPackage( 7399): android.os.profiling is mapped to com.android.profiling
04-02 15:18:04.056 I/AconfigPackage( 7399): com.android.icu is mapped to com.android.i18n
04-02 15:18:04.056 I/AconfigPackage( 7399): com.android.adbd.flags is mapped to com.android.adbd
04-02 15:18:04.056 E/FeatureFlagsImplExport( 7399): android.os.flagging.AconfigStorageReadException: ERROR_PACKAGE_NOT_FOUND: package android.xr cannot be found on the device
04-02 15:18:04.057 W/libc    ( 7399): Access denied finding property "qemu.sf.lcd_density"
04-02 15:18:04.057 W/libc    ( 7399): Access denied finding property "qemu.sf.lcd_density"
04-02 15:18:04.058 W/Monkey  ( 7399):  arg: "-p"
04-02 15:18:04.058 W/Monkey  ( 7399):  arg: "com.example.noarkgames"
04-02 15:18:04.058 W/Monkey  ( 7399):  arg: "-c"
04-02 15:18:04.058 W/Monkey  ( 7399):  arg: "android.intent.category.LAUNCHER"
04-02 15:18:04.058 W/Monkey  ( 7399):  arg: "1"
04-02 15:18:04.058 W/Monkey  ( 7399): data="com.example.noarkgames"
04-02 15:18:04.058 W/Monkey  ( 7399): data="android.intent.category.LAUNCHER"
04-02 15:18:04.063 W/ActivityTaskManager( 3698): controller : android.app.IActivityController$Stub$Proxy@33baf67, callingPid : 7399
04-02 15:18:04.063 W/ActivityManager( 3698): registerReceiverWithFeature: no app for null
04-02 15:18:04.063 I/vendor.qti.bluetooth@1.0-ibs_handler( 2342): ProcessIbsCmd: Received IBS_WAKE_IND: 0xFD
04-02 15:18:04.064 D/vendor.qti.bluetooth@1.0-ibs_handler( 2342): SerialClockVote: vote for UART CLK ON
04-02 15:18:04.064 D/vendor.qti.bluetooth@1.0-wake_lock( 2342): Acquire wakelock is acquired 
04-02 15:18:04.064 I/vendor.qti.bluetooth@1.0-ibs_handler( 2342): ProcessIbsCmd: Writing IBS_WAKE_ACK
04-02 15:18:04.067 W/ActivityTaskManager( 3698): callingPackage for (uid=2000, pid=7399) has no WPC
04-02 15:18:04.067 I/[UAH_CLIENT]( 3698): UahEventAcquire, cmdid:2, pkg:none, identity:com.android.server.wm
04-02 15:18:04.067 D/CompatChangeReporter( 3698): Compat change id reported: 151861875; UID 10333; state: ENABLED
04-02 15:18:04.067 D/KeyLayoutMap( 3698): Generated sysDefIdcPath input device configuration file: sysDefIdcPath='/system_ext/oplus/idc/Vendor_18d1_Product_0001_Version_0001.idc'
04-02 15:18:04.067 W/KeyLayoutMap( 3698): Probe failed to find input device configuration file: name='Vendor_18d1_Product_0001_Version_0001', type=0
04-02 15:18:04.067 D/KeyLayoutMap( 3698): Generated sysDefIdcPath input device configuration file: sysDefIdcPath='/system_ext/oplus/idc/Vendor_18d1_Product_0001.idc'
04-02 15:18:04.067 W/KeyLayoutMap( 3698): Probe failed to find input device configuration file: name='Vendor_18d1_Product_0001', type=0
04-02 15:18:04.067 D/KeyLayoutMap( 3698): Generated sysDefIdcPath input device configuration file: sysDefIdcPath='/system_ext/oplus/idc/Monkey_touch.idc'
04-02 15:18:04.067 W/KeyLayoutMap( 3698): Probe failed to find input device configuration file: name='Monkey_touch', type=0
04-02 15:18:04.067 D/EventHub( 3698): No input device configuration file found for device 'Monkey touch'.
04-02 15:18:04.068 I/system_server( 3698): AssetManager2(0xb400006feb1b6e28) locale list changing from [] to [en-GB]
04-02 15:18:04.068 D/WindowManager( 3698): NFW_setClientVisible:ActivityRecord{104787216 u0 com.example.noarkgames/com.godot.game.GodotAppLauncher clientVisible:true
04-02 15:18:04.068 V/GrammaticalInflectionUtils( 3698): AttributionSource: android.content.AttributionSource@588e40ab does not have READ_SYSTEM_GRAMMATICAL_GENDER permission.
04-02 15:18:04.068 D/OplusCompatModeManagerService( 3698): getRequestedConfigurationOrientation  res:2,req:0,config.old:0,config.new:0,ActivityRecord{104787216 u0 com.example.noarkgames/com.godot.game.GodotAppLauncher t-1}
04-02 15:18:04.068 D/OplusCompatModeManagerService( 3698): isGamePkg pkg:com.example.noarkgames gameFg:true
04-02 15:18:04.068 D/OplusCompatModeManagerService( 3698):  onPreActivityRecordConfigurationChanged {0.0 ?mcc??mnc ?localeList ?layoutDir ?swdp ?wdp ?hdp ?density ?lsize ?long ?ldr ?wideColorGamut ?orien ?uimode ?night ?touch ?keyb/?/? ?nav/? winConfig={ mBounds=Rect(0, 0 - 0, 0) mAppBounds=null mMaxBounds=Rect(0, 0 - 0, 0) mDisplayRotation=undefined mWindowingMode=undefined mActivityType=undefined mAlwaysOnTop=undefined mRotation=undefined} ?fontWeightAdjustmentmThemeChanged= 0, mThemeChangedFlags= 0, mFlipFont= 0, mScenario= -1, mAccessibleChanged= 0, mUxIconConfig= 0, mMaterialColor= ffffffffffffffff, mUserId= -1, mFontUserId= -1, mFontVariationSettings= ffffffff, mFoldingAngle = -1.0, mIconPackName= , mDarkModeBackgroundMaxL= -1.0, mDarkModeDialogBgMaxL= -1.0, mDarkModeForegroundMinL= -1.0, mOplusConfigType= 0, mOplusChangedConfigs= 0, OpSans= -1, mBurmeseFontFlag= -1, mFlag= 0, mExtraFlag= 0, mFlexibleActivitySuitable= -1, mPuttDisplayFlag= -1}
04-02 15:18:04.068 D/OplusCompatModeManagerService( 3698):  disable:true,valid:false,computeReq:2,isGameRatio:false
04-02 15:18:04.068 D/OplusCompatModeManagerService( 3698):  getOverrideMinAspectRatioForCompatMode: 0.0 getRawOverrideMinAspectRatioForCompatMode: 0.0
04-02 15:18:04.068 D/OplusCompatModeManagerService( 3698):  ar : ActivityRecord{104787216 u0 com.example.noarkgames/com.godot.game.GodotAppLauncher t-1} displayId:-1 inCompatMode: false
04-02 15:18:04.068 D/OplusCompatModeManagerService( 3698): isDefaultDisplay true oldRect: Rect(0, 0 - 0, 0) newRect Rect(0, 0 - 0, 0)
04-02 15:18:04.068 D/OplusCompatModeManagerService( 3698): reloadCompactRatio mParWorldContainer.isEnabledParallelWindow(pkg):false,mParWorldContainer.isDisabledCompactWindow:true,isUIAutoLayout:false, isFullOrientation: false
04-02 15:18:04.069 D/FlexibleTaskController( 3698): isSupportFlexibleWindow target = com.example.noarkgames/com.godot.game.GodotApp callPkg = FlexibleTaskController support = true ,caller = 3698
04-02 15:18:04.069 D/ActivityStarterExtImpl( 3698): do not intercept for realCallingAppIsSystemApp or CallingAppIsSystemApp
04-02 15:18:04.069 E/QosSceneRecognizer[ActivityStartScene]( 3698): notifyActivityStart get launchedFromUid failed through AppManager! launchedFromPackage: com.android.shell, pkg: com.example.noarkgames
04-02 15:18:04.069 D/FlexibleWindowManagerService( 3698): isIgnoreAppearedAcrossTask:false
04-02 15:18:04.069 D/FlexibleWindowManagerService( 3698): isIgnoreAppearedAcrossTask:false
04-02 15:18:04.069 D/FlexibleTaskController( 3698): findSourceTaskForFreeForm: sourceRecord = null ,realCallingPid:7399 ,launchFromZoomMode:false ,prevTopTask:Task{832524e #5 type=undefined I=com.android.launcher/.Launcher}
04-02 15:18:04.069 D/FlexibleTaskController( 3698): findSourceTaskForFreeForm: the caller is not a flexible freeform window application and does not have a zoom windowMode startup parameter
04-02 15:18:04.069 D/FlexibleTaskController( 3698): adjustOptionsForFlexibleTask not allow options follow process task's options, reason:9 ,reusedOptions:null
04-02 15:18:04.069 D/FlexibleTaskController( 3698): isSupportFlexibleWindow target = com.example.noarkgames/com.godot.game.GodotApp callPkg = FlexibleTaskController support = true ,caller = 3698
04-02 15:18:04.069 D/FlexibleWindowManagerService( 3698): no reused task found for ActivityRecord{104787216 u0 com.example.noarkgames/com.godot.game.GodotAppLauncher t-1}
04-02 15:18:04.070 I/EventHub( 3698): usingClockIoctl=true
04-02 15:18:04.070 I/EventHub( 3698): New device: id=15, fd=949, path='/dev/input/event11', name='Monkey touch', classes=TOUCH | TOUCH_MT, configuration='', keyLayout='', keyCharacterMap='', builtinKeyboard=false, 
04-02 15:18:04.071 I/OplusInputReader( 3698): setNeedMergeTouchEvent mPendingMergeEnable=0 enabled=0
04-02 15:18:04.071 I/InputReader( 3698): Device reconfigured: id=13, name='Monkey touch', size 2400x3392, orientation Rotation0, mode DIRECT, display id 0
04-02 15:18:04.071 I/OplusInputReader( 3698): setNeedMergeTouchEvent mPendingMergeEnable=0 enabled=0
04-02 15:18:04.071 D/OplusCompatModeManagerService( 3698): getRequestedConfigurationOrientation  res:2,req:0,config.old:0,config.new:2,ActivityRecord{104787216 u0 com.example.noarkgames/com.godot.game.GodotAppLauncher t921}
04-02 15:18:04.071 D/OplusCompatModeManagerService( 3698): isGamePkg pkg:com.example.noarkgames gameFg:true
04-02 15:18:04.071 D/OplusCompatModeManagerService( 3698): isGamePkg pkg:com.example.noarkgames gameFg:true
