04-02 14:32:18.895 W/libc    ( 2403): Access denied finding property "com.oplus.camera.aecCustom.m_manualSnesorStateEnablevalue"
04-02 14:32:18.895 E/3AManager( 2403): [cam1/req-1][camAlgoBase.cpp:257 occeDataInterfaceCreat()] already creat g_pOCCEDataInterface[1] intance 0xb4000075f9727480, instance count 3
04-02 14:32:18.895 E/ALGO_AEC( 2403): [cam1/req-1][caecinterfacehandler.cpp:198 Initialize()] run AECInterfaceHandler V3
04-02 14:32:18.895 I/SystemUi--Notification( 4498): PanelAnimationEx-->blurFactionAnimation onAnimationEnd, value=0.63263804 blurFraction=0.0 false
04-02 14:32:18.895 I/SystemUi--Notification( 4498): PanelAnimationEx-->updateFraction, springAnimation skipToEnd, fraction=0.63263804
04-02 14:32:18.895 I/MVG     ( 2403): lib_motion_detection.cpp:65 lib_engine_create() libVerion:LibMot-1-1-1-0
04-02 14:32:18.895 I/MVG     ( 2403): Copyright (c) 2020, MVG. All rights reserved.
04-02 14:32:18.895 I/MVG     ( 2403): 
04-02 14:32:18.895 I/MVG     ( 2403): 
04-02 14:32:18.895 I/MVG     ( 2403): engine_motion_detection.cpp:864 engine_create() engine_create returned 0
04-02 14:32:18.895 I/SystemUi--QuickSettings( 4498): NotificationPanelView-->onTrackingStopped-expand:false reason endMotionEvent
04-02 14:32:18.895 I/LibHIS  ( 2403): DevisEngineCreate returned 0
04-02 14:32:18.895 I/LibHIS  ( 2403): renderEngine will not be creat!
04-02 14:32:18.895 I/LibHIS  ( 2403): DeVIS configured in real-time mode
04-02 14:32:18.895 I/LibHIS  ( 2403): Input frame size: 1440x1080. Output frame size: 1440x1080.
04-02 14:32:18.895 I/LibHIS  ( 2403): EngineCreate returned 0.engine=0xb4000075f2154800
04-02 14:32:18.895 E/ALGO_AEC( 2403): [cam1/req-1][aecCustomCtrl.cpp:1953 GetAlgoParam()] [role/0]Lib work state: init, cannot get algo param
04-02 14:32:18.895 I/SystemUi--Common( 4498): LevelPositionAlgorithmImpl-->releaseAlgorithm intracking false, vel: -30296.88
04-02 14:32:18.895 I/SystemUi--Notification( 4498): SeparatePanelAnimation-->stopTracking, inTracking: false
04-02 14:32:18.895 W/IS_ALGO ( 2403): IS1026: CM: is_valid_init_input_internal(11719): Invalid Selfie init data. selfie.face_detection_enable is true for at least on sensor but is_face_detection_enabled is false. Face detection data will not be used for selfie distortion prevention
04-02 14:32:18.895 W/IS_ALGO ( 2403): IS1026: CM: is_valid_init_input_internal(11897): Input structs for algorithm initialization are sub-optimal (# errors, # warnings # info) : (0, 0, 1)
04-02 14:32:18.895 I/SystemUi--Notification( 4498): NotificationPanelView-->handled:false mDozing:false onTouchRet:true
04-02 14:32:18.895 D/OplusViewDragTouchViewHelper( 4498): dispatchTouchView action = 1
04-02 14:32:18.895 W/IS_ALGO ( 2403): IS1026: CM: StandaloneDistortionCorrection(263): LDC is disabled to sensor index 0
04-02 14:32:18.895 E/ChiX    ( 2403): [ERROR][ChiNode] camxmotiongmewrapper.cpp:588 InitializeLib() GME_0 ois_filter_mode 32
04-02 14:32:18.895 E/ChiX    ( 2403): [ERROR][ChiNode] camxmotiongmewrapper.cpp:592 InitializeLib() GME_0 OISOffset 0
04-02 14:32:18.895 W/IS_ALGO ( 2403): IS1026: CM: is_valid_init_input_internal(11719): Invalid Selfie init data. selfie.face_detection_enable is true for at least on sensor but is_face_detection_enabled is false. Face detection data will not be used for selfie distortion prevention
04-02 14:32:18.895 W/IS_ALGO ( 2403): IS1026: CM: is_valid_init_input_internal(11897): Input structs for algorithm initialization are sub-optimal (# errors, # warnings # info) : (0, 0, 1)
04-02 14:32:18.895 E/IS_ALGO ( 2403): IS0003: CM: calc_num_needed_buffers(2642): Invalid is_type: 8
04-02 14:32:18.895 I/CV      ( 2403): File: vendor/qcom/proprietary/cv-noship/eva/4.0/src/cpu/platform/android/evaSession.cpp Line: 558 Function: evaGetDebugSettings() Msg: EVA Debug Logs Disabled
04-02 14:32:18.895 I/CV      ( 2403): File: vendor/qcom/proprietary/cv-noship/eva/4.0/src/cpu/platform/android/evaSession.cpp Line: 600 Function: evaGetDebugSettings() Msg: EVA CRC calculation disabled
04-02 14:32:18.895 I/CV      ( 2403): File: vendor/qcom/proprietary/cv-noship/eva/4.0/src/cpu/platform/android/evaSession.cpp Line: 611 Function: evaGetDebugSettings() Msg:  EVA Memory Profile Disabled 
04-02 14:32:18.895 I/CV      ( 2403): File: vendor/qcom/proprietary/cv-noship/eva/4.0/src/cpu/platform/android/evaSession.cpp Line: 646 Function: evaGetPresilSettings() Msg: EVA Sync default timeout used. Timeout = 2500 ms
04-02 14:32:18.897 I/CV      ( 2403): File: vendor/qcom/proprietary/cv-noship/eva/4.0/src/cpu/platform/android/evaSession.cpp Line: 558 Function: evaGetDebugSettings() Msg: EVA Debug Logs Disabled
04-02 14:32:18.897 I/CV      ( 2403): File: vendor/qcom/proprietary/cv-noship/eva/4.0/src/cpu/platform/android/evaSession.cpp Line: 600 Function: evaGetDebugSettings() Msg: EVA CRC calculation disabled
04-02 14:32:18.897 I/CV      ( 2403): File: vendor/qcom/proprietary/cv-noship/eva/4.0/src/cpu/platform/android/evaSession.cpp Line: 611 Function: evaGetDebugSettings() Msg:  EVA Memory Profile Disabled 
04-02 14:32:18.897 I/CV      ( 2403): File: vendor/qcom/proprietary/cv-noship/eva/4.0/src/cpu/platform/android/evaSession.cpp Line: 646 Function: evaGetPresilSettings() Msg: EVA Sync default timeout used. Timeout = 2500 ms
04-02 14:32:18.898 I/CV      ( 2403): File: vendor/qcom/proprietary/cv-noship/eva/4.0/src/cpu/evaDmm.cpp Line: 1212 Function: evaInitDmm() Msg: evaDmmDumpLevel = 0x00000000
04-02 14:32:18.898 I/CV      ( 2403): File: vendor/qcom/proprietary/cv-noship/eva/4.0/src/cpu/evaDmm.cpp Line: 1215 Function: evaInitDmm() Msg: evaSetEvaHang = 0x00000000
04-02 14:32:18.898 I/CV      ( 2403): File: vendor/qcom/proprietary/cv-noship/eva/4.0/src/cpu/evaDmm.cpp Line: 1283 Function: evaInitDmm() Msg: pDmm->pSession->nHangdumpReplayFreq = 0
04-02 14:32:18.898 I/DMABUFHEAPS( 2403): Using DMA-BUF heap named: qcom,system
04-02 14:32:18.898 I/DMABUFHEAPS( 2403): Using DMA-BUF heap named: qcom,system
04-02 14:32:18.898 I/DMABUFHEAPS( 2403): Using DMA-BUF heap named: qcom,system
04-02 14:32:18.898 I/DMABUFHEAPS( 2403): Using DMA-BUF heap named: qcom,system
04-02 14:32:18.898 I/DMABUFHEAPS( 2403): Using DMA-BUF heap named: qcom,system
04-02 14:32:18.898 I/DMABUFHEAPS( 2403): Using DMA-BUF heap named: qcom,system
04-02 14:32:18.898 I/CV      ( 2403): File: vendor/qcom/proprietary/cv-noship/eva/4.0/src/cpu/evaWarp.cpp Line: 1022 Function: evaInitWarp() Msg: DSX disabled
04-02 14:32:18.898 I/CV      ( 2403): File: vendor/qcom/proprietary/cv-noship/eva/4.0/src/cpu/evaWarp.cpp Line: 1024 Function: evaInitWarp() Msg: DS4 disabled
04-02 14:32:18.898 I/CV      ( 2403): File: vendor/qcom/proprietary/cv-noship/eva/4.0/src/cpu/evaWarp.cpp Line: 1159 Function: evaInitWarp() Msg: Warp Config: Iwid 640, IHgt 480, DsxW 640, DsxH 480, Ds4W 0, Ds4W 0
04-02 14:32:18.898 I/DMABUFHEAPS( 2403): Using DMA-BUF heap named: qcom,system
04-02 14:32:18.898 I/DMABUFHEAPS( 2403): Using DMA-BUF heap named: qcom,system
04-02 14:32:18.898 I/DMABUFHEAPS( 2403): Using DMA-BUF heap named: qcom,system
04-02 14:32:18.898 I/DMABUFHEAPS( 2403): Using DMA-BUF heap named: qcom,system
04-02 14:32:18.899 I/CV      ( 2403): File: vendor/qcom/proprietary/cv-noship/eva/4.0/src/cpu/evaDmm.cpp Line: 1844 Function: evaInitDmm() Msg: DMM Config for session: mode 4, nonWSrcWid 360, nonWSrcHgt 270, nonWFormat 16388, WSrcWid 480, WSrcHgt 360, WFormat 32785, IntMaxWid 360, IntMaxHgt 272, SGMWid 180, SGMHei 136, AlignTyp 0, DisAliCtl 0, StreamId 0
04-02 14:32:18.899 I/SystemUi--Notification( 4498): PanelAnimationEx-->fractionAnimation onAnimationEnd, value=0.63263804 rawFraction=0.63263804 false
04-02 14:32:18.899 I/SystemUi--Notification( 4498): PanelAnimationEx-->blurFactionAnimation onAnimationEnd, value=0.63263804 blurFraction=0.0 false
04-02 14:32:18.899 I/SystemUi--Notification( 4498): PanelAnimationEx-->updateFraction, springAnimation skipToEnd, fraction=0.63263804
04-02 14:32:18.899 E/ChiX    ( 2403): [ERROR][SBM    ] opluschxstreambuffermanager.cpp:381 CheckPreAllocBufferConfig() Preallocate config failed!!
04-02 14:32:18.899 E/ChiX    ( 2403): [ERROR][SBM    ] opluschxstreambuffermanager.cpp:454 LimitAllocBufferCount() Limit alloc buffer count failed!!
04-02 14:32:18.899 I/[UAH_CLIENT_WRAPPER]( 2403): [UahEventAcquireWrapper] eventId:OSENSE_ACTION_CAMERA_3RD_PARTY, scene:none, identity:CamHalPerf, timeout:0
04-02 14:32:18.899 I/CV      ( 2403): File: vendor/qcom/proprietary/cv-noship/eva/4.0/src/cpu/evaSessionStartStop.cpp Line: 1790 Function: evaStartSession() Msg: hSession: 0xb4000076103a0900, nSessionID: 0xb6cd87c9
04-02 14:32:18.899 I/[UAH_CLIENT]( 2403): UahEventAcquire, cmdid:48, pkg:none, identity:CamHalPerf
04-02 14:32:18.899 I/DMABUFHEAPS( 2403): Using DMA-BUF heap named: qcom,system
04-02 14:32:18.899 I/DMABUFHEAPS( 2403): Using DMA-BUF heap named: qcom,system
04-02 14:32:18.899 D/vendor.qti.camera.provider-service_64( 2403): CamPerf cmd:OSENSE_ACTION_CAMERA_3RD_PARTY timeout:0
04-02 14:32:18.899 D/vendor.qti.camera.provider-service_64( 2403): CamPerf Scene set 1438
04-02 14:32:18.899 I/ChiX    ( 2403): [ALWAYS_ON  ][CORE   ] extensionlayerinterface.cpp:99 oplus_initialize_override_session() [OP_EXT] CREATE_SESSION X
04-02 14:32:18.899 I/CamX    ( 2403): [ALWAYS_ON  ] camxhal3.cpp:1878 configure_streams() HalOp: End CONFIG, logicalCameraId: 1, cameraId: 1
04-02 14:32:18.899 W/UserAwareMgr( 3698): addKeyThread, no matched scene event for eventId: 6006
04-02 14:32:18.900 W/UserAwareMgr( 3698): no matched scene event: 6006
04-02 14:32:18.900 I/DMABUFHEAPS( 2403): Using DMA-BUF heap named: qcom,system
04-02 14:32:18.900 I/DMABUFHEAPS( 2403): Using DMA-BUF heap named: qcom,system
04-02 14:32:18.900 I/DMABUFHEAPS( 2403): Using DMA-BUF heap named: qcom,system
04-02 14:32:18.900 I/DMABUFHEAPS( 2403): Using DMA-BUF heap named: qcom,system
04-02 14:32:18.900 I/DMABUFHEAPS( 2403): Using DMA-BUF heap named: qcom,system
04-02 14:32:18.900 I/DMABUFHEAPS( 2403): Using DMA-BUF heap named: qcom,system
04-02 14:32:18.900 I/DMABUFHEAPS( 2403): Using DMA-BUF heap named: qcom,system
04-02 14:32:18.900 D/BufferQueueProducer( 3424): [ImageReader-640x480f23u3m1-3424-31](id:d600000001f,api:4,p:2942,c:3424) connect: api=4 producerControlledByApp=false
04-02 14:32:18.900 I/DMABUFHEAPS( 2403): Using DMA-BUF heap named: qcom,system
04-02 14:32:18.900 I/DMABUFHEAPS( 2403): Using DMA-BUF heap named: qcom,system
04-02 14:32:18.900 I/DMABUFHEAPS( 2403): Using DMA-BUF heap named: qcom,system
04-02 14:32:18.900 I/DMABUFHEAPS( 2403): Using DMA-BUF heap named: qcom,system
04-02 14:32:18.900 I/DMABUFHEAPS( 2403): Using DMA-BUF heap named: qcom,system
04-02 14:32:18.900 I/DMABUFHEAPS( 2403): Using DMA-BUF heap named: qcom,system
04-02 14:32:18.900 I/DMABUFHEAPS( 2403): Using DMA-BUF heap named: qcom,system
04-02 14:32:18.900 I/DMABUFHEAPS( 2403): Using DMA-BUF heap named: qcom,system
04-02 14:32:18.900 I/DMABUFHEAPS( 2403): Using DMA-BUF heap named: qcom,system
04-02 14:32:18.900 I/DMABUFHEAPS( 2403): Using DMA-BUF heap named: qcom,system
04-02 14:32:18.900 I/DMABUFHEAPS( 2403): Using DMA-BUF heap named: qcom,system
04-02 14:32:18.900 I/DMABUFHEAPS( 2403): Using DMA-BUF heap named: qcom,system
04-02 14:32:18.900 I/DMABUFHEAPS( 2403): Using DMA-BUF heap named: qcom,system
04-02 14:32:18.900 I/DMABUFHEAPS( 2403): Using DMA-BUF heap named: qcom,system
04-02 14:32:18.900 I/DMABUFHEAPS( 2403): Using DMA-BUF heap named: qcom,system
04-02 14:32:18.900 D/Camera3-Device( 2942): Set real time priority for request queue thread (tid 24668)
04-02 14:32:18.900 I/DMABUFHEAPS( 2403): Using DMA-BUF heap named: qcom,system
04-02 14:32:18.900 D/Utils   ( 2942): Set regular priority for thread (tid 3375)
04-02 14:32:18.900 I/DMABUFHEAPS( 2403): Using DMA-BUF heap named: qcom,system
04-02 14:32:18.900 I/DMABUFHEAPS( 2403): Using DMA-BUF heap named: qcom,system
04-02 14:32:18.900 I/DMABUFHEAPS( 2403): Using DMA-BUF heap named: qcom,system
04-02 14:32:18.900 I/[FACE_HAL][CameraHelpers]( 3424): [initCamera] ACameraDevice_createCaptureSession take time 30 ms
04-02 14:32:18.900 I/DMABUFHEAPS( 2403): Using DMA-BUF heap named: qcom,system
04-02 14:32:18.900 I/DMABUFHEAPS( 2403): Using DMA-BUF heap named: qcom,system
04-02 14:32:18.900 I/DMABUFHEAPS( 2403): Using DMA-BUF heap named: qcom,system
04-02 14:32:18.900 I/DMABUFHEAPS( 2403): Using DMA-BUF heap named: qcom,system
04-02 14:32:18.900 I/CV      ( 2403): File: vendor/qcom/proprietary/cv-noship/eva/4.0/src/cpu/evaSessionStartStop.cpp Line: 1790 Function: evaStartSession() Msg: hSession: 0xb4000076103a3b00, nSessionID: 0xc842c880
04-02 14:32:18.900 W/ContextImpl( 3698): Calling a method in the system process without a qualified user: android.app.ContextImpl.sendBroadcast:1281 com.android.server.camera.OplusCameraStateBroadcast.notifyCameraState:52 com.android.server.camera.CameraServiceProxyExtImpl.extendNotifyCameraState:370 com.android.server.camera.CameraServiceProxy.updateActivityCount:1583 com.android.server.camera.CameraServiceProxy.-$$Nest$mupdateActivityCount:0 
04-02 14:32:18.901 I/[FACE_HAL][ImageReaderHelpers]( 3424): [setRequestCapturingFlag] set CapturingFlag before: 0, after: 1
04-02 14:32:18.901 I/[FACE_HAL][CameraCoreWrap]( 3424): [openCamera] camera_init take time 43 ms
04-02 14:32:18.901 I/[FACE_HAL][CameraCoreWrap]( 3424): [openCamera] camera open success
04-02 14:32:18.901 I/OplusCameraStateBroadcast( 3698): notifyCameraState packageName:client.pid<3424> cameraState:5 frontcamera:1 cameraId:1
04-02 14:32:18.901 I/ChiX    ( 2403): [ALWAYS_ON  ][CORE   ] streamclassifier.cpp:922 StartTakeSnapshot() [OP_EXT] TAKE YUV SNAPSHOT E : frame Id 0, buffers 1, CameraId = 1, size: 640x480, stream 0xb4000075fa17f028
04-02 14:32:18.901 W/ContextImpl( 3698): Calling a method in the system process without a qualified user: android.app.ContextImpl.sendBroadcast:1281 com.android.server.camera.OplusCameraStateBroadcast.notifyCameraState:52 com.android.server.camera.CameraServiceProxyExtImpl.extendNotifyCameraState:370 com.android.server.camera.CameraServiceProxy.updateActivityCount:1583 com.android.server.camera.CameraServiceProxy.-$$Nest$mupdateActivityCount:0 
04-02 14:32:18.901 D/OplusWifiBroadCastDispatcher( 3698): mBroadcastReceiver: onReceiver  action=oplus.intent.action.camerastate
04-02 14:32:18.901 D/SubsysBroadcastManager( 4883): onReceive action:oplus.intent.action.camerastate
04-02 14:32:18.901 I/OplusCameraStateBroadcast( 3698): notifyCameraState packageName:client.pid<3424> cameraState:1 frontcamera:1 cameraId:1
04-02 14:32:18.901 D/OplusWifiBroadCastDispatcher( 3698): mBroadcastReceiver: onReceiver  action=oplus.intent.action.camerastate
04-02 14:32:18.901 D/SubsysBroadcastManager( 4883): onReceive action:oplus.intent.action.camerastate
04-02 14:32:18.902 I/ChiX    ( 2403): [ALWAYS_ON  ][CORE   ] streamclassifier.cpp:922 StartTakeSnapshot() [OP_EXT] TAKE YUV SNAPSHOT E : frame Id 1, buffers 1, CameraId = 1, size: 640x480, stream 0xb4000075fa17f028
04-02 14:32:18.902 I/ChiX    ( 2403): [ALWAYS_ON  ][CORE   ] streamclassifier.cpp:922 StartTakeSnapshot() [OP_EXT] TAKE YUV SNAPSHOT E : frame Id 2, buffers 1, CameraId = 1, size: 640x480, stream 0xb4000075fa17f028
04-02 14:32:18.903 I/ChiX    ( 2403): [ALWAYS_ON  ][CORE   ] streamclassifier.cpp:922 StartTakeSnapshot() [OP_EXT] TAKE YUV SNAPSHOT E : frame Id 3, buffers 1, CameraId = 1, size: 640x480, stream 0xb4000075fa17f028
04-02 14:32:18.903 W/UserAwareMgr( 3698): addKeyThread, no matched scene event for eventId: 6005
04-02 14:32:18.903 I/ChiX    ( 2403): [ALWAYS_ON  ][CORE   ] streamclassifier.cpp:922 StartTakeSnapshot() [OP_EXT] TAKE YUV SNAPSHOT E : frame Id 4, buffers 1, CameraId = 1, size: 640x480, stream 0xb4000075fa17f028
04-02 14:32:18.903 W/UserAwareMgr( 3698): no matched scene event: 6005
04-02 14:32:18.907 I/SystemUi--Notification( 4498): PanelAnimationEx-->fractionAnimation onAnimationEnd, value=0.38498583 rawFraction=0.38498583 false
04-02 14:32:18.907 I/SystemUi--Notification( 4498): ScrimControllerExImp-->updateBehindMixConfig: isThirdTheme=false
04-02 14:32:18.907 I/SystemUi--NotifiAndQsPlatformBlurEx( 4498): panelPlatformMixConfig-->null
04-02 14:32:18.907 I/SystemUi--Notification( 4498): PanelAnimationEx-->blurFactionAnimation onAnimationEnd, value=0.38498583 blurFraction=0.0 false
04-02 14:32:18.907 I/SystemUi--Notification( 4498): PanelAnimationEx-->updateFraction, springAnimation skipToEnd, fraction=0.38498583
04-02 14:32:18.908 I/SystemUi--Keyguard( 4498): ScrimControllerExImp-->blur State to STATIC_BLUR_QS_FRACTION: pull up Bouncer in KG, reform fraction = 0.014256537
04-02 14:32:18.908 I/SystemUi--Notification( 4498): ScrimControllerExImp-->updateBehindMixConfig: isThirdTheme=false
04-02 14:32:18.908 I/SystemUi--NotifiAndQsPlatformBlurEx( 4498): panelBouncerMixConfig-->null
04-02 14:32:18.908 W/BlurApp_1.0.28-ContinuousBlurDrawable( 4498): [setBlurParamsInternal] drawable 63450723 blurRadius is 0, removeBlurDrawable
04-02 14:32:18.908 W/BlurApp_1.0.28-ContinuousBlurDrawable( 4498): [setBlurParamsInternal] drawable 63450723 blurRadius is 0, removeBlurDrawable
04-02 14:32:18.908 I/SystemUi--Common( 4498): StaticBlurManager-->[startScreenShotBlur] force=false
04-02 14:32:18.908 I/SystemUi--Common( 4498): OplusScreenshotHelper-->[capture] start from entering-Bouncer
04-02 14:32:18.908 I/SystemUi--Common( 4498): OplusScreenshotHelper-->[capture] takeScreen: rect=Rect(0, 0 - 3392, 2400) from entering-Bouncer
04-02 14:32:18.908 D/OplusWindowManagerServiceEnhance( 3698): getScreenshot
04-02 14:32:18.908 V/OplusWindowManagerService( 3698): getScreenshot options is :OplusScreenShotOptions { mLayer = null, mExcludeLayers = null, mExcludeWindows = [Landroid.os.IBinder;@d46ac4, mTasks = null, mSourceCrop = Rect(0, 0 - 3392, 2400), mFullDisplay = true, mDisplayId = 0, mScaleIndex = 0.05}
04-02 14:32:18.908 I/OplusWindowManagerService( 3698): key = android.os.BinderProxy@d29063f, value = Window{94f8c55 u0 NotificationShade} SurfaceControl: Surface(name=94f8c55 NotificationShade)/@0x8e7a2b6
04-02 14:32:18.908 I/OplusWindowManagerService( 3698): key = android.os.BinderProxy@1ee2210, value = Window{d25af0e u0 StatusBar} SurfaceControl: Surface(name=d25af0e StatusBar)/@0x76e8a39
04-02 14:32:18.909 D/CompositionEngine( 2647): Layer: Taskbar#104 had an out of bounds transparent region
04-02 14:32:18.909 D/Region  ( 2647):   Region transparentRegionHint (this=0xb4000078ef324740, count=1)
04-02 14:32:18.909 D/Region  ( 2647):     [691, 833, 2701, 1038]
04-02 14:32:18.914 E/ALGO_AWB( 2403): [cam1/req1][AWBInterface.cpp:3190 updateAwbStatsInfo()] pStatsBayerGrid->startupMode is StatisticsStartUpInvalid!!!
04-02 14:32:18.915 E/ALGO_AEC( 2403): [cam1/req1][LightLuxContainer.cpp:52 GetStartSensitivityFromLightLux()] [role/0]Null tuning param or invalid light value:-1.000000
04-02 14:32:18.915 W/libc    ( 2403): Access denied finding property "aec.custom.debug.info.flag"
04-02 14:32:18.915 W/libc    ( 2403): Access denied finding property "com.oplus.camera.aecCustom.enableAITone"
04-02 14:32:18.915 W/libc    ( 2403): Access denied finding property "com.oplus.camera.aecCustom.enableAITone"
04-02 14:32:18.915 E/ALGO_AEC( 2403): [cam1/req1][aecCustomDatabankManager.cpp:2071 GetFrameHistory()] [role/0]No start configuration is recorded in the history! 
04-02 14:32:18.915 E/ALGO_AEC( 2403): [cam1/req1][aecCustomProcCvs.cpp:2404 AdjustExpSettingForFastStartUp()] [role/0][SUDBG] frameid 0, exposue(10000000, 5.129488) isStartMode 1, expTimeForBanding 10000000
04-02 14:32:18.915 E/ALGO_AEC( 2403): [cam1/req1][StatsProcContainer.cpp:439 CheckBayerGridStatsValidation()] [role/0]Error: BayerGrid hwinNum/vWinNum/winWidth/winHeight/bitDepth = [0/0/0/0/0]
04-02 14:32:18.915 E/ALGO_AEC( 2403): [cam1/req1][StatsProcContainer.cpp:1543 ProcBayerGridStats()] [role/0]CheckBayerGridStatsValidation Error
04-02 14:32:18.915 E/ALGO_AEC( 2403): [cam1/req1][StatsProcContainer.cpp:1610 ProcAECStats()] [role/0]ProcBayerGridStats Error
04-02 14:32:18.915 I/SC820CS ( 2403): CalculateExposure: A_Reg_Gain=5252, A_Real_gain=5.128906, D_Reg_Gain=1024, D_Real_gain=1.000000, ISP_Gain=1.000113, linecount=750
04-02 14:32:18.915 I/SC820CS ( 2403): FillExposureSettings, reg_fline=2500, reg_line=1500
04-02 14:32:18.915 I/SC820CS ( 2403): FillExposureSettings, gain=5252, gain_A=9
04-02 14:32:18.915 I/SC820CS ( 2403): FillExposureSettings, reg_fline=2500, reg_line=1500
04-02 14:32:18.915 I/SC820CS ( 2403): FillExposureSettings, gain=5252, gain_A=9
04-02 14:32:18.916 E/ChiX    ( 2403): [ERROR][CORE   ] metadatamanager.cpp:2768 updateOPMeta() no vendor tag video.rectify.flag
04-02 14:32:18.916 E/OPLUS_DFX( 2403): [ERROR   ] dfxDataManager.cpp:462 ReadISPErr() No error code file find !
04-02 14:32:18.916 I/SystemUi--Notification( 4498): PanelAnimationEx-->fractionAnimation onAnimationEnd, value=0.2093384 rawFraction=0.2093384 false
04-02 14:32:18.916 I/SystemUi--Keyguard( 4498): ScrimControllerExImp-->blur State to STATIC_BLUR_QS_FRACTION: pull up Bouncer in KG, reform fraction = 0.014256537
04-02 14:32:18.916 I/SystemUi--Notification( 4498): ScrimControllerExImp-->updateBehindMixConfig: isThirdTheme=false
04-02 14:32:18.916 I/SystemUi--NotifiAndQsPlatformBlurEx( 4498): panelBouncerMixConfig-->null
04-02 14:32:18.916 I/SystemUi--Notification( 4498): PanelAnimationEx-->blurFactionAnimation onAnimationEnd, value=0.2093384 blurFraction=0.0 false
04-02 14:32:18.916 I/SystemUi--Notification( 4498): PanelAnimationEx-->updateFraction, springAnimation skipToEnd, fraction=0.2093384
04-02 14:32:18.916 I/SystemUi--Keyguard( 4498): ScrimControllerExImp-->blur State to STATIC_BLUR_QS_FRACTION: pull up Bouncer in KG, reform fraction = 0.47900206
04-02 14:32:18.916 I/SystemUi--Notification( 4498): ScrimControllerExImp-->updateBehindMixConfig: isThirdTheme=false
04-02 14:32:18.916 I/SystemUi--NotifiAndQsPlatformBlurEx( 4498): panelBouncerMixConfig-->null
04-02 14:32:18.918 I/SystemUi--Common( 4498): BitmapExt-->[checkBitmapIsPureBlack] ff517b97 android.graphics.Bitmap@47085f9 = false, cost 1ms
04-02 14:32:18.918 I/SystemUi--Common( 4498): OplusScreenshotHelper-->[capture] end android.graphics.Bitmap@47085f9 from entering-Bouncer
04-02 14:32:18.918 I/SystemUi--Common( 4498): StaticBlurManager-->[startScreenShotBlur] isSizeMatch bounds Rect(0, 0 - 3392, 2400) bitmap size 169-120 compressRatio 0.05
04-02 14:32:18.918 I/SystemUi--Common( 4498): StaticBlurManager-->[startScreenShotBlur] finished bitmap=android.graphics.Bitmap@47085f9, sizeMatch=true
04-02 14:32:18.919 I/SystemUi--Common( 4498): BitmapExt-->[blur] cost 1 ms, android.graphics.Bitmap@62a88b5
04-02 14:32:18.920 I/CamX    ( 2403): [ALWAYS_ON  ] camxpipeline.cpp:1498 StreamOn() [RealtimeDefault0_0_cam_1] StreamingOn for pipeline: 0xb40000761b3d3800 with ExposureTimeMs:2900 ExposureTimeStreamOn:2900 hasFlushOccurred: 0 camId=1
04-02 14:32:18.924 I/SystemUi--Notification( 4498): PanelAnimationEx-->fractionAnimation onAnimationEnd, value=0.07955894 rawFraction=0.07955894 false
04-02 14:32:18.924 I/SystemUi--Keyguard( 4498): ScrimControllerExImp-->blur State to STATIC_BLUR_QS_FRACTION: pull up Bouncer in KG, reform fraction = 0.47900206
04-02 14:32:18.924 I/SystemUi--Notification( 4498): ScrimControllerExImp-->updateBehindMixConfig: isThirdTheme=false
04-02 14:32:18.924 I/SystemUi--NotifiAndQsPlatformBlurEx( 4498): panelBouncerMixConfig-->null
04-02 14:32:18.924 I/SystemUi--Notification( 4498): PanelAnimationEx-->blurFactionAnimation onAnimationEnd, value=0.07955894 blurFraction=0.0 false
04-02 14:32:18.924 I/SystemUi--Notification( 4498): PanelAnimationEx-->updateFraction, springAnimation skipToEnd, fraction=0.07955894
04-02 14:32:18.926 E/ALGO_AWB( 2403): [cam1/req2][AWBInterface.cpp:3190 updateAwbStatsInfo()] pStatsBayerGrid->startupMode is StatisticsStartUpInvalid!!!
04-02 14:32:18.926 E/ALGO_AEC( 2403): [cam1/req2][StatsProcContainer.cpp:439 CheckBayerGridStatsValidation()] [role/0]Error: BayerGrid hwinNum/vWinNum/winWidth/winHeight/bitDepth = [0/0/0/0/0]
04-02 14:32:18.926 E/ALGO_AEC( 2403): [cam1/req2][StatsProcContainer.cpp:1543 ProcBayerGridStats()] [role/0]CheckBayerGridStatsValidation Error
04-02 14:32:18.926 E/ALGO_AEC( 2403): [cam1/req2][StatsProcContainer.cpp:1610 ProcAECStats()] [role/0]ProcBayerGridStats Error
04-02 14:32:18.927 E/ALGO_AWB( 2403): [cam1/req3][AWBInterface.cpp:3190 updateAwbStatsInfo()] pStatsBayerGrid->startupMode is StatisticsStartUpInvalid!!!
04-02 14:32:18.927 I/SC820CS ( 2403): CalculateExposure: A_Reg_Gain=6303, A_Real_gain=6.155273, D_Reg_Gain=1024, D_Real_gain=1.000000, ISP_Gain=1.000018, linecount=624
04-02 14:32:18.927 I/SC820CS ( 2403): CalculateExposure: A_Reg_Gain=6313, A_Real_gain=6.165039, D_Reg_Gain=1024, D_Real_gain=1.000000, ISP_Gain=1.000034, linecount=624
04-02 14:32:18.927 I/SC820CS ( 2403): FillExposureSettings, reg_fline=2500, reg_line=1248
04-02 14:32:18.927 I/SC820CS ( 2403): FillExposureSettings, gain=6313, gain_A=9
04-02 14:32:18.927 I/SC820CS ( 2403): FillExposureSettings, reg_fline=2500, reg_line=1248
04-02 14:32:18.927 I/SC820CS ( 2403): FillExposureSettings, gain=6313, gain_A=9
04-02 14:32:18.927 E/ChiX    ( 2403): [ERROR][CORE   ] metadatamanager.cpp:2768 updateOPMeta() no vendor tag video.rectify.flag
04-02 14:32:18.927 E/ALGO_AEC( 2403): [cam1/req3][StatsProcContainer.cpp:439 CheckBayerGridStatsValidation()] [role/0]Error: BayerGrid hwinNum/vWinNum/winWidth/winHeight/bitDepth = [0/0/0/0/0]
04-02 14:32:18.927 E/ALGO_AEC( 2403): [cam1/req3][StatsProcContainer.cpp:1543 ProcBayerGridStats()] [role/0]CheckBayerGridStatsValidation Error
04-02 14:32:18.927 E/ALGO_AEC( 2403): [cam1/req3][StatsProcContainer.cpp:1610 ProcAECStats()] [role/0]ProcBayerGridStats Error
04-02 14:32:18.928 I/SC820CS ( 2403): CalculateExposure: A_Reg_Gain=6303, A_Real_gain=6.155273, D_Reg_Gain=1024, D_Real_gain=1.000000, ISP_Gain=1.000018, linecount=624
04-02 14:32:18.928 I/SC820CS ( 2403): CalculateExposure: A_Reg_Gain=6313, A_Real_gain=6.165039, D_Reg_Gain=1024, D_Real_gain=1.000000, ISP_Gain=1.000034, linecount=624
04-02 14:32:18.928 I/SC820CS ( 2403): FillExposureSettings, reg_fline=2500, reg_line=1248
04-02 14:32:18.928 I/SC820CS ( 2403): FillExposureSettings, gain=6313, gain_A=9
04-02 14:32:18.928 E/ChiX    ( 2403): [ERROR][CORE   ] metadatamanager.cpp:2768 updateOPMeta() no vendor tag video.rectify.flag
04-02 14:32:18.928 I/SC820CS ( 2403): FillExposureSettings, reg_fline=2500, reg_line=1248
04-02 14:32:18.928 E/OPLUS_DFX( 2403): [ERROR   ] dfxDataManager.cpp:546 ReadTimeOutErr() No error code file find !
04-02 14:32:18.928 I/SC820CS ( 2403): FillExposureSettings, gain=6313, gain_A=9
04-02 14:32:18.932 I/SystemUi--Notification( 4498): PanelAnimationEx-->fractionAnimation onAnimationEnd, value=0.0034011938 rawFraction=0.0034011938 false
04-02 14:32:18.932 I/SystemUi--Notification( 4498): PanelAnimationEx-->blurFactionAnimation onAnimationEnd, value=0.0034011938 blurFraction=0.0 false
04-02 14:32:18.932 I/SystemUi--Notification( 4498): PanelAnimationEx-->updateFraction, springAnimation skipToEnd, fraction=0.0034011938
04-02 14:32:18.936 D/OplusCameraService( 2942): Set async binder(tid: -1 isEnable: 1) successfully.
04-02 14:32:18.936 E/ACameraDeviceVendor( 3424): onCaptureStarted: request = 0xb4000074e904e890
04-02 14:32:18.940 I/KeyguardTransitionRepository( 4498): FINISHED transition: TransitionStep(from=LOCKSCREEN, to=PRIMARY_BOUNCER, value=1.0, transitionState=FINISHED, ownerName=FromLockscreenTransitionInteractor(#listenForLockscreenToPrimaryBouncerDragging)) (manual)
04-02 14:32:18.941 D/BaseUi  ( 4498): BottomAffordanceContainer-->set isInvisible=true
04-02 14:32:18.941 I/SystemUi--Notification( 4498): PanelAnimationEx-->keyguardHAnimation.setKeyguardStartValue:0.0
04-02 14:32:18.941 I/SystemUi--Notification( 4498): PanelAnimationEx-->fractionAnimation onAnimationEnd, value=0.0 rawFraction=0.0 false
04-02 14:32:18.941 I/SystemUi--Notification( 4498): PanelAnimationEx-->blurFactionAnimation onAnimationEnd, value=0.0 blurFraction=0.0 false
04-02 14:32:18.941 I/SystemUi--Notification( 4498): PanelAnimationEx-->updateFraction, springAnimation skipToEnd, fraction=0.0
04-02 14:32:18.941 I/SystemUi--NavBar( 4498): NavigationBarGestureExImpl-->oplusAllowSystemGestureIgnoringBarVisibility isOplusFlagAllowBackGestureIgnoreVisibilityState = false isGestureMisTouchPreventionEnable = true
04-02 14:32:18.941 I/SystemUi--Statusbar( 4498): CollapsedSbFragment-->New visibilities calculated internally. StatusBarVisibilityModel(showClock: false showNotificationIcons:false showPrimaryOngoingActivityChip:false showSecondaryOngoingActivityChip:false showSystemInfo:false ) 
04-02 14:32:18.941 I/SystemUi--Statusbar( 4498): CollapsedStatusBarFragmentExImpl-->animate: false, unlockAnimationRunning: false, fadingAway: false, keyguard: true
04-02 14:32:18.941 I/SystemUi--Statusbar( 4498): CollapsedStatusBarFragmentExImpl-->StatusBarVisibilityModelEx: StatusBarVisibilityModelEx(showClock: false showPromptView:false showPrimaryOngoingActivityChip:false showSecondaryOngoingActivityChip:false showNotificationContainer:false showOpName:false showSeedlingContainer:false ), animate: false
04-02 14:32:18.941 I/SystemUi--QuickSettings( 4498): OplusSeparateQSPluginImpl-->shouldHideStatusBar isFullyCollapsed true
04-02 14:32:18.941 I/SystemUi--Statusbar( 4498): CollapsedStatusBarFragmentExImpl-->showClockChanged: false lastModifiedVisibility.showClock: false previousModelEx.showClock: false statusBarFragment?.clockHiddenMode(): 8 clockView?.visibility: 8
04-02 14:32:18.941 I/SystemUi--QuickSettings( 4498): OplusSeparateQSPluginImpl-->shouldHideStatusBar isFullyCollapsed true
04-02 14:32:18.942 D/OplusPrivacyDotViewController( 4498): scheduleUpdate: 
04-02 14:32:18.942 D/OplusPrivacyDotViewController( 4498): processNextViewState: 
04-02 14:32:18.942 D/OplusPrivacyDotViewController( 4498): resolveState ViewState(systemPrivacyEventIsActive=false, shadeExpanded=false, needShow=true, rtl=false, rotation=1, height=11, x=56, y=36, cornerIndex=1, designatedCorner=android.widget.FrameLayout{c66b808 G.E...... ......ID 0,0-11,11 #7f0a0609 app:id/icons_container alpha=0.0 viewInfo = }, contentDescription=null, chipAnimationStart=false, preDraw=false) shouldShowDot false
04-02 14:32:18.942 W/SystemUi--Common( 4498): OplusSysUiSchedMgr-->schedForPrivacyIconShowing not showing, no need release
04-02 14:32:18.942 D/OplusPrivacyDotViewController( 4498): resolveState: skipping
04-02 14:32:18.942 I/SystemUi--Notification( 4498): OplusNotificationShadeWindowControllerExImpl-->SHADE_FOCUSABLE-->mNotificationShadeFocusable= true, mPanelExpanded= false, mBouncerShowing= false, mKeyguardShowing= true, mKeyguardOccluded= false, mKeyguardNeedsInput= false, ENABLE_REMOTE_INPUT= true, mRemoteInputActive= false, glanceableHubShowing= false, keyguardIsAboutToOccluded= false, layoutFlags= -2129264576
04-02 14:32:18.942 I/SystemUi--Notification( 4498): OplusNotificationShadeWindowControllerExImpl-->SHADE_VISIBLE-->mKeyguardShowing= true, mKeyguardOccluded= false, mPanelVisible= true, mKeyguardFadingAway= false, mKeyguardGoingAway= false, mBouncerShowing= false, mScrimsVisibility= 1, mBackgroundBlurRadius= 0, mForcePluginOpen= false, mediaBackdropShowing= false, viewVisibility= true, qsBlurFraction= 0.0, panelBlurFraction= 0.0
04-02 14:32:18.942 I/SystemUi--Notification( 4498): PanelAnimationEx-->setCurShadeExpanded isPanelExpanded false
04-02 14:32:18.942 I/SystemUi--Notification( 4498): LevelPositionAlgorithmImpl-->onPanelCollapsed
04-02 14:32:18.942 I/SystemUi--Notification( 4498): SeparatePanelAnimation-->onUpdate notifyFractionEnd
04-02 14:32:18.942 I/SystemUi--Notification( 4498): NotificationStackScrollLayoutExtImpl-->resetSpringChain
04-02 14:32:18.942 I/SystemUi--Notification( 4498): NotificationStackScrollLayoutExtImpl-->setLayerType isHardware=false, scene=3, visibleChildren: 2
04-02 14:32:18.942 D/LauncherProxyService( 4498): Notifying sysui state change to launcher service: proxy=com.android.systemui.shared.recents.ILauncherProxy$Stub$Proxy@62759d9 display=0 flags=overview_disabled|keygrd_visible|awake
04-02 14:32:18.942 I/SystemUi--Notification( 4498): OplusNotificationShadeWindowControllerExImpl-->SHADE_FOCUSABLE-->mNotificationShadeFocusable= true, mPanelExpanded= false, mBouncerShowing= true, mKeyguardShowing= true, mKeyguardOccluded= false, mKeyguardNeedsInput= false, ENABLE_REMOTE_INPUT= true, mRemoteInputActive= false, glanceableHubShowing= false, keyguardIsAboutToOccluded= false, layoutFlags= -2129256384
04-02 14:32:18.942 I/SystemUi--Notification( 4498): OplusNotificationShadeWindowControllerExImpl-->SHADE_VISIBLE-->mKeyguardShowing= true, mKeyguardOccluded= false, mPanelVisible= true, mKeyguardFadingAway= false, mKeyguardGoingAway= false, mBouncerShowing= true, mScrimsVisibility= 1, mBackgroundBlurRadius= 0, mForcePluginOpen= false, mediaBackdropShowing= false, viewVisibility= true, qsBlurFraction= 0.0, panelBlurFraction= 0.0
04-02 14:32:18.942 D/LauncherProxyService( 4498): Notifying sysui state change to launcher service: proxy=com.android.systemui.shared.recents.ILauncherProxy$Stub$Proxy@62759d9 display=0 flags=overview_disabled|keygrd_visible|bouncer_visible|awake
04-02 14:32:18.942 I/SystemUi--Notification( 4498): ScrimController-->oldState = KEYGUARD , new State = BOUNCER , shouldForceUpdate = false , mCallback = null , callback = null forceFinished false
04-02 14:32:18.942 I/SystemUi--Notification( 4498): ScrimControllerExImp-->updateBehindMixConfig: isThirdTheme=false
04-02 14:32:18.942 I/SystemUi--NotifiAndQsPlatformBlurEx( 4498): panelBouncerMixConfig-->null
04-02 14:32:18.943 I/SystemUi--QuickSettings( 4498): ShadeInteractorImpl-->isExpandToQsEnabled isShadeEnabled=true isDozing=false disableFlags=DisableFlagsModel(disable1=16777216, disable2=0, animate=true) isDeviceProvisioned=true isSimpleUserSwitcher=false isQuickSettingsEnabled=true isUserSetup=true isOplusQsEnabled=false
04-02 14:32:18.943 I/SystemUi--NavBar( 4498): NavigationBarGestureExImpl-->oplusAllowSystemGestureIgnoringBarVisibility isOplusFlagAllowBackGestureIgnoreVisibilityState = false isGestureMisTouchPreventionEnable = true
04-02 14:32:18.943 I/SystemUi--Statusbar( 4498): CollapsedSbFragment-->New visibilities calculated internally. StatusBarVisibilityModel(showClock: false showNotificationIcons:false showPrimaryOngoingActivityChip:false showSecondaryOngoingActivityChip:false showSystemInfo:false ) 
04-02 14:32:18.943 I/SystemUi--Statusbar( 4498): CollapsedStatusBarFragmentExImpl-->animate: true, unlockAnimationRunning: false, fadingAway: false, keyguard: true
04-02 14:32:18.943 I/SystemUi--Statusbar( 4498): CollapsedStatusBarFragmentExImpl-->StatusBarVisibilityModelEx: StatusBarVisibilityModelEx(showClock: false showPromptView:false showPrimaryOngoingActivityChip:false showSecondaryOngoingActivityChip:false showNotificationContainer:false showOpName:false showSeedlingContainer:false ), animate: true
04-02 14:32:18.943 I/SystemUi--QuickSettings( 4498): OplusSeparateQSPluginImpl-->shouldHideStatusBar isFullyCollapsed true
04-02 14:32:18.943 I/SystemUi--Statusbar( 4498): CollapsedStatusBarFragmentExImpl-->showClockChanged: false lastModifiedVisibility.showClock: false previousModelEx.showClock: false statusBarFragment?.clockHiddenMode(): 8 clockView?.visibility: 8
04-02 14:32:18.943 I/SystemUi--QuickSettings( 4498): OplusSeparateQSPluginImpl-->shouldHideStatusBar isFullyCollapsed true
04-02 14:32:18.943 I/SystemUi--Notification( 4498): PanelAnimationEx-->resetHeightAnimator oplusSpringAnimation
04-02 14:32:18.943 I/SystemUi--Notification( 4498): OplusNotificationShadeWindowControllerExImpl-->SHADE_FOCUSABLE-->mNotificationShadeFocusable= true, mPanelExpanded= false, mBouncerShowing= true, mKeyguardShowing= true, mKeyguardOccluded= false, mKeyguardNeedsInput= false, ENABLE_REMOTE_INPUT= true, mRemoteInputActive= false, glanceableHubShowing= false, keyguardIsAboutToOccluded= false, layoutFlags= -2129256384
04-02 14:32:18.943 I/SystemUi--Notification( 4498): OplusNotificationShadeWindowControllerExImpl-->SHADE_VISIBLE-->mKeyguardShowing= true, mKeyguardOccluded= false, mPanelVisible= true, mKeyguardFadingAway= false, mKeyguardGoingAway= false, mBouncerShowing= true, mScrimsVisibility= 1, mBackgroundBlurRadius= 0, mForcePluginOpen= false, mediaBackdropShowing= false, viewVisibility= true, qsBlurFraction= 0.0, panelBlurFraction= 0.0
04-02 14:32:18.943 I/SystemUi--Notification( 4498): OplusShadeExpansionStat-->panelExpansionChanged expanded:false,mTracking:false,mState:2,fraction:0.0,reason:FlingEnd
04-02 14:32:18.943 I/SystemUi--Common( 4498): OplusShadeExpansionStat-->go state: OPEN -> CLOSED
04-02 14:32:18.943 I/SystemUi--Common( 4498): NotificationPanelView-->onNotificationPanelStateChanged: state=0
04-02 14:32:18.943 I/SystemUi--Common( 4498): OplusShadeExpansionStat-->go state: OPEN -> CLOSED
04-02 14:32:18.943 I/SystemUi--Common( 4498): NotificationPanelView-->onPanelStateChanged: state=0
04-02 14:32:18.943 I/SystemUi--Notification( 4498): NotificationStackScrollLayoutExtImpl-->setLayerType isHardware=false, scene=1, visibleChildren: 2
04-02 14:32:18.944 D/ViewRootImplExtImpl( 4498): wrapConfigInfoIntoFlags rotation=1, smallestScreenWidthDp=914, residentWS=false, scenario=0, bounds=Rect(0, 0 - 3392, 2400), relayoutAsync=true, flags=0, newFlags=1778414152, title=NotificationShade
04-02 14:32:18.944 W/VRI[NotificationShade]( 4498): updateBlastSurfaceIfNeeded, surfaceSize:Point(3392, 2400), lastSurfaceSize:Point(3392, 2400), format:-3, blastBufferQueue:android.graphics.BLASTBufferQueue@7f66657
04-02 14:32:18.944 V/WindowManager( 3698): Relayout Window{94f8c55 u0 NotificationShade}: viewVisibility=0, oldvis=0, req=3392x2400 , apr = 0, vsysui=, x=0, y=0
04-02 14:32:18.944 I/OplusScreenSecurityMask( 3698): add WindowsName list: Window{94f8c55 u0 NotificationShade} list size: 1 isFromSetSecure: true , surfaceShown = true , displayId = 0
04-02 14:32:18.944 I/OplusScreenSecurityMask( 3698): onSecurityPageFlagChanged size: 0 , surfaceShown = true , displayId = 0
04-02 14:32:18.944 I/SurfaceControl( 4498):  setExtendedRangeBrightness sc=Surface(name=NotificationShade)/@0x870e52d,currentBufferRatio=1.0,desiredRatio=1.0
04-02 14:32:18.945 I/SystemUi--NavBar( 4498): NoBackGesture-->display_id_0 updateGestureAreaRatio newSize: 63.0 ,mBottomGestureAreaHeightInMistouch: 63
04-02 14:32:18.945 I/SystemUi--NavBar( 4498): NoBackGesture-->display_id_0 updateGestureBottomArea: mBottomGestureAreaHeight = 63
04-02 14:32:18.945 E/OplusInputManagerService_jni( 3698): updateInvalidRegion start!!!
04-02 14:32:18.945 E/InputDispatcherExtImpl( 3698): rectF left: 0.000000, top: 0.000000, right: 63.000000, bottom: 3392.000000 offset_left: 0.000000, offset_top: 0.000000, offset_right: 0.000000, offset_bottom: 0.000000, isClosedRegion:0
04-02 14:32:18.945 W/InputDispatcherExtImpl( 3698): invalidRegions and dispatchRegions map setted, key: homegesture_displayid_0
04-02 14:32:18.945 E/OplusInputManagerService_jni( 3698): updateInvalidRegion start!!!
04-02 14:32:18.945 E/OplusInputManagerService_jni( 3698): updateInvalidRegion start!!!
04-02 14:32:18.945 I/FalsingManager( 4498): {belief=0.2941462595955985 confidence=1.0}
04-02 14:32:18.945 D/KeyguardSecurityView( 4498): screen on, instance 4ccb0a8
04-02 14:32:18.946 I/SystemUi--Keyguard( 4498): OplusKeyguardAbsKeyInputViewController-->onResume deadline: 0
04-02 14:32:18.946 D/OplusUserManagerServiceEnhance( 3698): getMultiSystemUserId  res = -10000
04-02 14:32:18.946 D/OplusMultiUserManager( 4498): getMultiSystemUserIdNoCheck res: -10000
04-02 14:32:18.946 D/LockPatternUtils( 4498): isBiometricAllowedForUser allowed:true isStrongBiometric:true userId:0
04-02 14:32:18.946 D/LockPatternUtils( 4498): isBiometricAllowedForUser allowed:true isStrongBiometric:true userId:0
04-02 14:32:18.946 I/SystemUi--Keyguard( 4498): OplusKeyguardInputViewController-->fpUnlockPossible:false,faceUnlockPossible:true,palmUnlockPossible:false,faceLockedOut:false
04-02 14:32:18.946 D/OplusUserManagerServiceEnhance( 3698): getMultiSystemUserId  res = -10000
04-02 14:32:18.946 D/OplusMultiUserManager( 4498): getMultiSystemUserIdNoCheck res: -10000
04-02 14:32:18.946 D/LockPatternUtils( 4498): isBiometricAllowedForUser allowed:true isStrongBiometric:true userId:0
04-02 14:32:18.946 D/LockPatternUtils( 4498): isBiometricAllowedForUser allowed:true isStrongBiometric:true userId:0
04-02 14:32:18.946 I/SystemUi--Keyguard( 4498): OplusKeyguardInputViewController-->fpUnlockPossible:false,faceUnlockPossible:true,palmUnlockPossible:false,faceLockedOut:false
04-02 14:32:18.946 D/OplusUserManagerServiceEnhance( 3698): getMultiSystemUserId  res = -10000
04-02 14:32:18.946 D/OplusMultiUserManager( 4498): getMultiSystemUserIdNoCheck res: -10000
04-02 14:32:18.946 D/LockPatternUtils( 4498): isBiometricAllowedForUser allowed:true isStrongBiometric:true userId:0
04-02 14:32:18.946 D/LockPatternUtils( 4498): isBiometricAllowedForUser allowed:true isStrongBiometric:true userId:0
04-02 14:32:18.947 I/SystemUi--Keyguard( 4498): OplusKeyguardInputViewController-->fpUnlockPossible:false,faceUnlockPossible:true,palmUnlockPossible:false,faceLockedOut:false
04-02 14:32:18.947 D/DeviceEntryFaceAuthInteractor( 4498): runFaceAuth repository.isLockedOut.value = false
04-02 14:32:18.947 D/LockPatternUtils( 4498): isBiometricAllowedForUser allowed:true isStrongBiometric:true userId:0
04-02 14:32:18.947 D/DeviceEntryFaceAuthInteractor( 4498): runFaceAuth should = true
04-02 14:32:18.947 I/SystemUi--Keyguard( 4498): DeviceEntryFaceAuthRepository-->requestAuthenticate already running
04-02 14:32:18.947 I/SystemUi--Keyguard( 4498): KeyguardSignatureView-->hideSignature reason=bouncerIsFullyShowing
04-02 14:32:18.947 I/SystemUi--Keyguard( 4498): KeyguardGlideTipView-->hideTips reason=bouncerIsFullyShowing withAnimator=false delayType=2
04-02 14:32:18.947 I/SystemUi--Keyguard( 4498): KeyguardGlideTipView-->cancelBreathAnimation-isBreathAnimationRunning=false
04-02 14:32:18.947 I/SystemUi--Keyguard( 4498): KeyguardAffordanceTipsView-->hideTips reason=bouncerIsFullyShowing withAnimator=false delayType=2
04-02 14:32:18.947 I/SystemUi--Notification( 4498): NotificationStackScrollLayoutExtImpl-->resetSpringChain
04-02 14:32:18.947 I/SystemUi--Notification( 4498): PanelAnimationEx-->keyguardHAnimation.setKeyguardStartValue:0.0
04-02 14:32:18.947 I/SystemUi--Notification( 4498): PanelAnimationEx-->fractionAnimation onAnimationEnd, value=0.0 rawFraction=0.0 false
04-02 14:32:18.947 I/SystemUi--Notification( 4498): PanelAnimationEx-->blurFactionAnimation onAnimationEnd, value=0.0 blurFraction=0.0 false
04-02 14:32:18.947 I/SystemUi--Notification( 4498): PanelAnimationEx-->updateFraction, springAnimation skipToEnd, fraction=0.0
04-02 14:32:18.947 I/SystemUi--QuickSettings( 4498): BackActionInteractor-->unregisterBackCallback
04-02 14:32:18.947 I/SystemUi--Notification( 4498): OplusNotificationShadeWindowControllerExImpl-->SHADE_FOCUSABLE-->mNotificationShadeFocusable= false, mPanelExpanded= false, mBouncerShowing= true, mKeyguardShowing= true, mKeyguardOccluded= false, mKeyguardNeedsInput= false, ENABLE_REMOTE_INPUT= true, mRemoteInputActive= false, glanceableHubShowing= false, keyguardIsAboutToOccluded= false, layoutFlags= -2129256384
04-02 14:32:18.947 I/SystemUi--Notification( 4498): OplusNotificationShadeWindowControllerExImpl-->SHADE_VISIBLE-->mKeyguardShowing= true, mKeyguardOccluded= false, mPanelVisible= false, mKeyguardFadingAway= false, mKeyguardGoingAway= false, mBouncerShowing= true, mScrimsVisibility= 1, mBackgroundBlurRadius= 0, mForcePluginOpen= false, mediaBackdropShowing= false, viewVisibility= true, qsBlurFraction= 0.0, panelBlurFraction= 0.0
04-02 14:32:18.948 I/SystemUi--NavBar( 4498): NavigationBarGestureExImpl-->oplusAllowSystemGestureIgnoringBarVisibility isOplusFlagAllowBackGestureIgnoreVisibilityState = false isGestureMisTouchPreventionEnable = true
04-02 14:32:18.948 I/SystemUi--QuickSettings( 4498): OplusSeparateQSPluginImpl-->shouldHideStatusBar isFullyCollapsed true
04-02 14:32:18.948 I/SystemUi--Statusbar( 4498): CollapsedSbFragment-->New visibilities calculated internally. StatusBarVisibilityModel(showClock: false showNotificationIcons:false showPrimaryOngoingActivityChip:false showSecondaryOngoingActivityChip:false showSystemInfo:false ) 
04-02 14:32:18.948 E/OplusOverviewProxyImpl[u0]( 4922): called checkNavBarModes without implementation
04-02 14:32:18.948 I/SystemUi--Statusbar( 4498): CollapsedStatusBarFragmentExImpl-->animate: true, unlockAnimationRunning: false, fadingAway: false, keyguard: true
04-02 14:32:18.948 I/SystemUi--Statusbar( 4498): CollapsedStatusBarFragmentExImpl-->StatusBarVisibilityModelEx: StatusBarVisibilityModelEx(showClock: false showPromptView:false showPrimaryOngoingActivityChip:false showSecondaryOngoingActivityChip:false showNotificationContainer:false showOpName:false showSeedlingContainer:false ), animate: true
04-02 14:32:18.948 I/SystemUi--QuickSettings( 4498): OplusSeparateQSPluginImpl-->shouldHideStatusBar isFullyCollapsed true
04-02 14:32:18.948 I/SystemUi--Statusbar( 4498): CollapsedStatusBarFragmentExImpl-->showClockChanged: false lastModifiedVisibility.showClock: false previousModelEx.showClock: false statusBarFragment?.clockHiddenMode(): 8 clockView?.visibility: 8
04-02 14:32:18.948 I/SystemUi--QuickSettings( 4498): OplusSeparateQSPluginImpl-->shouldHideStatusBar isFullyCollapsed true
04-02 14:32:18.949 D/SurfaceView( 4922): 89251554 dispatchDraw mDrawFinished true isAboveParent false (mPrivateFlags & PFLAG_SKIP_DRAW) 128
04-02 14:32:18.949 D/SurfaceView( 4922): 89251554 clearSurfaceViewPort mCornerRadius 0.0
04-02 14:32:18.949 W/HWUI    ( 4922): Dirty 691.00 833.00 2701.00 1038.00 doesn't intersect with 0 0 3392 800 ?
04-02 14:32:18.954 D/CompositionEngine( 2647): Layer: Taskbar#104 had an out of bounds transparent region
04-02 14:32:18.954 D/Region  ( 2647):   Region transparentRegionHint (this=0xb4000078ef27a740, count=1)
04-02 14:32:18.954 D/Region  ( 2647):     [691, 833, 2701, 1038]
04-02 14:32:18.962 D/CompositionEngine( 2647): Layer: Taskbar#104 had an out of bounds transparent region
04-02 14:32:18.962 D/Region  ( 2647):   Region transparentRegionHint (this=0xb4000078ef27a740, count=1)
04-02 14:32:18.962 D/Region  ( 2647):     [691, 833, 2701, 1038]
04-02 14:32:18.970 I/SC820CS ( 2403): CalculateExposure: A_Reg_Gain=6303, A_Real_gain=6.155273, D_Reg_Gain=1024, D_Real_gain=1.000000, ISP_Gain=1.000018, linecount=624
04-02 14:32:18.970 I/SC820CS ( 2403): CalculateExposure: A_Reg_Gain=6313, A_Real_gain=6.165039, D_Reg_Gain=1024, D_Real_gain=1.000000, ISP_Gain=1.000034, linecount=624
04-02 14:32:18.970 I/SC820CS ( 2403): FillExposureSettings, reg_fline=2500, reg_line=1248
04-02 14:32:18.970 I/SC820CS ( 2403): FillExposureSettings, gain=6313, gain_A=9
04-02 14:32:18.970 I/SC820CS ( 2403): FillExposureSettings, reg_fline=2500, reg_line=1248
04-02 14:32:18.970 I/SC820CS ( 2403): FillExposureSettings, gain=6313, gain_A=9
04-02 14:32:18.970 E/ChiX    ( 2403): [ERROR][CORE   ] metadatamanager.cpp:2768 updateOPMeta() no vendor tag video.rectify.flag
04-02 14:32:18.970 I/[UAH_CLIENT_WRAPPER]( 2403): [UahReleaseWapper] 1436
04-02 14:32:18.970 I/[UAH_CLIENT]( 2403): UahRelease, handle:1436
04-02 14:32:18.971 D/vendor.qti.camera.provider-service_64( 2403): CamPerf: 3rd need clr open scene
04-02 14:32:18.972 I/ChiX    ( 2403): [ALWAYS_ON  ][CORE   ] streamclassifier.cpp:922 StartTakeSnapshot() [OP_EXT] TAKE YUV SNAPSHOT E : frame Id 5, buffers 1, CameraId = 1, size: 640x480, stream 0xb4000075fa17f028
04-02 14:32:18.974 I/CamX    ( 2403): [ALWAYS_ON  ] camxpipeline.cpp:1498 StreamOn() [OplusOfflineReprocess0_0_cam_1] StreamingOn for pipeline: 0xb4000075e99d9400 with ExposureTimeMs:2900 ExposureTimeStreamOn:2900 hasFlushOccurred: 0 camId=1
04-02 14:32:18.975 E/ChiX    ( 2403): [ERROR][ChiNode] opluscamxchinodesstabgme.cpp:5054 GetviewfinderOverrideOfeCropTag() OplusOfflineReprocess0_com.qti.node.gme0_cam1 Request id 1, cameraId 0, sensorIndex 0, pData is null
04-02 14:32:18.975 E/ChiX    ( 2403): [ERROR][ChiNode] opluscamxchinodesstabgme.cpp:5054 GetviewfinderOverrideOfeCropTag() OplusOfflineReprocess0_com.qti.node.gme0_cam1 Request id 1, cameraId 0, sensorIndex 0, pData is null
04-02 14:32:18.975 E/ChiX    ( 2403): [ERROR][ChiNode] opluscamxchinodesstabgme.cpp:5054 GetviewfinderOverrideOfeCropTag() OplusOfflineReprocess0_com.qti.node.gme0_cam1 Request id 1, cameraId 0, sensorIndex 0, pData is null
04-02 14:32:18.976 E/ChiX    ( 2403): [ERROR][ChiNode] opluscamxchinodehwcfgofedummy.cpp:589 OplusOverrideOFETuningMode() Get feature type tag failed
04-02 14:32:18.976 E/ChiX    ( 2403): [ERROR][ChiNode] opluscamxchinodehwcfgofedummy.cpp:1086 OplusOverrideOFECustomizeTrigger() Get feature type tag failed
04-02 14:32:18.976 E/ChiX    ( 2403): [ERROR][ChiNode] opluscamxchinodehwcfgofedummy.cpp:1258 OplusOverrideOFECustomizeTrigger() Get camera livephoto enable tag failed
04-02 14:32:18.976 E/ChiX    ( 2403): [ERROR][ChiNode] opluscamxchinodehwcfgofedummy.cpp:1354 OplusOverrideOFECustomizeTrigger() Get bracketMode tag failed
04-02 14:32:18.983 D/OplusBrightnessPhoneStateManager( 3698): LuxEvent{event:MAIN_LUX lux:104.15} -> LuxEvent{event:MAIN_LUX lux:104.15}
04-02 14:32:18.985 I/CV      ( 2403): File: vendor/qcom/proprietary/cv-noship/eva/4.0/src/cpu/evaDmm.cpp Line: 3199 Function: evaDmmPrintCfgLd() Msg: LD0(IcaOutW-1,IcaOutH-1,EnXY,EnXC,En4Y,En4C,dsxCStartLocX,dsxYStartLocX)=(359,271,0,0,1,1,0,0)
04-02 14:32:18.985 I/CV      ( 2403): File: vendor/qcom/proprietary/cv-noship/eva/4.0/src/cpu/evaDmm.cpp Line: 3211 Function: evaDmmPrintCfgLd() Msg: LD0 PostDsxCrop(EnY,FLine,LLine,FPix,LPix),PostDs4Crop(EnY,EnC,FLine,LLine,FPix,LPix) =(0,0,271,0,0),(0,0,0,67,0,0)
04-02 14:32:18.985 I/CV      ( 2403): File: vendor/qcom/proprietary/cv-noship/eva/4.0/src/cpu/evaDmm.cpp Line: 3217 Function: evaDmmPrintCfgLd() Msg: LD0 PreDs4Crop(EnY,FLine,LLine,FPix,LPix)=(0,0,135,0,179)
