04-02 15:18:04.383 E/AEC.SpatializerManager( 6147): setSpatBtTypeParam Bluetooth is not connected! 
04-02 15:18:04.383 E/AEC.AudioxService( 6147): setSpatBtTypeParam Bluetooth is not connected! 
04-02 15:18:04.383 E/AEC.SpatializerManager( 6147): setSpatProfileParam param is the same
04-02 15:18:04.383 I/AEC.AudioxEffect( 6147): setVolumeIndex(0)
04-02 15:18:04.383 I/AudioEffect( 6147): setParameter(): 0xb40000712faafc00, param: 268501182, param2: -1
04-02 15:18:04.383 D/AGM: graph( 2368): graph_open: 615 entry
04-02 15:18:04.383 D/AGM: metadata( 2368): metadata_print: 79 *************************Metadata*************************
04-02 15:18:04.383 D/AGM: metadata( 2368): metadata_print: 80 GKV size:4
04-02 15:18:04.383 D/AGM: metadata( 2368): metadata_print: 83 key:0xa1000000, value:0xa100000e 
04-02 15:18:04.383 D/AGM: metadata( 2368): metadata_print: 83 key:0xab000000, value:0x1 
04-02 15:18:04.383 D/AudioBoost( 2609): startBoostForWake mId 71, p 7418, t 7494, wp 7418, wt 7494.
04-02 15:18:04.383 D/AGM: metadata( 2368): metadata_print: 83 key:0xa2000000, value:0xa2000001 
04-02 15:18:04.383 D/AGM: metadata( 2368): metadata_print: 83 key:0xac000000, value:0xac000002 
04-02 15:18:04.383 D/AGM: metadata( 2368): metadata_print: 89 CKV count:4
04-02 15:18:04.383 D/AGM: metadata( 2368): metadata_print: 95 key:0xa4000000, value:0xf 
04-02 15:18:04.383 D/AGM: metadata( 2368): metadata_print: 95 key:0xd2000000, value:0x0 
04-02 15:18:04.383 D/AGM: metadata( 2368): metadata_print: 95 key:0xbe000000, value:0x3 
04-02 15:18:04.383 D/AGM: metadata( 2368): metadata_print: 95 key:0xef000000, value:0x0 
04-02 15:18:04.383 D/AudioBoost( 2609): audioSchedBoost, pid=7418, tid=7494, enable=1, ret=0
04-02 15:18:04.383 D/AGM: metadata( 2368): metadata_print: 102 Property ID:134217744
04-02 15:18:04.383 D/AGM: metadata( 2368): metadata_print: 103 property count:4
04-02 15:18:04.383 D/AGM: metadata( 2368): metadata_print: 106 Property Values: 
04-02 15:18:04.383 D/AGM: metadata( 2368): metadata_print: 108 0x1 
04-02 15:18:04.383 D/AGM: metadata( 2368): metadata_print: 108 0x3 
04-02 15:18:04.383 D/AGM: metadata( 2368): metadata_print: 108 0x2 
04-02 15:18:04.383 D/AGM: metadata( 2368): metadata_print: 108 0x5 
04-02 15:18:04.383 D/AGM: metadata( 2368): metadata_print: 115 ****************Metadata Done***************************
04-02 15:18:04.383 D/OplusAudioxImpl_AIDL( 2368): setParameterSpecific, paramId=0x100100be
04-02 15:18:04.383 D/AGM: graph( 2368): graph_open: 710 miid 40bd mid 7001000 tag c0000002
04-02 15:18:04.383 D/OplusAudioxEffect_AIDL( 2368): setParam(): paramId=100100be
04-02 15:18:04.383 D/AGM: graph( 2368): graph_open: 766 miid 4079 mid 700100e tag c0000004
04-02 15:18:04.383 D/OplusAudioxEffect_AIDL( 2368): setParamforSpeaker, volume 0, no change.
04-02 15:18:04.383 D/AGM: graph( 2368): graph_open: 710 miid 40c4 mid 7001019 tag c0000006
04-02 15:18:04.383 D/OplusAudioxEffect_AIDL( 2368): setParamforSpeaker, volume 0, volumeLevel 1
04-02 15:18:04.383 D/AGM: graph( 2368): graph_open: 710 miid 40bf mid 7001005 tag c000000e
04-02 15:18:04.383 D/OplusAudioxEffect_AIDL( 2368): setParam() returned 0
04-02 15:18:04.383 D/AGM: graph( 2368): graph_open: 710 miid 40c0 mid 7001003 tag c0000010
04-02 15:18:04.383 D/AGM: graph( 2368): graph_open: 710 miid 4165 mid 7001032 tag c0000013
04-02 15:18:04.383 I/GPR:    ( 2368): __gpr_cmd_register_v2:931 GPR Register: Source Port is 8210 heap_index: 0
04-02 15:18:04.383 I/gsl     ( 2368): gsl_send_spf_cmd:223 sending pkt opcode 0x1001000 token 0x0033e000
04-02 15:18:04.383 E/PerformanceService( 2477): [WAKER_IDENTIFY] pid message 7494;0;1 is writen to proc
04-02 15:18:04.383 D/AudioBoost( 2609): audioWakeTracing setWakeSeedThread end, pid 7418, tid 7494, inUid 0, id 71, isWakee 1, -> handle = 32.
04-02 15:18:04.385 I/SystemUi--Volume( 4498): MultiMediaRepository-->onMultiMediaStateChange pid= 7418,state= 1 ,sessionId=393,packageName=com.example.noarkgames
04-02 15:18:04.386 I/COUIVerticalSeekBar( 4498): COUIVerticalSeekBar ensureSize : mIsProgressFull:true,mBackgroundRadius:60.375,mBackgroundWidth:121.0,mBackgroundEnlargeScale0.16,mProgressRadius:60.375,mProgressWidth:121.0,mProgressEnlargeScale0.16,mPaddingVertical60.375
04-02 15:18:04.386 I/COUIVerticalSeekBar( 4498): updateBehavior * normalSeekBarHeight = -120.75,mPaddingVertical = 60.375,mIsPhysicsEnable = true,mPhysicalAnimator = null,mFlingBehavior = null,Thread_name = main,hashCode = 9297708,time = 1775123284386
04-02 15:18:04.387 I/gsl     ( 2368): gsl_send_spf_cmd:274 rcvd pkt token : 0x33e000
04-02 15:18:04.387 E/gsl     ( 2368): gsl_graph_check_ckvs:911 CKVs mismatched. ACDB CKVs count 2 CKVs sent from HAL count 4
04-02 15:18:04.387 I/gsl     ( 2368): gsl_graph_check_kv:799 can't find ckv's key, kvp:0xd2000000, 0
04-02 15:18:04.387 I/gsl     ( 2368): gsl_graph_check_kv:799 can't find ckv's key, kvp:0xbe000000, 3
04-02 15:18:04.387 I/gsl     ( 2368): gsl_send_spf_cmd:223 sending pkt opcode 0x100100c token 0x0033f000
04-02 15:18:04.387 I/gsl     ( 2368): gsl_send_spf_cmd:274 rcvd pkt token : 0x33f000
04-02 15:18:04.387 I/gsl     ( 2368): gsl_send_spf_cmd:223 sending pkt opcode 0x1001006 token 0x00340000
04-02 15:18:04.391 I/gsl     ( 2368): gsl_send_spf_cmd:274 rcvd pkt token : 0x340000
04-02 15:18:04.391 I/gsl     ( 2368): gsl_send_spf_cmd:223 sending pkt opcode 0x100100d token 0x00341000
04-02 15:18:04.392 I/gsl     ( 2368): gsl_send_spf_cmd:274 rcvd pkt token : 0x341000
04-02 15:18:04.392 E/ACDB    ( 2368): AcdbCmdGetProcSubgraphCalDataPersist:8255 Error[19]: No calibration found
04-02 15:18:04.392 E/ACDB    ( 2368): AcdbCmdGetProcSubgraphCalDataPersist:8255 Error[19]: No calibration found
04-02 15:18:04.392 E/ACDB    ( 2368): AcdbCmdGetProcSubgraphCalDataPersist:8255 Error[19]: No calibration found
04-02 15:18:04.392 E/ACDB    ( 2368): AcdbCmdGetProcSubgraphCalDataPersist:8255 Error[19]: No calibration found
04-02 15:18:04.392 D/AGM: graph( 2368): graph_open: 810 graph_handle 0x247534c
04-02 15:18:04.392 D/AGM: graph( 2368): graph_open: 850 exit, ret 0
04-02 15:18:04.392 D/AGM: graph( 2368): graph_set_config: 1245 entry graph_handle 0x247534c
04-02 15:18:04.392 I/gsl     ( 2368): gsl_send_spf_cmd:223 sending pkt opcode 0x1001006 token 0x00342000
04-02 15:18:04.392 I/gsl     ( 2368): gsl_send_spf_cmd:274 rcvd pkt token : 0x342000
04-02 15:18:04.392 D/AGM: graph( 2368): graph_set_config: 1253 exit, graph handle 0x247534c, ret 0
04-02 15:18:04.392 I/AgmIpc::Server( 2368): addSessionHandle sessionId 126 handle b4000078f1e24340 
04-02 15:18:04.392 D/PLUGIN: pcm( 2368): agm_pcm_hw_params: 509 agm_pcm_hw_params: mode: 0
04-02 15:18:04.392 I/PAL: SessionAlsaUtils( 2368): getModuleInstanceId: 1268: tag_id 0xc0000019, MIID is 0x40c8
04-02 15:18:04.392 D/PAL: Session( 2368): configureMFC: 1006: miid : 40c8 id = 126, data TDM-LPAIF-RX-SECONDARY, dev id = 3
04-02 15:18:04.392 I/PAL: PayloadBuilder( 2368): payloadMFCConfig: 887: sample_rate:48000 bit_width:24 num_channels:2 Miid:16584
04-02 15:18:04.392 I/PAL: Session( 2368): updateCustomPayload: 671: customPayloadSize = 32
04-02 15:18:04.392 D/AGM: graph( 2368): graph_set_config: 1245 entry graph_handle 0x247534c
04-02 15:18:04.392 I/gsl     ( 2368): gsl_send_spf_cmd:223 sending pkt opcode 0x1001006 token 0x00343000
04-02 15:18:04.392 I/gsl     ( 2368): gsl_send_spf_cmd:274 rcvd pkt token : 0x343000
04-02 15:18:04.392 D/AGM: graph( 2368): graph_set_config: 1253 exit, graph handle 0x247534c, ret 0
04-02 15:18:04.392 D/PAL: Session( 2368): setInitialVolume: 1298: Enter
04-02 15:18:04.392 D/PAL: SessionAlsaPcm( 2368): setConfig: 761: Enter tag: -1073741811
04-02 15:18:04.392 D/PAL: Stream( 2368): getVolumeData: 804: num config 1
04-02 15:18:04.392 I/gsl     ( 2368): gsl_send_spf_cmd:223 sending pkt opcode 0x1001006 token 0x00344000
04-02 15:18:04.393 I/gsl     ( 2368): gsl_send_spf_cmd:274 rcvd pkt token : 0x344000
04-02 15:18:04.393 E/ACDB    ( 2368): AcdbCmdGetProcSubgraphCalDataPersist:8255 Error[19]: No calibration found
04-02 15:18:04.393 E/ACDB    ( 2368): AcdbCmdGetProcSubgraphCalDataPersist:8255 Error[19]: No calibration found
04-02 15:18:04.393 E/ACDB    ( 2368): AcdbCmdGetProcSubgraphCalDataPersist:8255 Error[19]: No calibration found
04-02 15:18:04.393 E/ACDB    ( 2368): AcdbCmdGetProcSubgraphCalDataPersist:8255 Error[19]: No calibration found
04-02 15:18:04.393 D/PAL: SessionAlsaPcm( 2368): setConfig: 914: exit status: 0 
04-02 15:18:04.393 D/PAL: Session( 2368): setInitialVolume: 1377: Exit status: 0
04-02 15:18:04.393 D/PAL: SessionAlsaPcm( 2368): start: 2125: pcmLpmRefCnt 0
04-02 15:18:04.393 D/audio_route( 2368): Apply path: PM_QOS_Vote
04-02 15:18:04.393 D/PAL: Session( 2368): setPmQosMixerCtl: 161: mixer control enabled for PM_QOS Vote 
04-02 15:18:04.393 D/AGM: graph( 2368): graph_prepare: 926 entry graph_handle 0x247534c
04-02 15:18:04.393 D/AGM: graph_module( 2368): configure_pcm_shared_mem_ep: 1708 entry mod tag c0000002 miid 40bd mid 7001000
04-02 15:18:04.393 I/gsl     ( 2368): gsl_send_spf_cmd:223 sending pkt opcode 0x1001006 token 0x00345000
04-02 15:18:04.393 I/gsl     ( 2368): gsl_send_spf_cmd:274 rcvd pkt token : 0x345000
04-02 15:18:04.393 D/AGM: graph_module( 2368): configure_pcm_shared_mem_ep: 1784 exit, ret 0
04-02 15:18:04.393 D/AGM: graph_module( 2368): configure_hw_ep_media_config: 644 entry mod tag c0000004 miid 4079 mid 700100e
04-02 15:18:04.393 D/AGM: graph_module( 2368): configure_hw_ep_media_config: 674 rate 48000 bw 32 ch 8, data_fmt 1
04-02 15:18:04.393 I/gsl     ( 2368): gsl_send_spf_cmd:223 sending pkt opcode 0x1001006 token 0x00346000
04-02 15:18:04.393 I/gsl     ( 2368): gsl_send_spf_cmd:274 rcvd pkt token : 0x346000
04-02 15:18:04.393 D/AGM: graph_module( 2368): configure_hw_ep_media_config: 684 exit, ret 0
04-02 15:18:04.393 I/gsl     ( 2368): gsl_send_spf_cmd:223 sending pkt opcode 0x1001006 token 0x00347000
04-02 15:18:04.393 I/gsl     ( 2368): gsl_send_spf_cmd:274 rcvd pkt token : 0x347000
04-02 15:18:04.393 D/AGM: graph_module( 2368): configure_tdm_ep: 460 exit, ret 0
04-02 15:18:04.393 D/AGM: graph_module( 2368): configure_output_media_format: 767 entry mod tag c000000e miid 40bf mid 7001005
04-02 15:18:04.393 I/gsl     ( 2368): gsl_send_spf_cmd:223 sending pkt opcode 0x1001006 token 0x00348000
04-02 15:18:04.393 I/gsl     ( 2368): gsl_send_spf_cmd:274 rcvd pkt token : 0x348000
04-02 15:18:04.393 D/AGM: graph_module( 2368): configure_output_media_format: 898 exit, ret 0
04-02 15:18:04.393 D/AGM: graph_module( 2368): configure_output_media_format: 767 entry mod tag c0000010 miid 40c0 mid 7001003
04-02 15:18:04.393 I/gsl     ( 2368): gsl_send_spf_cmd:223 sending pkt opcode 0x1001006 token 0x00349000
04-02 15:18:04.393 I/gsl     ( 2368): gsl_send_spf_cmd:274 rcvd pkt token : 0x349000
04-02 15:18:04.393 D/AGM: graph_module( 2368): configure_output_media_format: 898 exit, ret 0
04-02 15:18:04.393 D/AGM: graph_module( 2368): configure_spr: 1912 SPR module IID 4165
04-02 15:18:04.393 D/AGM: graph_module( 2368): configure_spr: 1935 HW EP module IID 4079
04-02 15:18:04.393 I/gsl     ( 2368): gsl_send_spf_cmd:223 sending pkt opcode 0x1001006 token 0x0034a000
04-02 15:18:04.393 I/gsl     ( 2368): gsl_send_spf_cmd:274 rcvd pkt token : 0x34a000
04-02 15:18:04.393 D/AGM: graph( 2368): configure_buffer_params: 212 Enter
04-02 15:18:04.393 D/AGM: graph( 2368): configure_buffer_params: 275 Playback sess buf_sz 1152 num_bufs 2
04-02 15:18:04.393 E/AGM: graph( 2368): configure_buffer_params: 308 Unsupported buffer mode : 0, Default to Blocking
04-02 15:18:04.393 D/AGM: graph( 2368): configure_buffer_params: 328 exit, ret 0
04-02 15:18:04.393 I/gsl     ( 2368): gsl_send_spf_cmd:223 sending pkt opcode 0x1001001 token 0x0034b000
04-02 15:18:04.395 I/gsl     ( 2368): gsl_send_spf_cmd:274 rcvd pkt token : 0x34b000
04-02 15:18:04.395 D/AGM: graph( 2368): graph_prepare: 1004 exit, ret 0
04-02 15:18:04.395 D/AGM: graph( 2368): graph_start: 1027 entry graph_handle 0x247534c
04-02 15:18:04.395 I/gsl     ( 2368): gsl_send_spf_cmd:223 sending pkt opcode 0x1001002 token 0x0034c000
04-02 15:18:04.397 I/gsl     ( 2368): gsl_send_spf_cmd:274 rcvd pkt token : 0x34c000
04-02 15:18:04.397 D/AGM: graph( 2368): graph_start: 1040 exit, ret 0
04-02 15:18:04.398 D/CompositionEngine( 2647): Layer: Taskbar#104 had an out of bounds transparent region
04-02 15:18:04.398 D/Region  ( 2647):   Region transparentRegionHint (this=0xb4000078ef27a740, count=1)
04-02 15:18:04.398 D/Region  ( 2647):     [691, 833, 2701, 1038]
04-02 15:18:04.399 I/InputDispatcher( 3698): updateFocusedWindow, 45eb220 com.example.noarkgames/com.godot.game.GodotAppLauncher on display 0, reason: Window became focusable. Previous reason: NOT_VISIBLE, result:   FocusedWindows:
04-02 15:18:04.399 I/InputDispatcher( 3698):     displayId=0, name='45eb220 com.example.noarkgames/com.godot.game.GodotAppLauncher'
04-02 15:18:04.400 D/VRI[GodotAppLauncher]( 7418): onFocusEvent true
04-02 15:18:04.401 D/InputMethodManagerService( 3698): isSecurity: attribute.packageName = com.example.noarkgames mCurMethodId = com.google.android.inputmethod.latin/com.android.inputmethod.latin.LatinIME isSecurity = false ( enable = true needShow = false inBlackList = false isExist = true )
04-02 15:18:04.401 I/ImeTracker( 3698): com.example.noarkgames:5d1c8078: onRequestHide at ORIGIN_SERVER reason HIDE_UNSPECIFIED_WINDOW fromUser false
04-02 15:18:04.402 D/InsetsController( 7418): hide(ime(), fromIme=false)
04-02 15:18:04.402 I/ImeTracker( 7418): com.example.noarkgames:5d1c8078: onCancelled at PHASE_CLIENT_ALREADY_HIDDEN
04-02 15:18:04.403 I/GoogleInputMethodService(10172): GoogleInputMethodService.onFinishInput():2114 
04-02 15:18:04.403 I/Module  (10172): DeviceLockedStatusModuleProvider$Module.updateDeviceLockedStatus():103 repeatCheckTimes = 0, locked = false
04-02 15:18:04.403 I/ImeTracker( 3698): system_server:549e9799: onRequestHide at ORIGIN_SERVER reason IME_REQUESTED_CHANGED_LISTENER fromUser false
04-02 15:18:04.404 I/GoogleInputMethodService(10172): GoogleInputMethodService.onStartInput():1385 onStartInput(EditorInfo{EditorInfo{packageName=com.example.noarkgames, inputType=0, inputTypeString=NULL, enableLearning=false, autoCorrection=false, autoComplete=false, imeOptions=0, privateImeOptions=null, actionName=UNSPECIFIED, actionLabel=null, initialSelStart=-1, initialSelEnd=-1, initialCapsMode=0, label=null, fieldId=0, fieldName=null, extras=Bundle[{com.oplus.im.WINDOW_MODE=1, com.oplus.im.SCENES=8}], hintText=null, hintLocales=[]}}, false)
04-02 15:18:04.404 W/AndroidIME(10172): LatinIMEBase.updateInputViewCoverNavigation():319 Null input view, cannot update padding!
04-02 15:18:04.404 I/ImeTracker( 3698): system_server:549e9799: onCancelled at PHASE_SERVER_SHOULD_HIDE
04-02 15:18:04.404 D/OplusSplitScreenManagerService( 3698): isNeedForceShowSystemBarsWhenSplit, landspace no need force show system bar
04-02 15:18:04.404 D/OplusSplitScreenManagerService( 3698): isNeedForceShowSystemBarsWhenSplit, landspace no need force show system bar
04-02 15:18:04.404 D/AdfrV32FrameRateUtils( 4498): set frameRate in trantion end, leash=Surface(name=Task=1)/@0x285a341, transaction=android.view.SurfaceControl$Transaction@f2061c9, precisionType=1, typeId=20101, typeEnable=false
04-02 15:18:04.404 I/Module  (10172): DeviceLockedStatusModuleProvider$Module.updateDeviceLockedStatus():103 repeatCheckTimes = 1, locked = false
04-02 15:18:04.404 D/AdfrV32FrameRateUtils( 4498): set frameRate in trantion end, leash=Surface(name=Task=921)/@0x6ba28, transaction=android.view.SurfaceControl$Transaction@f2061c9, precisionType=1, typeId=20101, typeEnable=false
04-02 15:18:04.404 D/OplusShellTransition( 4498): DefaultTransitionHandler#onAnimFinish=> transition=android.os.BinderProxy@ab3f847, backAnimContinue=false
04-02 15:18:04.405 V/WindowManagerShell( 4498): Transition animation finished (aborted=false), notifying core (#125) android.os.BinderProxy@ab3f847@0
04-02 15:18:04.405 W/PackageConfigPersister( 3698): App-specific configuration not found for packageName: com.example.noarkgames and userId: 0
04-02 15:18:04.405 D/SplitScreen-->AppLockManager( 4498): setStartFromSafeControl mStartFromSafeControl=false
04-02 15:18:04.405 D/ShellTaskOrganizerExt( 4498): adjust change for exiting mini task: -1
04-02 15:18:04.406 D/Transition( 3698): finishTransition ar ActivityRecord{20160391 u0 com.android.launcher/.Launcher t5}, isVisibleRequested=false, state=PAUSED, visibleAtTransitionEndTokens={WallpaperWindowToken{4eb3580 showWhenLocked=false}, ActivityRecord{104787216 u0 com.example.noarkgames/com.godot.game.GodotAppLauncher t921}}, this=TransitionRecord{56f9d36 id=125 track=0 type=OPEN flags=0x0 state=2 c=[
04-02 15:18:04.406 D/Transition( 3698):    ChangeInfo{309437 container=ActivityRecord{20160391 u0 com.android.launcher/.Launcher t5} flags=0x0}
04-02 15:18:04.406 D/Transition( 3698):    ChangeInfo{be36322 container=Task{266f20e #921 type=standard A=10333:com.example.noarkgames} flags=0x10}
04-02 15:18:04.406 D/Transition( 3698):    ChangeInfo{b620da4 container=WallpaperWindowToken{4eb3580 showWhenLocked=false} flags=0x0}
04-02 15:18:04.406 D/Transition( 3698):    ChangeInfo{9bff70d container=ActivityRecord{104787216 u0 com.example.noarkgames/com.godot.game.GodotAppLauncher t921} flags=0x0}
04-02 15:18:04.406 D/Transition( 3698):    ChangeInfo{651c1b3 container=Task{68a621c #1 type=home} flags=0x10}
04-02 15:18:04.406 D/Transition( 3698):    ChangeInfo{51056c2 container=Task{832524e #5 type=undefined I=com.android.launcher/.Launcher} flags=0x10}
04-02 15:18:04.406 D/Transition( 3698):    ChangeInfo{e703cd3 container=DefaultTaskDisplayArea@138262857 flags=0x0}
04-02 15:18:04.406 D/Transition( 3698):    ChangeInfo{6846010 container=Display{#0 state=ON size=3392x2400 ROTATION_90} flags=0x0}
04-02 15:18:04.406 D/Transition( 3698):    ChangeInfo{801f709 container=WallpaperWindowToken{a8e29ac showWhenLocked=true} flags=0x0}
04-02 15:18:04.406 D/Transition( 3698): ]
04-02 15:18:04.406 D/Transition( 3698): }
04-02 15:18:04.406 D/ActivityTaskManager( 3698): commitVisibility: ActivityRecord{20160391 u0 com.android.launcher/.Launcher t5}: visible=false visibleRequested=false, isInTransition=false 
04-02 15:18:04.406 D/WindowManager( 3698): NFW_setClientVisible:ActivityRecord{20160391 u0 com.android.launcher/.Launcher t5} clientVisible:false
04-02 15:18:04.406 I/WindowManager( 3698): Window{7fe122d u0 com.google.android.googlequicksearchbox} state from HAS_DRAWN to DRAW_PENDING; reason: resetDrawState
04-02 15:18:04.406 D/VRI[googlequicksearchbox]( 9853): dispatchAppVisibility visible:false mUpcomingWindowFocus:false
04-02 15:18:04.406 D/VRI[Launcher]( 4922): dispatchAppVisibility visible:false mUpcomingWindowFocus:false
04-02 15:18:04.406 D/Transition( 3698): finishTransition ar ActivityRecord{104787216 u0 com.example.noarkgames/com.godot.game.GodotAppLauncher t921}, isVisibleRequested=true, state=RESUMED, visibleAtTransitionEndTokens={WallpaperWindowToken{4eb3580 showWhenLocked=false}, ActivityRecord{104787216 u0 com.example.noarkgames/com.godot.game.GodotAppLauncher t921}}, this=TransitionRecord{56f9d36 id=125 track=0 type=OPEN flags=0x0 state=2 c=[
04-02 15:18:04.406 D/Transition( 3698):    ChangeInfo{309437 container=ActivityRecord{20160391 u0 com.android.launcher/.Launcher t5} flags=0x0}
04-02 15:18:04.406 D/Transition( 3698):    ChangeInfo{be36322 container=Task{266f20e #921 type=standard A=10333:com.example.noarkgames} flags=0x10}
04-02 15:18:04.406 D/Transition( 3698):    ChangeInfo{b620da4 container=WallpaperWindowToken{4eb3580 showWhenLocked=false} flags=0x0}
04-02 15:18:04.406 D/Transition( 3698):    ChangeInfo{9bff70d container=ActivityRecord{104787216 u0 com.example.noarkgames/com.godot.game.GodotAppLauncher t921} flags=0x0}
04-02 15:18:04.406 D/Transition( 3698):    ChangeInfo{651c1b3 container=Task{68a621c #1 type=home} flags=0x10}
04-02 15:18:04.406 D/Transition( 3698):    ChangeInfo{51056c2 container=Task{832524e #5 type=undefined I=com.android.launcher/.Launcher} flags=0x10}
04-02 15:18:04.406 D/Transition( 3698):    ChangeInfo{e703cd3 container=DefaultTaskDisplayArea@138262857 flags=0x0}
04-02 15:18:04.406 D/Transition( 3698):    ChangeInfo{6846010 container=Display{#0 state=ON size=3392x2400 ROTATION_90} flags=0x0}
04-02 15:18:04.406 D/Transition( 3698):    ChangeInfo{801f709 container=WallpaperWindowToken{a8e29ac showWhenLocked=true} flags=0x0}
04-02 15:18:04.406 D/Transition( 3698): ]
04-02 15:18:04.406 D/Transition( 3698): }
04-02 15:18:04.406 D/VRI[googlequicksearchbox]( 9853): visibilityChanged oldVisibility=true newVisibility=false
04-02 15:18:04.406 D/WindowManager( 3698): NFW_setClientVisible:WallpaperWindowToken{4eb3580 showWhenLocked=false} clientVisible:false
04-02 15:18:04.406 D/WallpaperControllerExtImpl( 3698): screenshot + id = 4 userId = 0
04-02 15:18:04.406 D/HWUI    ( 4922): SkiaOpenGLPipeline::setSurface: this=0xb4000070d7d255c0, surface=NULL
04-02 15:18:04.406 I/OplusAppSwitchManagerService( 3698):  handleAppVisible , r = ActivityRecord{104787216 u0 com.example.noarkgames/com.godot.game.GodotAppLauncher t921}
04-02 15:18:04.407 D/CompactWindowManagerService( 3698): shortComponentName = com.example.noarkgames/com.godot.game.GodotAppLauncher
04-02 15:18:04.407 D/OplusTransitionController( 3698): finishTransition, transition: TransitionRecord{56f9d36 id=125 track=0 type=OPEN flags=0x0 state=4 c=[
04-02 15:18:04.407 D/OplusTransitionController( 3698):    ChangeInfo{309437 container=ActivityRecord{20160391 u0 com.android.launcher/.Launcher t5} flags=0x0}
04-02 15:18:04.407 D/OplusTransitionController( 3698):    ChangeInfo{be36322 container=Task{266f20e #921 type=standard A=10333:com.example.noarkgames} flags=0x10}
04-02 15:18:04.407 D/OplusTransitionController( 3698):    ChangeInfo{b620da4 container=WallpaperWindowToken{4eb3580 showWhenLocked=false} flags=0x0}
04-02 15:18:04.407 D/OplusTransitionController( 3698):    ChangeInfo{9bff70d container=ActivityRecord{104787216 u0 com.example.noarkgames/com.godot.game.GodotAppLauncher t921} flags=0x0}
04-02 15:18:04.407 D/OplusTransitionController( 3698):    ChangeInfo{651c1b3 container=Task{68a621c #1 type=home} flags=0x10}
04-02 15:18:04.407 D/OplusTransitionController( 3698):    ChangeInfo{51056c2 container=Task{832524e #5 type=undefined I=com.android.launcher/.Launcher} flags=0x10}
04-02 15:18:04.407 D/OplusTransitionController( 3698):    ChangeInfo{e703cd3 container=DefaultTaskDisplayArea@138262857 flags=0x0}
04-02 15:18:04.407 D/OplusTransitionController( 3698):    ChangeInfo{6846010 container=Display{#0 state=ON size=3392x2400 ROTATION_90} flags=0x0}
04-02 15:18:04.407 D/OplusTransitionController( 3698):    ChangeInfo{801f709 container=WallpaperWindowToken{a8e29ac showWhenLocked=true} flags=0x0}
04-02 15:18:04.407 D/OplusTransitionController( 3698): ]
04-02 15:18:04.407 D/OplusTransitionController( 3698): }
04-02 15:18:04.407 D/FlexibleTaskTransitionController( 3698):  finishTransition pendingRecentToFlexibleTask:null,isRotationTransition:false ,pendingRecentToFlexible:null ,transition:TransitionRecord{56f9d36 id=125 track=0 type=OPEN flags=0x0 state=4 c=[
04-02 15:18:04.407 D/FlexibleTaskTransitionController( 3698):    ChangeInfo{309437 container=ActivityRecord{20160391 u0 com.android.launcher/.Launcher t5} flags=0x0}
04-02 15:18:04.407 D/FlexibleTaskTransitionController( 3698):    ChangeInfo{be36322 container=Task{266f20e #921 type=standard A=10333:com.example.noarkgames} flags=0x10}
04-02 15:18:04.407 D/FlexibleTaskTransitionController( 3698):    ChangeInfo{b620da4 container=WallpaperWindowToken{4eb3580 showWhenLocked=false} flags=0x0}
04-02 15:18:04.407 D/FlexibleTaskTransitionController( 3698):    ChangeInfo{9bff70d container=ActivityRecord{104787216 u0 com.example.noarkgames/com.godot.game.GodotAppLauncher t921} flags=0x0}
04-02 15:18:04.407 D/FlexibleTaskTransitionController( 3698):    ChangeInfo{651c1b3 container=Task{68a621c #1 type=home} flags=0x10}
04-02 15:18:04.407 D/FlexibleTaskTransitionController( 3698):    ChangeInfo{51056c2 container=Task{832524e #5 type=undefined I=com.android.launcher/.Launcher} flags=0x10}
04-02 15:18:04.407 D/FlexibleTaskTransitionController( 3698):    ChangeInfo{e703cd3 container=DefaultTaskDisplayArea@138262857 flags=0x0}
04-02 15:18:04.407 D/FlexibleTaskTransitionController( 3698):    ChangeInfo{6846010 container=Display{#0 state=ON size=3392x2400 ROTATION_90} flags=0x0}
04-02 15:18:04.407 D/FlexibleTaskTransitionController( 3698):    ChangeInfo{801f709 container=WallpaperWindowToken{a8e29ac showWhenLocked=true} flags=0x0}
04-02 15:18:04.407 D/FlexibleTaskTransitionController( 3698): ]
04-02 15:18:04.407 D/FlexibleTaskTransitionController( 3698): }
04-02 15:18:04.407 D/ActivityManager( 3698): reportOneUidFrozenStateChanged uid 10124 frozen = false
04-02 15:18:04.407 D/BufferQueueProducer( 4922): [VRI[Launcher]#24(BLAST Consumer)24](id:133a00000072,api:1,p:4922,c:4922) disconnect: api 1
04-02 15:18:04.407 D/ActivityManager( 3698): pid 600 com.google.android.as.oss received async transactions while frozen
04-02 15:18:04.407 D/HWUI    ( 4922): createSurface new attribs array
04-02 15:18:04.407 D/libEGL  ( 4922): this is from skia gles
04-02 15:18:04.407 D/BufferQueueProducer( 4922): [VRI[Launcher]#24(BLAST Consumer)24](id:133a00000072,api:1,p:4922,c:4922) connect: api=1 producerControlledByApp=true
04-02 15:18:04.407 D/ActivityManager( 3698): sync unfroze 600 com.google.android.as.oss for 6
04-02 15:18:04.407 D/RefreshRate( 3698): ***** request traversal for refresh rate change, reason is highTempRefreshRateChanged: false, windowRefreshRateChanged: true, flexibleWindowStateChanged: false, has float/zoom window *****
04-02 15:18:04.407 D/TransitionControllerExtImpl( 3698): NFW_send RECOMPUTE_FOCUS in finishTransition
04-02 15:18:04.407 E/OplusOverviewProxyImpl[u0]( 4922): called appTransitionPending without implementation
04-02 15:18:04.407 D/ShellTaskOrganizer( 4498): onTransitionFinish, isRecent:false
04-02 15:18:04.407 V/WindowManagerShell( 4498): Track 0 became idle
04-02 15:18:04.407 V/WindowManagerShell( 4498): All active transition animations finished
04-02 15:18:04.407 E/OplusOverviewProxyImpl[u0]( 4922): called appTransitionPending without implementation
04-02 15:18:04.408 D/OplusSplitScreenManagerService( 3698): isNeedForceShowSystemBarsWhenSplit, landspace no need force show system bar
04-02 15:18:04.408 I/TaskOrganizerController( 3698): onTaskInfoChanged taskid 1 config { mBounds=Rect(0, 0 - 3392, 2400) mAppBounds=Rect(0, 0 - 3392, 2400) mMaxBounds=Rect(0, 0 - 3392, 2400) mDisplayRotation=ROTATION_90 mWindowingMode=fullscreen mActivityType=home mAlwaysOnTop=undefined mRotation=ROTATION_90}
04-02 15:18:04.408 D/ActivityThread(  600): Package [com.example.noarkgames] reported as REPLACED, but missing application info. Assuming REMOVED.
04-02 15:18:04.408 D/ActivityThread(  600): Package [com.example.noarkgames] reported as REPLACED, but missing application info. Assuming REMOVED.
04-02 15:18:04.408 D/OplusFlexibleDragToSplitAnimController( 3698): visibleFlexibleTaskInfos delete:1
04-02 15:18:04.408 E/FlexibleWindowManagerService( 3698): notifyTaskObserverToAttachController not need to notify!
04-02 15:18:04.408 I/FlexibleWindowManagerService( 3698): onFlexibleWindowTaskInfoChanged, return for cur task not embedded
04-02 15:18:04.408 D/ActivityThread(  600): Package [com.example.noarkgames] reported as REPLACED, but missing application info. Assuming REMOVED.
04-02 15:18:04.409 D/WindowManager( 3698): NFW_findFocusedWindowIfNeeded:Window{45eb220 u0 com.example.noarkgames/com.godot.game.GodotAppLauncher} mCurrentFocus:Window{45eb220 u0 com.example.noarkgames/com.godot.game.GodotAppLauncher}
04-02 15:18:04.409 E/OplusOverviewProxyImpl[u0]( 4922): called updateWallpaperVisibility without implementation
04-02 15:18:04.409 I/Quality-ScreenOnOffLogProcessor(11637): withInScreenOnOffRange mIsScreenOn:true refTime:1775123283882 mRecentScreenOnTime:1775123154067 mRecentScreenOffTime:1775123149135
04-02 15:18:04.409 I/SplitScreenManager( 4922): Attached Launcher#c8d23ac ON_STOP
04-02 15:18:04.409 D/ShellTaskOrganizerExt( 4498): visibleFlexibleTaskInfos delete:1
04-02 15:18:04.409 D/ShellTaskOrganizerExt( 4498): isOnCanvas size:0
04-02 15:18:04.409 D/ShellTaskOrganizerExt( 4498): isOnThreeFlexibleCanvas size:0
04-02 15:18:04.410 I/UserAwareMgr( 3698): handleAppChangedToBg, pkgName: com.android.launcher, pid: 4922
04-02 15:18:04.410 D/DnsDomainBlock( 4752): onDnsEvent: latencyMs=0, returnCode=0, uid=10124
04-02 15:18:04.411 W/SpringAnimation( 4922): finishToEndImmediately but animation not started.
04-02 15:18:04.411 V/GameManagerService( 3698): Game power mode ON (only games in foreground)
04-02 15:18:04.411 E/Parcel  (12338): Attempt to read or write from protected data in Parcel 0xb4000071288f2680. pos: 4, nextObject: 0, object offset: 4, object size: 24
04-02 15:18:04.411 E/Parcel  (12338): Attempt to read or write from protected data in Parcel 0xb4000071288f2680. pos: 8, nextObject: 0, object offset: 4, object size: 24
04-02 15:18:04.411 E/Parcel  (12338): Attempt to read or write from protected data in Parcel 0xb4000071288f2680. pos: 12, nextObject: 0, object offset: 4, object size: 24
04-02 15:18:04.411 E/Parcel  (12338): Attempt to read or write from protected data in Parcel 0xb4000071288f2680. pos: 16, nextObject: 0, object offset: 4, object size: 24
04-02 15:18:04.412 D/AnimSeqTimeStamp( 4922): resetLastLaunchTaskTime
04-02 15:18:04.412 I/ImeTracker( 4922): com.android.launcher:8b085bbb: onRequestHide at ORIGIN_CLIENT reason HIDE_SOFT_INPUT fromUser false
04-02 15:18:04.412 I/ImeTracker( 4922): com.android.launcher:8b085bbb: onFailed at PHASE_CLIENT_VIEW_SERVED
04-02 15:18:04.412 E/Parcel  (  600): Attempt to read or write from protected data in Parcel 0xb4000070d2515500. pos: 4, nextObject: 0, object offset: 4, object size: 24
04-02 15:18:04.412 E/Parcel  (  600): Attempt to read or write from protected data in Parcel 0xb4000070d2515500. pos: 8, nextObject: 0, object offset: 4, object size: 24
04-02 15:18:04.412 E/Parcel  (  600): Attempt to read or write from protected data in Parcel 0xb4000070d2515500. pos: 12, nextObject: 0, object offset: 4, object size: 24
04-02 15:18:04.412 E/Parcel  (  600): Attempt to read or write from protected data in Parcel 0xb4000070d2515500. pos: 16, nextObject: 0, object offset: 4, object size: 24
04-02 15:18:04.412 I/OplusCustomScanStrategy( 4912): msg.what = 6
04-02 15:18:04.413 I/ProtectedDownloadGrpcBindableService(  600): Starting GetManifestConfig request
04-02 15:18:04.413 I/ProtectedDownloadProcessorImpl(  600): creating new persistent state for client com.google.android.aicore:18103149225492435673
04-02 15:18:04.413 I/ProtectedDownloadProcessorImpl(  600): generating new key set for a new client persistent state
04-02 15:18:04.418 D/CompositionEngine( 2647): Layer: Taskbar#104 had an out of bounds transparent region
04-02 15:18:04.418 D/Region  ( 2647):   Region transparentRegionHint (this=0xb4000078ef27a740, count=1)
04-02 15:18:04.418 D/Region  ( 2647):     [691, 833, 2701, 1038]
04-02 15:18:04.418 I/WindowStateExtImpl( 3698): onSurfaceShowChange show = false mPackageName = com.android.launcher parentPkgName = com.android.launcher
04-02 15:18:04.418 D/Transition( 3698): finishTransaction-onCommitted syncId=125
04-02 15:18:04.418 I/DispPerfService( 2647): updateLayerMask 8
04-02 15:18:04.419 I/SDM     ( 2422): SDMColorModeStc::ApplyCurrentColorModeWithRenderIntent: Applying Stc mode (gamut 1 gamma 1 intent 303), curr mode 7, render intent 303, hdr present 0
04-02 15:18:04.419 I/vendor.qti.bluetooth@1.0-ibs_handler( 2342): ProcessIbsCmd: Received IBS_SLEEP_IND: 0xFE
04-02 15:18:04.420 I/DolbyVisionClstcImpl( 2422): DolbyImpl setBlendCsInfo 
04-02 15:18:04.420 I/SDM     ( 2422): ClstcAlgorithmAdapter::UcscToneMap():1632 Checksum for layer 434 is: 0
04-02 15:18:04.420 I/SDM     ( 2422): ClstcAlgorithmAdapter::UcscToneMap():1632 Checksum for layer 430 is: 0
04-02 15:18:04.421 D/pfaca_s ( 2422): Panel(0) XN242_p_d_dsc_video_mode_panel, Pre-m:0, manual-m:-1, Update:0, valid_meta_data:0, Gamut:1, Intent:303, bri:2632
04-02 15:18:04.421 D/pfaca_s ( 2422): +++ hw asset PostBlendPCC(enable:1), PCC 1.000000, 0.910000, 0.717000
04-02 15:18:04.421 D/pfaca_s ( 2422): sRGB-LsRGB-7(gamut:1,it:303)
04-02 15:18:04.421 D/pfaca_Cache( 2422): A P:0 M:3 BRI:2632
04-02 15:18:04.421 D/pfaca_Cache( 2422): adjustGC the mode is 3 mode num is 3 brightness is 2632
04-02 15:18:04.424 D/DisplayPolicyExtImpl( 3698): getInvalidNavigationBarHeight: barHeight=42
04-02 15:18:04.424 D/DisplayPolicyExtImpl( 3698): getInvalidNavigationBarHeight: barHeight=42
04-02 15:18:04.424 I/SurfaceControl( 4922):  setExtendedRangeBrightness sc=Surface(name=Taskbar)/@0x7463ceb,currentBufferRatio=1.0,desiredRatio=1.0
04-02 15:18:04.424 V/WindowManager( 3698): Relayout Window{bd04f06 u0 Taskbar}: viewVisibility=0, oldvis=0, req=3392x800 , apr = 0, vsysui=, x=0, y=0
04-02 15:18:04.425 D/SurfaceView( 4922): 89251554 dispatchDraw mDrawFinished true isAboveParent false (mPrivateFlags & PFLAG_SKIP_DRAW) 128
04-02 15:18:04.425 D/SurfaceView( 4922): 89251554 clearSurfaceViewPort mCornerRadius 0.0
04-02 15:18:04.425 D/HWUI    ( 9853): RenderProxy::destroy: this=0xb400007128937000, mContext=0xb400007037c80740
04-02 15:18:04.425 D/OplusSplitScreenManagerService( 3698): isNeedForceShowSystemBarsWhenSplit, landspace no need force show system bar
04-02 15:18:04.425 D/HWUI    ( 9853): SkiaVulkanPipeline::setSurface: this=0xb4000071289c9880, surface=NULL
04-02 15:18:04.425 D/BufferQueueProducer( 9853): [VRI[googlequicksearchbox]#27(BLAST Consumer)27](id:267d0000001b,api:1,p:9853,c:9853) disconnect: api 1
04-02 15:18:04.425 D/WindowManager( 3698): NFW_findFocusedWindowIfNeeded:Window{45eb220 u0 com.example.noarkgames/com.godot.game.GodotAppLauncher} mCurrentFocus:Window{45eb220 u0 com.example.noarkgames/com.godot.game.GodotAppLauncher}
04-02 15:18:04.425 D/CompactWindowManagerService( 3698): shortComponentName = com.example.noarkgames/com.godot.game.GodotAppLauncher
04-02 15:18:04.426 D/BLASTBufferQueue( 7418): [5862d52 SurfaceView[com.example.noarkgames/com.godot.game.GodotAppLauncher]#1](f:0,a:1) acquireNextBufferLocked size=3392x2400 mFrameNumber=1 applyTransaction=true mTimestamp=5295895850321(auto) mPendingTransactions.size=0 graphicBufferId=31860067401731 transform=0
04-02 15:18:04.426 D/OplusStartingWindowManager( 3698): skip remove starting window for activity = ActivityRecord{20160391 u0 com.android.launcher/.Launcher t5} ,ar != topActivityContainsStartingWindow on activityStopped
04-02 15:18:04.426 D/ViewRootImplExtImpl( 9853): wrapConfigInfoIntoFlags rotation=0, smallestScreenWidthDp=914, residentWS=false, scenario=0, bounds=Rect(0, 0 - 2400, 3392), relayoutAsync=false, flags=0, newFlags=1778414144, title=com.google.android.googlequicksearchbox
04-02 15:18:04.427 V/WindowManager( 3698): Relayout Window{7fe122d u0 com.google.android.googlequicksearchbox}: viewVisibility=8, oldvis=0, req=3392x2400 , apr = 0, vsysui=
04-02 15:18:04.427 I/WindowManager( 3698): Window{7fe122d u0 com.google.android.googlequicksearchbox} state from DRAW_PENDING to NO_SURFACE; reason: destroySurface
04-02 15:18:04.427 W/SmartWindowScene( 3698): updateWindowState fail! invalid window type: -1
04-02 15:18:04.427 D/OplusSplitScreenManagerService( 3698): isNeedForceShowSystemBarsWhenSplit, landspace no need force show system bar
04-02 15:18:04.428 D/BackgroundInstallControlService( 3698): Package event received: 0
04-02 15:18:04.428 D/WindowManager( 3698): NFW_findFocusedWindowIfNeeded:Window{45eb220 u0 com.example.noarkgames/com.godot.game.GodotAppLauncher} mCurrentFocus:Window{45eb220 u0 com.example.noarkgames/com.godot.game.GodotAppLauncher}
04-02 15:18:04.428 D/CompactWindowManagerService( 3698): shortComponentName = com.example.noarkgames/com.godot.game.GodotAppLauncher
04-02 15:18:04.428 D/BLASTBufferQueue( 9853): [VRI[googlequicksearchbox]#27](f:0,a:1) destructor()
04-02 15:18:04.429 D/BufferQueueConsumer( 9853): [VRI[googlequicksearchbox]#27(BLAST Consumer)27](id:267d0000001b,api:0,p:-1,c:9853) disconnect
04-02 15:18:04.429 I/bsws    ( 9853): onStop
04-02 15:18:04.430 I/OStatsManager_Calc( 3698): add screen power pkgName = com.example.noarkgames, uid = 10333, power = 340.3429750003852, is Fg = true, fore size = 2, mScale = 1.0
04-02 15:18:04.430 I/OStatsManager_Calc( 3698): noteBeforePkgSwitch change = false, curTime = 99333709, com.android.launcher, fg = true
04-02 15:18:04.430 I/OStatsManager_OplusBatteryStatsManager( 3698): updateStateTime: PkgName = com.android.launcher, uid = 10222, state to bg, mForegroundCnt = 0, isFg = false
04-02 15:18:04.430 I/OStatsManager_OplusBatteryStatsManager( 3698): notePkgBackground [com.example.noarkgames10333], uid = 10222, pid = 4922, pkgName = com.android.launcher
04-02 15:18:04.430 D/OsenseCommonUtils( 3698): /dev/memcg/apps/uid_10222/memory.app_score not exist
04-02 15:18:04.430 D/OplusAtlas.OplusAudioScene( 6147): callback success event:atlas_event_on_foreground_activities_changed eventInfo:pid:4922,uid:10222,hasForegroundActivities:0
04-02 15:18:04.436 D/VRI[GodotAppLauncher]( 7418): draw finished. seqId=0
04-02 15:18:04.437 D/SurfaceView( 7418): 92679506 finishedDrawing
04-02 15:18:04.437 D/SurfaceView( 7418): 92679506 performDrawFinished mAttachedToWindow true
04-02 15:18:04.437 D/OplusSplitScreenManagerService( 3698): isNeedForceShowSystemBarsWhenSplit, landspace no need force show system bar
04-02 15:18:04.437 E/KeymasterUtils( 1286): IKMHal_sendCmd failed with rsp_header->status: -28
04-02 15:18:04.437 E/KeyMasterHalDevice( 1286): abort_operation
04-02 15:18:04.437 E/KeyMasterHalDevice( 1286): ret: -28
04-02 15:18:04.439 I/DispPerfService( 2647): updateLayerMask 0
04-02 15:18:04.440 D/skia    ( 2647): findCacheMissInfo vsync 602601, result 0
04-02 15:18:04.442 I/PAL: SessionAlsaUtils( 2368): getModuleInstanceId: 1268: tag_id 0xc0000006, MIID is 0x40c4
04-02 15:18:04.442 D/PAL: SessionAlsaPcm( 2368): start: 2286: Exit status: 0
04-02 15:18:04.442 D/PAL: ResourceManager( 2368): registerDevice: 4866: Enter. dev id: 3
04-02 15:18:04.442 D/PAL: ResourceManager( 2368): checkandEnableEC_l: 4804: Enter: setting to enable[ON] for stream 1.
04-02 15:18:04.442 D/PAL: ResourceManager( 2368): checkandEnableECForRXStream_l: 4712: Enter: setting EC[ON] for usecase 1 of device 3.
04-02 15:18:04.442 D/PAL: ResourceManager( 2368): checkandEnableECForRXStream_l: 4778: Exit. status: 0
04-02 15:18:04.442 D/PAL: ResourceManager( 2368): checkandEnableEC_l: 4835: Exit. status: 0
04-02 15:18:04.442 D/PAL: ResourceManager( 2368): registerDevice: 4888: Exit.
04-02 15:18:04.442 D/PAL_OplusSpeakerProtection( 2368): updateDynamicEQ: 749: updateDynamicEQ: mEqDynCtlVal=-1, mDeviceStartCount=1, ret=0
04-02 15:18:04.442 D/PAL: ResourceManager( 2368): checkAndSetDutyCycleParam: 7425: duty cycle for UPD not enabled
04-02 15:18:04.442 D/PAL: memLoggerBuilder( 2368): palStateQueueBuilder: 77: TIME IS:1775123284442
04-02 15:18:04.442 D/PAL: StreamPCM( 2368): start: 775: Exit. state 3, status 0
04-02 15:18:04.442 I/PAL: API( 2368): pal_stream_start: 574: Exit. status 0
04-02 15:18:04.442 I/AHAL_StreamOut_QTI( 2368): configure : usecase: LOW_LATENCY_PLAYBACK IoHandle: 13 : stream is configured
04-02 15:18:04.442 I/AHAL_StreamOut_QTI( 2368): configure : usecase: LOW_LATENCY_PLAYBACK IoHandle: 13 : completed in 69.6456 ms [pal_stream_open: 0.567761, ms pal_stream_start: 69.0184 ms]
04-02 15:18:04.444 I/godot   ( 7418): Patient database path: /data/data/com.example.noarkgames/files/records/patients.json
04-02 15:18:04.445 D/SurfaceView( 7418): 92679506 dispatchDraw mDrawFinished true isAboveParent false (mPrivateFlags & PFLAG_SKIP_DRAW) 128
04-02 15:18:04.445 D/SurfaceView( 7418): 92679506 clearSurfaceViewPort mCornerRadius 0.0
04-02 15:18:04.446 I/godot   ( 7418): Loaded patient database with 0 patients
04-02 15:18:04.455 E/KeymasterUtils( 1286): IKMHal_sendCmd failed with rsp_header->status: -28
04-02 15:18:04.455 E/KeyMasterHalDevice( 1286): abort_operation
04-02 15:18:04.455 E/KeyMasterHalDevice( 1286): ret: -28
04-02 15:18:04.456 E/KeymasterUtils( 1286): IKMHal_sendCmd failed with rsp_header->status: -28
04-02 15:18:04.456 E/KeyMasterHalDevice( 1286): abort_operation
04-02 15:18:04.456 E/KeyMasterHalDevice( 1286): ret: -28
04-02 15:18:04.456 W/GodotIO ( 7418): Shared storage access is limited on Android 10 and higher.
04-02 15:18:04.456 I/godot   ( 7418): Scores database path: /storage/emulated/0/Documents/NOARK/records/scores.json
04-02 15:18:04.456 W/GodotIO ( 7418): Shared storage access is limited on Android 10 and higher.
04-02 15:18:04.457 I/RemoteProvisionSysSvc( 3698): getRegistration(android.hardware.security.keymint.IRemotelyProvisionedComponent/default)
04-02 15:18:04.458 D/ActivityManager( 3698): reportOneUidFrozenStateChanged uid 10287 frozen = false
04-02 15:18:04.458 D/ActivityManager( 3698): pid 487 com.google.android.rkpdapp received async transactions while frozen
04-02 15:18:04.458 D/ActivityManager( 3698): sync unfroze 487 com.google.android.rkpdapp for 6
04-02 15:18:04.458 D/ActivityThread(  487): Package [com.example.noarkgames] reported as REPLACED, but missing application info. Assuming REMOVED.
04-02 15:18:04.459 D/ActivityThread(  487): Package [com.example.noarkgames] reported as REPLACED, but missing application info. Assuming REMOVED.
04-02 15:18:04.459 D/ActivityThread(  487): Package [com.example.noarkgames] reported as REPLACED, but missing application info. Assuming REMOVED.
04-02 15:18:04.460 I/RegistrationProxy( 3698): onServiceConnected: com.android.rkpdapp.service.RemoteProvisioningService
04-02 15:18:04.461 I/RegistrationProxy( 3698): IGetRegistrationCallback.onSuccess
04-02 15:18:04.461 D/ActivityManager( 3698): Async freezing 487 com.google.android.rkpdapp
04-02 15:18:04.462 I/RemoteProvisionSysSvc( 3698): Fetching key 10124 for client 191229590
04-02 15:18:04.462 I/RegistrationProxy( 3698): getKeyAsync operation started with callback 119306775
04-02 15:18:04.462 I/RkpdRegistrationBinder(  487): Key requested for : android.hardware.security.keymint.IRemotelyProvisionedComponent/default, clientUid: 1017, keyId: 10124, callback: 139353547
04-02 15:18:04.462 I/RkpdRegistrationBinder(  487): Key successfully assigned to client
04-02 15:18:04.462 D/AudioFlinger( 2609): prepareTracks_l: track 71 sid 393 s=00000000 [OK] on thread 13, framesReady=2658, minFrames=1, isReady=1, isTerminated=0, isShare=1, Ignor=1, desirFs=886
04-02 15:18:04.462 I/RemoteProvisionSysSvc( 3698): Successfully fetched key for client 191229590
04-02 15:18:04.462 I/AF::PthrPatchRecord( 2609): processMuteEvent(71): processed mute state for port ID 50 from 0 to 0x42
04-02 15:18:04.469 I/godot   ( 7418): Loaded scores database with 1 patients
04-02 15:18:04.471 D/DrmLibTime( 1287): Time dispatch starts
04-02 15:18:04.471 D/DrmLibTime( 1287): command id, time_cmd_id = 770
04-02 15:18:04.471 D/DrmLibTime( 1287): time_getutcsec starts!
04-02 15:18:04.471 D/DrmLibTime( 1287): QSEE Time Listener: time_getutcsec
04-02 15:18:04.471 D/DrmLibTime( 1287): QSEE Time Listener: get_utc_seconds
04-02 15:18:04.471 D/DrmLibTime( 1287): QSEE Time Listener: time_get_modem_time
04-02 15:18:04.471 D/DrmLibTime( 1287): QSEE Time Listener: Checking if ATS_MODEM is set or not.
04-02 15:18:04.471 D/QC-time-services( 1287): Lib:time_genoff_operation: pargs->base = 13
04-02 15:18:04.471 D/QC-time-services( 1287): Lib:time_genoff_operation: pargs->operation = 2
04-02 15:18:04.471 D/QC-time-services( 1287): Lib:time_genoff_operation: pargs->ts_val = 0
04-02 15:18:04.471 D/QC-time-services( 2098): Daemon: Connection accepted:time_genoff
04-02 15:18:04.471 D/QC-time-services( 1287): Lib:time_genoff_operation: Send to server  passed!!
04-02 15:18:04.471 D/QC-time-services( 2098): Daemon:Received base = 13, unit = 1, operation = 2,value = 0
04-02 15:18:04.471 D/QC-time-services( 2098): Daemon:genoff_opr: Base = 13, val = 0, operation = 2
04-02 15:18:04.471 D/QC-time-services( 2098): offset is: 0 for base: 13
04-02 15:18:04.471 E/QC-time-services( 1287): Receive Passed == base = 13, unit = 1, operation = 2, result = 0
04-02 15:18:04.471 E/QC-time-services( 2098): Daemon: Time-services: Waiting to acceptconnection
04-02 15:18:04.471 D/DrmLibTime( 1287): QSEE Time Listener: ATS_MODEM is not set. Fallback to Android system time.
04-02 15:18:04.471 D/DrmLibTime( 1287): QSEE Time Listener: Retrieved Android system time: 1775123284
04-02 15:18:04.471 D/DrmLibTime( 1287): time_getutcsec returns 0, sec = 1775123284; nsec = 0
04-02 15:18:04.471 D/DrmLibTime( 1287): time_getutcsec finished! 
04-02 15:18:04.471 D/DrmLibTime( 1287): time_services Dispatch ends and ret = 0! 
04-02 15:18:04.478 I/mple.noarkgames( 7418): Compiler allocated 7207KB to compile void android.view.ViewRootImpl.performTraversals()
04-02 15:18:04.482 D/AudioFlinger_PlaybackThreadExtImpl( 2609): checkForClosePa state change 0 => 1, on thread: 6, black 0, size 1
04-02 15:18:04.609 I/vendor.qti.bluetooth@1.0-ibs_handler( 2342): ProcessIbsCmd: Received IBS_WAKE_IND: 0xFD
04-02 15:18:04.609 I/vendor.qti.bluetooth@1.0-ibs_handler( 2342): ProcessIbsCmd: Writing IBS_WAKE_ACK
04-02 15:18:04.628 I/vendor.qti.bluetooth@1.0-ibs_handler( 2342): DeviceSleep: TX Awake, Sending SLEEP_IND
04-02 15:18:04.637 D/VRR [OTI-HW]( 2647): isStateReady 0
04-02 15:18:04.637 D/VRR [OTI-HW]( 2647): keep rate.
04-02 15:18:04.649 I/vendor.qti.bluetooth@1.0-ibs_handler( 2342): ProcessIbsCmd: Received IBS_SLEEP_IND: 0xFE
04-02 15:18:04.649 D/vendor.qti.bluetooth@1.0-ibs_handler( 2342): SerialClockVote: vote for UART CLK OFF
04-02 15:18:04.724 W/InteractionJankMonitor( 7418): Initializing without READ_DEVICE_CONFIG permission. enabled=false, interval=1, missedFrameThreshold=3, frameTimeThreshold=64, package=com.example.noarkgames
04-02 15:18:04.724 D/OplusWindowManagerServiceEnhance( 3698): setInsetAnimationTid: pid 7418 ,tid 7418 ,enable false ,uafEnable true
04-02 15:18:04.725 I/ImeTracker( 3698): system_server:554fb439: onRequestHide at ORIGIN_SERVER reason IME_REQUESTED_CHANGED_LISTENER fromUser false
04-02 15:18:04.725 I/ImeTracker( 3698): system_server:554fb439: onCancelled at PHASE_SERVER_SHOULD_HIDE
04-02 15:18:04.731 D/AppSenseConfig( 4883): getIgnoreAppList: [com.android.launcher, com.android.contacts, com.oplus.wirelesssettings, com.coloros.alarmclock, com.coloros.calculator, com.coloros.calendar, com.coloros.phonemanager, com.android.settings, com.android.phone, com.oplus.nas, com.oplus.nhs, com.oplus.appdetail, com.android.permissioncontroller, com.oplus.pscanvas, com.oplus.autotest.test.ctp, com.android.systemui, com.android.systemui.overlay.fingerprint.anim.fy, com.android.systemui.overlay.fingerprint.anim.qy, com.android.systemui.overlay.fingerprint.anim.sw, com.android.systemui.overlay.fingerprint.anim.xw, com.android.systemui.overlay.fingerprint.anim.ccyh, com.android.systemui.overlay.fingerprint.anim.halo, com.android.systemui.overlay.fingerprint.anim.jslz, com.android.systemui.overlay.fingerprint.anim.none, com.android.systemui.overlay.fingerprint.anim.xklc]
04-02 15:18:04.731 D/AppSenseConfig( 4883): getIgnoreAppList: [com.android.launcher, com.android.contacts, com.oplus.wirelesssettings, com.coloros.alarmclock, com.coloros.calculator, com.coloros.calendar, com.coloros.phonemanager, com.android.settings, com.android.phone, com.oplus.nas, com.oplus.nhs, com.oplus.appdetail, com.android.permissioncontroller, com.oplus.pscanvas, com.oplus.autotest.test.ctp, com.android.systemui, com.android.systemui.overlay.fingerprint.anim.fy, com.android.systemui.overlay.fingerprint.anim.qy, com.android.systemui.overlay.fingerprint.anim.sw, com.android.systemui.overlay.fingerprint.anim.xw, com.android.systemui.overlay.fingerprint.anim.ccyh, com.android.systemui.overlay.fingerprint.anim.halo, com.android.systemui.overlay.fingerprint.anim.jslz, com.android.systemui.overlay.fingerprint.anim.none, com.android.systemui.overlay.fingerprint.anim.xklc]
04-02 15:18:04.731 D/ActivityAdapter( 4883): taskChange: pre: 0, cur: 1, changed:true
04-02 15:18:04.731 D/ActivityAdapter( 4883): notifyActivityQuery: [com.example.noarkgames; com.godot.game.GodotApp; 1; COMMON; 10333]
04-02 15:18:04.731 D/OPlusFrontAppManager( 4883): useAdapterResult, pkg=com.example.noarkgames,activity=com.godot.game.GodotApp,result=true
04-02 15:18:04.731 D/OPlusFrontAppManager( 4883): decide -->> [com.example.noarkgames; com.godot.game.GodotApp; 1; GAME_PLAYING; 10333]
04-02 15:18:04.731 D/ConferenceScene( 4883): pkg:com.example.noarkgames, activity:com.godot.game.GodotApp, appSense:COMMON
04-02 15:18:04.731 D/NetworkUtils( 4883): list1 size 1,list2 size0
04-02 15:18:04.731 D/SceneService( 4883): handleMessage what:1004
04-02 15:18:04.731 D/SceneService( 4883): notifyAppSceneChanged original mode:{live:0,video:0,voice call:0,video call:0,live host:0,game:0,meeting:0,news:0,file transfer:0},appInfoUnit:[{pkgName:com.example.noarkgames,activityName:,winMode:1,event:GAME,type:0,subEvent:3,pid:7418,uid:10333}]
04-02 15:18:04.731 D/SceneService( 4883): notifySceneChanged apNotify:true,instanceId:0,scene:306_0,mode:1
04-02 15:18:04.732 D/RadioProxyJ[0]( 4883): [636]> sendSceneMode,scene:306,mode:1
04-02 15:18:04.732 D/VsComponent( 2908): notifySceneModeChange sceneId=306, sceneMode=1
04-02 15:18:04.732 D/QmiVsClient( 2908): setSceneMode - enter,state 306,mode 1
04-02 15:18:04.732 E/QmiClient( 2908): qmi_client_send_msg_async error -18
04-02 15:18:04.732 E/QmiVsClient( 2908): error - sendAsyncRequest QMI_VS_SET_SCENE_MODE_REQ_MSG_V01 ret 1
04-02 15:18:04.732 D/VsProxy ( 2908): handleMessage msg is 4001
04-02 15:18:04.732 D/RadioProxy( 2908): setSceneMode : response cb for instance 0
04-02 15:18:04.732 E/CommandException( 4883): Unrecognized subsys errno 2
04-02 15:18:04.732 D/RadioProxyJ[0]( 4883): [636]< sendSceneModeResponse error 2
04-02 15:18:04.732 D/SceneService( 4883): sendSceneMode response fail for sceneId:306,mode:1
