--------- beginning of system
04-02 14:32:16.906 D/ActivityManager( 3698): Freezer deadlock watchdog
04-02 14:32:17.158 W/ActivityTaskManager( 3698): controller : android.app.IActivityController$Stub$Proxy@cecbbb4, callingPid : 24505
04-02 14:32:17.158 W/ActivityManager( 3698): registerReceiverWithFeature: no app for null
04-02 14:32:17.170 D/PackageManager_InfoGetNullLogPrint( 3698): Target:com.heytap.quicksearchbox callingUid=10222 userid=0 flag=0xc0000 reason is AppInfo not found in mPackages
04-02 14:32:17.175 W/ActivityTaskManager( 3698): callingPackage for (uid=2000, pid=24505) has no WPC
04-02 14:32:17.176 D/CompatChangeReporter( 3698): Compat change id reported: 151861875; UID 10333; state: ENABLED
04-02 14:32:17.177 D/WindowManager( 3698): NFW_setClientVisible:ActivityRecord{255668444 u0 com.example.noarkgames/com.godot.game.GodotAppLauncher clientVisible:true
04-02 14:32:17.177 D/OplusCompatModeManagerService( 3698): getRequestedConfigurationOrientation  res:2,req:0,config.old:0,config.new:0,ActivityRecord{255668444 u0 com.example.noarkgames/com.godot.game.GodotAppLauncher t-1}
04-02 14:32:17.178 D/OplusCompatModeManagerService( 3698): isGamePkg pkg:com.example.noarkgames gameFg:true
04-02 14:32:17.178 D/OplusCompatModeManagerService( 3698):  onPreActivityRecordConfigurationChanged {0.0 ?mcc??mnc ?localeList ?layoutDir ?swdp ?wdp ?hdp ?density ?lsize ?long ?ldr ?wideColorGamut ?orien ?uimode ?night ?touch ?keyb/?/? ?nav/? winConfig={ mBounds=Rect(0, 0 - 0, 0) mAppBounds=null mMaxBounds=Rect(0, 0 - 0, 0) mDisplayRotation=undefined mWindowingMode=undefined mActivityType=undefined mAlwaysOnTop=undefined mRotation=undefined} ?fontWeightAdjustmentmThemeChanged= 0, mThemeChangedFlags= 0, mFlipFont= 0, mScenario= -1, mAccessibleChanged= 0, mUxIconConfig= 0, mMaterialColor= ffffffffffffffff, mUserId= -1, mFontUserId= -1, mFontVariationSettings= ffffffff, mFoldingAngle = -1.0, mIconPackName= , mDarkModeBackgroundMaxL= -1.0, mDarkModeDialogBgMaxL= -1.0, mDarkModeForegroundMinL= -1.0, mOplusConfigType= 0, mOplusChangedConfigs= 0, OpSans= -1, mBurmeseFontFlag= -1, mFlag= 0, mExtraFlag= 0, mFlexibleActivitySuitable= -1, mPuttDisplayFlag= -1}
04-02 14:32:17.178 D/OplusCompatModeManagerService( 3698):  disable:true,valid:false,computeReq:2,isGameRatio:false
04-02 14:32:17.178 D/OplusCompatModeManagerService( 3698):  getOverrideMinAspectRatioForCompatMode: 0.0 getRawOverrideMinAspectRatioForCompatMode: 0.0
04-02 14:32:17.178 D/OplusCompatModeManagerService( 3698):  ar : ActivityRecord{255668444 u0 com.example.noarkgames/com.godot.game.GodotAppLauncher t-1} displayId:-1 inCompatMode: false
04-02 14:32:17.178 D/OplusCompatModeManagerService( 3698): isDefaultDisplay true oldRect: Rect(0, 0 - 0, 0) newRect Rect(0, 0 - 0, 0)
04-02 14:32:17.178 D/OplusCompatModeManagerService( 3698): reloadCompactRatio mParWorldContainer.isEnabledParallelWindow(pkg):false,mParWorldContainer.isDisabledCompactWindow:true,isUIAutoLayout:false, isFullOrientation: false
04-02 14:32:17.178 D/FlexibleTaskController( 3698): isSupportFlexibleWindow target = com.example.noarkgames/com.godot.game.GodotApp callPkg = FlexibleTaskController support = true ,caller = 3698
04-02 14:32:17.178 D/ActivityStarterExtImpl( 3698): do not intercept for realCallingAppIsSystemApp or CallingAppIsSystemApp
04-02 14:32:17.178 E/QosSceneRecognizer[ActivityStartScene]( 3698): notifyActivityStart get launchedFromUid failed through AppManager! launchedFromPackage: com.android.shell, pkg: com.example.noarkgames
04-02 14:32:17.179 D/FlexibleWindowManagerService( 3698): isIgnoreAppearedAcrossTask:false
04-02 14:32:17.179 D/FlexibleWindowManagerService( 3698): isIgnoreAppearedAcrossTask:false
04-02 14:32:17.179 D/FlexibleTaskController( 3698): adjustOptionsForFlexibleTask skip adjust options reason:7
04-02 14:32:17.179 D/FlexibleTaskController( 3698): isSupportFlexibleWindow target = com.example.noarkgames/com.godot.game.GodotApp callPkg = FlexibleTaskController support = true ,caller = 3698
04-02 14:32:17.179 D/FlexibleWindowManagerService( 3698): no reused task found for ActivityRecord{255668444 u0 com.example.noarkgames/com.godot.game.GodotAppLauncher t-1}
04-02 14:32:17.179 D/ActivityTaskManager( 3698): Temporarily retain top process state for launching app
04-02 14:32:17.183 D/OplusCompatModeManagerService( 3698): getRequestedConfigurationOrientation  res:2,req:0,config.old:0,config.new:2,ActivityRecord{255668444 u0 com.example.noarkgames/com.godot.game.GodotAppLauncher t920}
04-02 14:32:17.183 D/OplusCompatModeManagerService( 3698): isGamePkg pkg:com.example.noarkgames gameFg:true
04-02 14:32:17.183 D/OplusCompatModeManagerService( 3698): isGamePkg pkg:com.example.noarkgames gameFg:true
04-02 14:32:17.183 D/OplusCompatModeManagerService( 3698):  onPreActivityRecordConfigurationChanged {1.0 ?mcc??mnc [en_GB] ldltr sw914dp w1292dp h914dp 420dpi xlrg hdr widecg land night finger -keyb/v/h -nav/h winConfig={ mBounds=Rect(0, 0 - 3392, 2400) mAppBounds=Rect(0, 0 - 3392, 2400) mMaxBounds=Rect(0, 0 - 3392, 2400) mDisplayRotation=ROTATION_90 mWindowingMode=fullscreen mActivityType=standard mAlwaysOnTop=undefined mRotation=ROTATION_90} s.1722 fontWeightAdjustment=0mThemeChanged= 0, mThemeChangedFlags= 0, mFlipFont= 0, mScenario= 0, mAccessibleChanged= -1, mUxIconConfig= 4b178315e00121, mMaterialColor= 0, mUserId= 0, mFontUserId= 0, mFontVariationSettings= 1226, mFoldingAngle = -1.0, mIconPackName= , mDarkModeBackgroundMaxL= 0.0, mDarkModeDialogBgMaxL= 27.0, mDarkModeForegroundMinL= 100.0, mOplusConfigType= 1, mOplusChangedConfigs= 0, OpSans= -1, mBurmeseFontFlag= 2, mFlag= 0, mExtraFlag= 0, mFlexibleActivitySuitable= -1, mPuttDisplayFlag= -1}
04-02 14:32:17.183 D/OplusCompatModeManagerService( 3698):  disable:true,valid:true,computeReq:2,isGameRatio:false
04-02 14:32:17.183 D/OplusCompatModeManagerService( 3698):  getOverrideMinAspectRatioForCompatMode: 0.0 getRawOverrideMinAspectRatioForCompatMode: 0.0
04-02 14:32:17.183 D/OplusCompatModeManagerService( 3698):  ar : ActivityRecord{255668444 u0 com.example.noarkgames/com.godot.game.GodotAppLauncher t920} displayId:0 inCompatMode: false
04-02 14:32:17.183 D/OplusCompatModeManagerService( 3698): isDefaultDisplay true oldRect: Rect(0, 0 - 0, 0) newRect Rect(0, 0 - 3392, 2400)
04-02 14:32:17.183 D/OplusCompatModeManagerService( 3698): reloadCompactRatio mParWorldContainer.isEnabledParallelWindow(pkg):false,mParWorldContainer.isDisabledCompactWindow:true,isUIAutoLayout:false, isFullOrientation: false
04-02 14:32:17.184 D/CompactWindowManagerService( 3698): shortComponentName = com.example.noarkgames/com.godot.game.GodotAppLauncher
04-02 14:32:17.185 D/SecondaryPageStartupPolicy( 3698): checkSecondaryPageStartupStatus not support sourcePackage=com.android.shell
04-02 14:32:17.186 D/OplusStartingWindowManager( 3698): we don't revise window flags for third app
04-02 14:32:17.186 D/ActivityTaskManager( 3698): validateStartingWindowTheme:  Pkg=com.example.noarkgames, Translucent=false, Floating=false, ShowWallpaper=false, Disable=false, LaunchSource=4, Prev=null, LaunchedFromPackage=com.android.shell
04-02 14:32:17.186 W/ActivityTaskManager( 3698): addStartingWindow fail due to not okToDisplay
04-02 14:32:17.187 D/RefreshRate( 3698): not enable app switch boost in low brightness mode!
04-02 14:32:17.188 D/ActivityTaskManager( 3698): notifyTaskRemoved, task: Task{150537a #919 type=standard A=10333:com.example.noarkgames} trace:com.android.server.wm.RecentTasks.removeForAddTask:1888 com.android.server.wm.RecentTasks.add:1377 com.android.server.wm.ActivityStarter.startActivityInner:3031 com.android.server.wm.ActivityStarter.startActivityUnchecked:2166 com.android.server.wm.ActivityStarter.executeRequest:1916 
04-02 14:32:17.188 D/ActivityTaskManager( 3698): notifyTaskAdded, task: Task{14e6686 #920 type=standard A=10333:com.example.noarkgames} trace:com.android.server.wm.RecentTasks.add:1392 com.android.server.wm.ActivityStarter.startActivityInner:3031 com.android.server.wm.ActivityStarter.startActivityUnchecked:2166 com.android.server.wm.ActivityStarter.executeRequest:1916 com.android.server.wm.ActivityStarter.execute:1004 
04-02 14:32:17.189 I/ActivityTaskManager( 3698): START u0 {act=android.intent.action.MAIN cat=[android.intent.category.LAUNCHER] flg=0x10200000 cmp=com.example.noarkgames/com.godot.game.GodotAppLauncher mCallingUid=2000} with LAUNCH_SINGLE_INSTANCE_PER_TASK from uid 2000 (BAL_ALLOW_PERMISSION (START_ACTIVITIES_FROM_BACKGROUND permission granted)) result code=0
04-02 14:32:17.190 V/WindowManagerShell( 4498): Transition requested (#104): android.os.BinderProxy@a64d036 TransitionRequestInfo { type = OPEN, triggerTask = TaskInfo{userId=0 taskId=920 effectiveUid=10333 displayId=0 isRunning=true baseIntent=Intent { act=android.intent.action.MAIN cat=[android.intent.category.LAUNCHER] flg=0x10200000 cmp=com.example.noarkgames/com.godot.game.GodotAppLauncher mCallingUid=2000 } baseActivity=ComponentInfo{com.example.noarkgames/com.godot.game.GodotApp} topActivity=ComponentInfo{com.example.noarkgames/com.godot.game.GodotApp} origActivity=ComponentInfo{com.example.noarkgames/com.godot.game.GodotAppLauncher} realActivity=ComponentInfo{com.example.noarkgames/com.godot.game.GodotApp}
04-02 14:32:17.190 V/WindowManagerShell( 4498):  numActivities=1 lastActiveTime=96586467 supportsSplitScreenMultiWindow=true supportsMultiWindow=true supportsPocketStudioMultiWindow=true isInFlexibleEmbedded = false uid = 10333 pid = 0 resizeMode=2 isResizeable=true minWidth=-1 minHeight=-1 defaultMinSize=220 token=WCT{android.window.IWindowContainerToken$Stub$Proxy@4214b37} topActivityType=1 pictureInPictureParams=null shouldDockBigOverlays=false launchIntoPipHostTaskId=-1 lastParentTaskIdBeforePip=-1 displayCutoutSafeInsets=Rect(0, 0 - 0, 0)
04-02 14:32:17.190 V/WindowManagerShell( 4498):  topActivityInfo=ActivityInfo{aa1f8a4 com.godot.game.GodotAppLauncher} launchCookies=[] positionInParent=Point(0, 0) parentTaskId=-1 isFocused=false isVisible=false isVisibleRequested=false isTopActivityNoDisplay=false isSleeping=true locusId=null displayAreaFeatureId=1 isTopActivityTransparent=false isActivityStackTransparent=false lastNonFullscreenBounds=Rect(559, 459 - 2833, 1983) capturedLink=null capturedLinkTimestamp=0 requestedVisibleTypes=-9 topActivityRequestOpenInBrowserEducationTimestamp=0
04-02 14:32:17.190 V/WindowManagerShell( 4498):  appCompatTaskInfo=AppCompatTaskInfo { topActivityInSizeCompat=false topActivityInOplusCompatMode=false eligibleForLetterboxEducation= false isLetterboxEducationEnabled= false isLetterboxDoubleTapEnabled= false eligibleForUserAspectRatioButton= false topActivityBoundsLetterboxed= false isFromLetterboxDoubleTap= false topActivityLetterboxVerticalPosition= -1 topActivityLetterboxHorizontalPosition= -1 topActivityLetterboxWidth=-1 topActivityLetterboxHeight=-1 topActivityAppBounds=Rect(0, 0 - 3392, 2400) isUserFullscreenOverrideEnabled=false isSystemFullscreenOverrideEnabled=false hasMinAspectRatioOverride=false topActivityLetterboxBounds=null cameraCompatTaskInfo=CameraCompatTaskInfo { freeformCameraCompatMode=inactive}} topActivityMainWindowFrame=null topActivityLetterboxInsets=Rect(0, 0 - 0, 0)
04-02 14:32:17.190 V/WindowManagerShell( 4498):  mOplusExtraBundle = Bundle[mParcelledData.dataSize=1476]}, pipChange = null, remoteTransition = null, displayChange = null, flags = 0, debugId = 104 }
04-02 14:32:17.190 D/DisplayManagerServiceExtImpl( 3698): scheduleTraversalLocked intraversal=false
04-02 14:32:17.190 I/DisplayManagerServiceExtImpl( 3698): handle logical display changed logicalDisplay=id=0,stack=0,content=true,displayInfo{stack=0,type=1,id=0,uId=local:4630946983774026899,state=OFF,pkg=null}
04-02 14:32:17.190 D/ShellSplitScreen( 4498): logExit: no-op, mLoggerSessionId is null
04-02 14:32:17.190 D/FlexibleTaskController( 3698): isFullToFlexibleAnimating: false
04-02 14:32:17.191 D/WindowManager( 3698): rotation(ROTATION_90) no changed  displayId = 0, lastOrientation = -1
04-02 14:32:17.191 I/iopgp   ( 4788): Iopgp: TRANSACTION_IOPGP_PRELOAD Sequence_id = 6 pkg_name = com.example.noarkgames uid = 10333 size = 1 isProfile = 1
04-02 14:32:17.191 D/FlexibleTaskController( 3698): isFullToFlexibleAnimating: false
04-02 14:32:17.191 D/WindowManager( 3698): rotation(ROTATION_90) no changed  displayId = 0, lastOrientation = -1
04-02 14:32:17.191 W/ActivityTaskManager( 3698): controller : null, callingPid : 24505
04-02 14:32:17.197 E/ActivityThread(31809): Failed to find provider info for com.oplus.dmp.daemon.provider
04-02 14:32:17.201 D/DisplayManagerService( 3698): Delivering display event: displayId=0, event=BASIC_CHANGED
04-02 14:32:17.201 D/WindowManager( 3698): DeferredDisplayUpdater: partially applying DisplayInfo(2400 x 3392) immediately
04-02 14:32:17.202 D/DisplayManagerService( 3698): performTraversalInternal pendingTraversal
04-02 14:32:17.202 D/DisplayDevice( 3698): setLayerStackLocked id=local:4630946983774026899 token=android.os.BinderProxy@ed5d8a5 stack=-1->-1
04-02 14:32:17.202 D/DisplayManagerService( 3698): MSG_REQUEST_TRAVERSAL pendingCompleted=false
04-02 14:32:17.205 I/UserAwareMgr( 3698): filter app: com.example.noarkgames
04-02 14:32:17.205 I/ActivityManager( 3698): Start proc 24531:com.example.noarkgames/u0a333 for top-activity {com.example.noarkgames/com.godot.game.GodotAppLauncher}
04-02 14:32:17.205 D/CastManagerService( 4453): onDisplayChanged.
04-02 14:32:17.205 I/ActivityManager( 3698): ProcessObserver broadcast disabled
04-02 14:32:17.209 I/MemoryOperationUtils( 3698): add 24531 to com.example.noarkgames
04-02 14:32:17.235 D/DisplayManagerServiceExtImpl( 3698): scheduleTraversalLocked intraversal=false
04-02 14:32:17.235 I/DisplayManagerServiceExtImpl( 3698): handle logical display changed logicalDisplay=id=0,stack=0,content=true,displayInfo{stack=0,type=1,id=0,uId=local:4630946983774026899,state=OFF,pkg=null}
04-02 14:32:17.237 D/DisplayManagerService( 3698): Delivering display event: displayId=0, event=BASIC_CHANGED
04-02 14:32:17.238 D/DisplayManagerService( 3698): MSG_REQUEST_TRAVERSAL pendingCompleted=false
04-02 14:32:17.238 D/DisplayManagerService( 3698): performTraversalInternal pendingTraversal
04-02 14:32:17.238 D/DisplayDevice( 3698): setLayerStackLocked id=local:4630946983774026899 token=android.os.BinderProxy@ed5d8a5 stack=-1->-1
04-02 14:32:17.250 D/FlexibleTaskController( 3698): isFullToFlexibleAnimating: false
04-02 14:32:17.250 D/WindowManager( 3698): rotation(ROTATION_90) no changed  displayId = 0, lastOrientation = -1
04-02 14:32:17.250 D/OplusCompatModeManagerService( 3698): getRequestedConfigurationOrientation  res:2,req:0,config.old:2,config.new:2,ActivityRecord{255668444 u0 com.example.noarkgames/com.godot.game.GodotAppLauncher t920}
04-02 14:32:17.250 D/OplusCompatModeManagerService( 3698): isGamePkg pkg:com.example.noarkgames gameFg:true
04-02 14:32:17.250 D/OplusCompatModeManagerService( 3698): isGamePkg pkg:com.example.noarkgames gameFg:true
04-02 14:32:17.250 D/OplusCompatModeManagerService( 3698):  onPreActivityRecordConfigurationChanged {1.0 ?mcc??mnc [en_GB] ldltr sw914dp w1292dp h914dp 420dpi xlrg hdr widecg land night finger -keyb/v/h -nav/h winConfig={ mBounds=Rect(0, 0 - 3392, 2400) mAppBounds=Rect(0, 0 - 3392, 2400) mMaxBounds=Rect(0, 0 - 3392, 2400) mDisplayRotation=ROTATION_90 mWindowingMode=fullscreen mActivityType=standard mAlwaysOnTop=undefined mRotation=ROTATION_90} s.1722 fontWeightAdjustment=0mThemeChanged= 0, mThemeChangedFlags= 0, mFlipFont= 0, mScenario= 0, mAccessibleChanged= -1, mUxIconConfig= 4b178315e00121, mMaterialColor= 0, mUserId= 0, mFontUserId= 0, mFontVariationSettings= 1226, mFoldingAngle = -1.0, mIconPackName= , mDarkModeBackgroundMaxL= 0.0, mDarkModeDialogBgMaxL= 27.0, mDarkModeForegroundMinL= 100.0, mOplusConfigType= 1, mOplusChangedConfigs= 0, OpSans= -1, mBurmeseFontFlag= 2, mFlag= 0, mExtraFlag= 0, mFlexibleActivitySuitable= -1, mPuttDisplayFlag= -1}
04-02 14:32:17.250 D/OplusCompatModeManagerService( 3698):  disable:true,valid:true,computeReq:2,isGameRatio:false
04-02 14:32:17.250 D/OplusCompatModeManagerService( 3698):  getOverrideMinAspectRatioForCompatMode: 0.0 getRawOverrideMinAspectRatioForCompatMode: 0.0
04-02 14:32:17.250 D/OplusCompatModeManagerService( 3698):  ar : ActivityRecord{255668444 u0 com.example.noarkgames/com.godot.game.GodotAppLauncher t920} displayId:0 inCompatMode: false
04-02 14:32:17.250 D/OplusCompatModeManagerService( 3698): isDefaultDisplay true oldRect: Rect(0, 0 - 3392, 2400) newRect Rect(0, 0 - 3392, 2400)
04-02 14:32:17.250 D/OplusCompatModeManagerService( 3698): reloadCompactRatio mParWorldContainer.isEnabledParallelWindow(pkg):false,mParWorldContainer.isDisabledCompactWindow:true,isUIAutoLayout:false, isFullOrientation: false
04-02 14:32:17.250 D/CompactWindowManagerService( 3698): shortComponentName = com.example.noarkgames/com.godot.game.GodotAppLauncher
04-02 14:32:17.250 D/OplusDexOptimizeManager( 3698): androidPackage inappropriate state!
04-02 14:32:17.250 D/CompatChangeReporter( 3698): Compat change id reported: 324203798; UID 10333; state: ENABLED
04-02 14:32:17.251 I/UserAwareMgr( 3698): handleTopAppChanged: com.example.noarkgames, pid: 24531, uid: 10333
04-02 14:32:17.251 I/UserAwareMgr( 3698): filter app: com.example.noarkgames
04-02 14:32:17.252 D/ActivityTaskManager( 3698): onWindowFocusChanged Task{14e6686 #920 type=standard A=10333:com.example.noarkgames} would transfer to compact
04-02 14:32:17.252 D/ActivityTaskManager( 3698): NFW_setLastResumedActivityUncheckLocked:true r:ActivityRecord{255668444 u0 com.example.noarkgames/com.godot.game.GodotAppLauncher t920} currentFocus:Window{94f8c55 u0 NotificationShade}
04-02 14:32:17.252 D/WindowManager( 3698): NFW_findFocusedWindowIfNeeded:Window{94f8c55 u0 NotificationShade} mCurrentFocus:Window{94f8c55 u0 NotificationShade}
04-02 14:32:17.252 D/FlexibleTaskController( 3698): onTaskFocusChanged prevTask:Task{832524e #5 type=undefined I=com.android.launcher/.Launcher} ,currentTask:Task{14e6686 #920 type=standard A=10333:com.example.noarkgames}, reason: realStartActivityLocked - onActivityStateChanged
04-02 14:32:17.252 D/OplusFlexibleDCSManager( 3698): onNextPkgChanged pkg = com.example.noarkgames
04-02 14:32:17.252 I/OplusAppSwitchManagerService( 3698): appswitch hasProcess ActivityRecord{255668444 u0 com.example.noarkgames/com.godot.game.GodotAppLauncher t920}
04-02 14:32:17.252 I/OplusJoystickManager( 3698): handleApplicationSwitch deprecated!
04-02 14:32:17.252 I/GameManagerServiceExt-GameManagerServiceExt( 3698): on FG change: com.android.launcher|com.example.noarkgames
04-02 14:32:17.252 D/OplusAppSwitchListener( 3698): App Activity Change
04-02 14:32:17.252 I/OplusAppSwitchManagerService( 3698): appswitch hasProcess ActivityRecord{255668444 u0 com.example.noarkgames/com.godot.game.GodotAppLauncher t920}
04-02 14:32:17.253 D/OplusAppSwitchListener( 3698): Detect com.android.launcher switch to background
04-02 14:32:17.253 D/OplusFeatureReduceBrightness( 3698): onAppExit , info = com.android.launcher
04-02 14:32:17.253 D/OplusAppSwitchListener( 3698): Detect com.example.noarkgames switch to foreground
04-02 14:32:17.253 I/GameManagerServiceExt-GameManagerServiceExt( 3698): prePkg= com.android.launcher , nextPkg= com.example.noarkgames prePid= 4922 , nextPid= 24531, check enter or exit game mode.
04-02 14:32:17.255 D/OplusEapManager( 3698): mTargetExitName :com.android.launcher
04-02 14:32:17.255 D/VRR [OPlusRefreshRateService]( 3698): handleFrontAppChange pkgName: null
04-02 14:32:17.256 D/VRR [OPlusExternalRefreshRateManager]( 3698):  [OTI] handleTouchIdlePauseState: Force
04-02 14:32:17.256 E/OplusThermalStats( 3698): Error getting package info: com.example.noarkgames
04-02 14:32:17.256 I/TaskOrganizerController( 3698): onTaskInfoChanged taskid 1 config { mBounds=Rect(0, 0 - 3392, 2400) mAppBounds=Rect(0, 0 - 3392, 2400) mMaxBounds=Rect(0, 0 - 3392, 2400) mDisplayRotation=ROTATION_90 mWindowingMode=fullscreen mActivityType=home mAlwaysOnTop=undefined mRotation=ROTATION_90}
04-02 14:32:17.256 D/OplusFlexibleDragToSplitAnimController( 3698): visibleFlexibleTaskInfos delete:1
04-02 14:32:17.256 E/FlexibleWindowManagerService( 3698): notifyTaskObserverToAttachController not need to notify!
04-02 14:32:17.256 I/FlexibleWindowManagerService( 3698): onFlexibleWindowTaskInfoChanged, return for cur task not embedded
04-02 14:32:17.257 D/OplusAppSwitchRuleInfo( 3698): generateAppEnterInfo - launch_source_type =  , launch_source_traceid = 
04-02 14:32:17.257 D/OplusAppSwitchRuleInfo( 3698): generateAppEnterInfo - launch_source_type =  , launch_source_traceid = 
04-02 14:32:17.257 D/OplusAppSwitchRuleInfo( 3698): generateAppEnterInfo - launch_source_type =  , launch_source_traceid = 
04-02 14:32:17.257 D/OplusAppSwitchRuleInfo( 3698): generateAppEnterInfo - launch_source_type =  , launch_source_traceid = 
04-02 14:32:17.257 D/OplusAppSwitchRuleInfo( 3698): generateAppEnterInfo - launch_source_type =  , launch_source_traceid = 
04-02 14:32:17.257 D/OplusAppSwitchRuleInfo( 3698): generateAppEnterInfo - launch_source_type =  , launch_source_traceid = 
04-02 14:32:17.257 D/OplusEapManager( 3698): mTargetEnterName :com.example.noarkgames
04-02 14:32:17.258 D/OplusAppSwitchRuleInfo( 3698): generateAppEnterInfo - launch_source_type =  , launch_source_traceid = 
04-02 14:32:17.258 D/OplusAppSwitchRuleInfo( 3698): generateAppEnterInfo - launch_source_type =  , launch_source_traceid = 
04-02 14:32:17.258 D/VRR [OPlusRefreshRateService]( 3698): handleFrontAppChange pkgName: com.example.noarkgames
04-02 14:32:17.258 D/VRR [OPlusRefreshRateService]( 3698):  updateGamingStatus [ com.example.noarkgames , com.example.noarkgames , gaming true ]
04-02 14:32:17.258 D/OplusAppSwitchRuleInfo( 3698): generateActivityEnterInfo - launch_source_type =  , launch_source_traceid = 
04-02 14:32:17.258 D/VRR [OPlusSurfaceFlingerController]( 3698):  setMiscConfigGaming : true
04-02 14:32:17.258 D/VRR [OPlusExternalRefreshRateManager]( 3698):  [OTI] handleTouchIdlePauseState: Force
04-02 14:32:17.259 D/FlexibleTaskController( 3698): check task which not have enough child, isInSingleWhiteList:false isCloneTask:false
04-02 14:32:17.259 I/GameManagerServiceExt-GameManagerTopState( 3698): check top result: RunningState{zoomPkg='', topPkg='com.example.noarkgames', pid= 24531, isColdStart=true, isSplit=false, isTVListen=false, mTaskId=920}
04-02 14:32:17.259 I/GameManagerServiceExt-GameManagerServiceExt( 3698): top change IS GAME [com.android.launcher]-[com.example.noarkgames]
04-02 14:32:17.259 I/GameManagerServiceExt-GameManagerServiceExt( 3698): publish game enter, isColdStart: true
04-02 14:32:17.259 D/ActivityTaskManager( 3698): Skipping, invisible task: Task{832524e #5 type=undefined I=com.android.launcher/.Launcher}
04-02 14:32:17.259 I/GameManagerServiceExt-GameBackground( 3698): Now current pkg is : com.example.noarkgames
04-02 14:32:17.259 I/GameManagerServiceExt-GameBackground( 3698): Osense Notify Game Mode on
04-02 14:32:17.259 D/OplusSplitScreenManagerService( 3698): com.android.settings unSupportsSplitScreen by blockList or ForbidActivityList
04-02 14:32:17.259 D/OplusSplitScreenManagerService( 3698): com.android.settings unSupportsSplitScreen by blockList or ForbidActivityList
04-02 14:32:17.260 D/ActivityTaskManager( 3698): after skip size:8,pre-Filtered:com.example.noarkgames # com.google.android.apps.nbu.files # com.orion.notein.global # com.google.android.gms # com.github.android # com.android.vending # com.oplus.ota # com.android.settings # 
04-02 14:32:17.260 E/OFSD    ( 3698): getService vendor.oplus.hardware.slchalservice.ISlcHalService/default fail.
04-02 14:32:17.260 E/OFSD    ( 3698): ret = -1
04-02 14:32:17.260 W/QosScheduler( 3698): executeSceneQosStrategy failed! qos feature no enable
04-02 14:32:17.260 V/GameManagerService( 3698): Game power mode ON (first game in foreground)
04-02 14:32:17.260 V/GameManagerService( 3698): setDefaultFrameRateOverride : 10333 , 120.0
04-02 14:32:17.261 D/OplusBrightnessAmbientAdapter( 3698): onGameModeChanged false--->true
04-02 14:32:17.261 I/GestureLog_OplusGestureObserver( 3698): updateSettings, needRegisterGesture:true, accessibilityEnabled:false, mTalkBackEnable:false, mTouchExplorationState:false, mThreePointersScreenshot:true, mThreePointersAreaScreenshot:true, mThreePointersSplitScreen:true, mThreePointersFlashMemory:true, mThreePointersPreventGame:false, mInGame:true, mSplitScreenEnable:true, mConfineMode:0x0, mSuperPowerEnter: false, mRepeatShowToast: false, mBreathModeOn: false, mUserSetupComplete: true
04-02 14:32:17.261 D/OplusZoomSettingsObserver( 3698): SettingsObserver onChange
04-02 14:32:17.261 D/OplusZoomSettingsObserver( 3698): updateInGameState mInGameState:1 reason:setting-change
04-02 14:32:17.261 D/FlexibleTaskController( 3698): no registerPointerEventListener, not need unregister.
04-02 14:32:17.261 D/GestureLog_OplusGestureObserver( 3698): updateGlobalGestureObserver, gesture = 0xe, threeScreenshotEnable = true, threeAreaScreenshotEnable = true, threeSplitScreenEnable = true, phoneMode = 1 mThreePointersFlashMemory=true
04-02 14:32:17.261 D/FlexibleTaskController( 3698): check task which not have enough child, isInSingleWhiteList:false isCloneTask:false
04-02 14:32:17.261 D/RefreshRate( 3698): onChange, onGameModeValueChange mGameModeStatus = 1
04-02 14:32:17.262 D/AccessibilityManagerServiceExtImpl( 3698): [setInGameMode] mEnableGameModeSwitch = false enableGameModeSwitch=true
04-02 14:32:17.262 D/OplusFloorRefreshRateController( 3698): onDebugGameModeChange gameMode=1
04-02 14:32:17.262 D/OplusZoomSettingsObserver( 3698): SettingsObserver onChange
04-02 14:32:17.262 D/OplusZoomSettingsObserver( 3698): updateInGameState mInGameState:1 reason:setting-change
04-02 14:32:17.265 D/BackgroundInstallControlService( 3698): Package event received: 0
04-02 14:32:17.268 V/Configuration(24531): Updating configuration, locales updated from [] to [en_GB]
04-02 14:32:17.277 W/ContextImpl( 8064): Calling a method in the system process without a qualified user: android.app.ContextImpl.bindService:2135 android.content.ContextWrapper.bindService:901 com.oplus.cosa.sdk.utils.f.j:53 com.oplus.cosa.sdk.utils.f.l:11 com.oplus.cosa.sdk.a.c:29 
04-02 14:32:17.280 D/FlexibleTaskController( 3698): check task which not have enough child, isInSingleWhiteList:false isCloneTask:false
04-02 14:32:17.290 W/ActivityManager( 3698): Receiver with filter android.content.IntentFilter@2e8ed00 already registered for pid 3698, callerPackage is android
04-02 14:32:17.291 W/ActivityManager( 3698): Receiver with filter android.content.IntentFilter@58bacf2 already registered for pid 3698, callerPackage is android
04-02 14:32:17.309 W/RefreshRate( 3698): setGameRefreshRate: rate=0
04-02 14:32:17.309 I/RefreshRate( 3698): requestGameRefreshRate deferWindowLayout
04-02 14:32:17.309 D/VRR [OPlusRefreshRateService]( 3698): setGamePkgName com.example.noarkgames
04-02 14:32:17.309 I/RefreshRate( 3698): requestGameRefreshRate continueWindowLayout
04-02 14:32:17.310 I/GameManagerServiceExt-GameColorx( 3698): safe check status r:false|t:false|c:false
04-02 14:32:17.310 D/OplusPixelWorksController( 3698): Chip feature :0
04-02 14:32:17.310 D/OplusPixelWorksController( 3698): getIrisCapability: 0
04-02 14:32:17.311 D/OplusFeatureMEMCDSR( 3698): getDsrCapability pkg name : com.example.noarkgames
04-02 14:32:17.312 W/ActivityManager( 3698): Unable to start service Intent { xflg=0x4 cmp=com.oplus.games/.module.floatwindow.FloatWindowManagerService (has extras) mCallingUid=10181 } U=0: not found
04-02 14:32:17.320 E/OCvtSystemService( 3698): Cannot get map: android.system.ErrnoException: nativeBpfFdGet failed: ENOENT (No such file or directory)
04-02 14:32:17.327 I/Quality (15033): 17001301:24531 com.example.noarkgames GAME_START
04-02 14:32:17.330 D/ResourcesManagerExtImpl(24531): applyConfigurationToAppResourcesLocked app.getDisplayId() return callback.displayId:-1
04-02 14:32:17.335 I/ActivityManager( 3698): Flag disabled. Ignoring finishAttachApplication from uid: 10333. pid: 24531
04-02 14:32:17.338 D/ResourcesManagerExtImpl(24531): applyConfigurationToAppResourcesLocked app.getDisplayId() return callback.displayId:0
04-02 14:32:17.339 I/DisplayManager(24531): Choreographer implicitly registered for the refresh rate.
04-02 14:32:17.407 E/OplusCustomizeRestrictionManager(24531): sInstance is null, start a new sInstance
04-02 14:32:17.408 D/OplusInputMethodUtil(24531): init sDebug to false, init sDebugIme to false, init sAlwaysOn to false
04-02 14:32:17.408 D/OplusInputMethodUtil(24531): updateDebugToClass InputMethodManager.DEBUG = false
04-02 14:32:17.408 D/OplusInputMethodUtil(24531): updateDebugToClass ImeFocusController.DEBUG = false
04-02 14:32:17.408 D/OplusInputMethodUtil(24531): updateDebugToClass OnBackInvokedDispatcher.DEBUG = false
04-02 14:32:17.408 D/OplusInputMethodUtil(24531): updateDebugToClass InsetsController.DEBUG = false
04-02 14:32:17.409 D/OplusInputMethodUtil(24531): updateDebugToClass BaseInputConnection.DEBUG = false
04-02 14:32:17.419 D/ActivityThread(24531): ComponentInfo{com.example.noarkgames/com.godot.game.GodotAppLauncher} checkFinished=false 2
04-02 14:32:17.419 D/ResourcesManagerExtImpl(24531): applyConfigurationToAppResourcesLocked app.getDisplayId() return callback.displayId:0
04-02 14:32:17.424 I/UserAwareMgr( 3698): filter app: com.example.noarkgames
04-02 14:32:17.425 I/UserAwareMgr( 3698): filter app: com.example.noarkgames
04-02 14:32:17.426 I/UserAwareMgr( 3698): filter app: com.example.noarkgames
04-02 14:32:17.428 D/InsetsController(24531): Setting requestedVisibleTypes to -16 (was -9)
04-02 14:32:17.428 W/WindowManager( 3698): Failed looking up window session=Session{1fef503 24531:u0a10333} callers=com.android.server.wm.WindowManagerService.windowForClientLocked:7018 com.android.server.wm.Session.updateRequestedVisibleTypes:782 android.view.IWindowSession$Stub.onTransact:1032 
04-02 14:32:17.432 D/WindowStateExtImpl( 3698): cannotBeImeTarget while isKeyguardShowing
04-02 14:32:17.432 D/WindowStateExtImpl( 3698): cannotBeImeTarget while isKeyguardShowing
04-02 14:32:17.432 I/WindowManager( 3698): addWindow: New client android.os.BinderProxy@bf1de5f : window=Window{436d0ac u0 com.example.noarkgames/com.godot.game.GodotAppLauncher}
04-02 14:32:17.433 D/ResourcesManagerExtImpl(24531): applyConfigurationToAppResourcesLocked app.getDisplayId() return callback.displayId:0
04-02 14:32:17.436 D/BackgroundInstallControlService( 3698): Package event received: 0
04-02 14:32:17.446 D/CoreBackPreview( 3698): Window{436d0ac u0 com.example.noarkgames/com.godot.game.GodotAppLauncher}: Setting back callback OnBackInvokedCallbackInfo{mCallback=android.window.IOnBackInvokedCallback$Stub$Proxy@700017b, mPriority=0, mIsAnimationCallback=false, mOverrideBehavior=0}
04-02 14:32:17.448 V/WindowManager( 3698): Relayout Window{436d0ac u0 com.example.noarkgames/com.godot.game.GodotAppLauncher}: viewVisibility=0, oldvis=4, req=3392x2400 , apr = 0, vsysui=, x=0, y=0
04-02 14:32:17.448 I/WindowManager( 3698): Window{436d0ac u0 com.example.noarkgames/com.godot.game.GodotAppLauncher} state from NO_SURFACE to DRAW_PENDING; reason: resetDrawState
04-02 14:32:17.449 E/OplusAppQuickStart_AppQuickStartController( 3698): not start from launcher transition:104
04-02 14:32:17.449 D/Transition( 3698): collectOrderChanges onTopTasksEnd: [Task{14e6686 #920 type=standard A=10333:com.example.noarkgames}], reportedOnTop:null, mOnTopTasksStart: [Task{14e6686 #920 type=standard A=10333:com.example.noarkgames}], TDA child: [Task{5b8ebda #2 type=undefined}, Task{ce015f7 #904 type=standard A=1000:com.android.settings.root}, Task{256a624 #905 type=standard A=10246:com.oplus.ota nonResizable}, Task{97ba47e #910 type=standard A=10326:com.github.android}, Task{d244002 #911 type=standard I=com.google.android.gms/.nearby.sharing.main.MainActivity}, Task{d0b2897 #912 type=standard A=10247:com.orion.notein.global}, Task{41c9eb4 #913 type=standard A=10115:com.google.android.apps.nbu.files}, Task{68a621c #1 type=home}, Task{14e6686 #920 type=standard A=10333:com.example.noarkgames}]
04-02 14:32:17.449 D/OplusFlexibleActivityTransitionManager( 3698): fixTransitType type result:1, targets: []
04-02 14:32:17.449 D/OplusTransitionController( 3698): onTransactionReady, transition: 104, info: {id=104 t=OPEN f=0x40 trk=0 r=[] c=[] 
04-02 14:32:17.449 D/OplusTransitionController( 3698): extendInfo=[
04-02 14:32:17.449 D/OplusTransitionController( 3698):  OplusTransitionExtendedInfo{mTmpFinishT=null, mInOplusCompatMode=false, mIsProcessRunning=false, mHasMismatchBoundsTarget=false, mRecentsController=null, mRemoteTransition=null, mIsTranslucentActivityToHome=false, mAvoidInterceptKeyEventToHome=false, mIsFromHome=false, mParentLeash=null, mBackAnimClosingLeash=null, mIsOplusAnimRes=false, mKeepBgForContinuous=false, mIsBalAllow=true, mTaskNotInRecent=false, mIsPredictiveBackAnim=false, mIsMergedWithPredictive=false, mIsLaunchFromSpruce=false, mIsLaunchFromDrive=false, mGlobalSearchPageSwitch=false, mNeedNoAlphaGlobalSearchScene=false, mAssistScreenShowing=false, mSwipeUpBrowserScreenShowing=false, mUserIdTransition=-1
04-02 14:32:17.449 D/OplusTransitionController( 3698): , mInRemoteScene=false, mInPreReady=false, mPreStart=false, mToken=null, mAbortByRemoteFromHome=false, mShellApplyToken=null, mRequestTransitionTaskId=920, mAbortTransitionOnShell=0, mStartFromShortcut=false, mRemovedTaskId=-1, mTransitionInterruptType=0, mMergeSecondTaskId=-1, mTaskIdStartFromRecents=0, mTransitionId=104, mCanUseSpringSlideAnim=false, mTransitionLaunchFrom=0, mFoldChangeType=-1, mAnimStartingPosition=[0, 0, 0, 0], mIsOpeningStkDialogActivity=false, mSecondaryHomeToFrontWhenUnFolding=false, mIsNeedApplyStartTForEmbedded=false
04-02 14:32:17.449 D/OplusTransitionController( 3698): , mNeedCanvasExitAnim=false, mMergeSecondTaskAnimation=false, mIsLaunchUnityStart=false, mIsLaunchFromAssistantByDefault=false, mSkipRemoteTransitionfalse, mIsStartFromKeyguard=false flags=0x0, mWCT=null, mIsOpenMergeToInValidPredictive=false, mPromoteTaskWhenKeyguard-1, mRootLayerZOrderArray={}}]}, targets : [], participants: {Task{14e6686 #920 type=standard A=10333:com.example.noarkgames}, ActivityRecord{255668444 u0 com.example.noarkgames/com.godot.game.GodotAppLauncher t920}}
04-02 14:32:17.449 D/OplusPowerManagerHelper( 3698): wakeupInPrepareWindowToDisplayDuringRelayout: appTitle = com.example.noarkgames/com.godot.game.GodotAppLauncher
04-02 14:32:17.449 D/OplusFeatureAOD( 3698): notifySfUnBlockScreenOn
04-02 14:32:17.450 D/OplusPowerManagerHelper( 3698): scheduleNotifyStopDream
04-02 14:32:17.450 D/OplusPowerManagerHelper( 3698): [onWakeUp]
04-02 14:32:17.450 D/OplusPowerManagerHelper( 3698): [requestKeyguard]
04-02 14:32:17.450 I/PowerGroup( 3698): Waking up power group from Asleep (groupId=0, uid=1000, reason=WAKE_REASON_APPLICATION, details=android.server.wm:SCREEN_ON_FLAG)...
04-02 14:32:17.450 D/PowerManagerService( 3698): userActivityNoUpdateLocked: groupId=0, eventTime=2548920, event=other, flags=0x0, uid=1000
04-02 14:32:17.450 V/WindowManager( 3698): Sent Transition (#104) createdAt=04-02 14:32:17.178 via request=TransitionRequestInfo { type = OPEN, triggerTask = TaskInfo{userId=0 taskId=920 effectiveUid=10333 displayId=0 isRunning=true baseIntent=Intent { act=android.intent.action.MAIN cat=[android.intent.category.LAUNCHER] flg=0x10200000 cmp=com.example.noarkgames/com.godot.game.GodotAppLauncher mCallingUid=2000 } baseActivity=ComponentInfo{com.example.noarkgames/com.godot.game.GodotApp} topActivity=ComponentInfo{com.example.noarkgames/com.godot.game.GodotApp} origActivity=ComponentInfo{com.example.noarkgames/com.godot.game.GodotAppLauncher} realActivity=ComponentInfo{com.example.noarkgames/com.godot.game.GodotApp}
04-02 14:32:17.450 V/WindowManager( 3698):  numActivities=1 lastActiveTime=96586467 supportsSplitScreenMultiWindow=true supportsMultiWindow=true supportsPocketStudioMultiWindow=true isInFlexibleEmbedded = false uid = 10333 pid = 0 resizeMode=2 isResizeable=true minWidth=-1 minHeight=-1 defaultMinSize=220 token=WCT{RemoteToken{8340e04 Task{14e6686 #920 type=standard A=10333:com.example.noarkgames}}} topActivityType=1 pictureInPictureParams=null shouldDockBigOverlays=false launchIntoPipHostTaskId=-1 lastParentTaskIdBeforePip=-1 displayCutoutSafeInsets=Rect(0, 0 - 0, 0)
04-02 14:32:17.450 V/WindowManager( 3698):  topActivityInfo=ActivityInfo{5875fed com.godot.game.GodotAppLauncher} launchCookies=[] positionInParent=Point(0, 0) parentTaskId=-1 isFocused=false isVisible=false isVisibleRequested=false isTopActivityNoDisplay=false isSleeping=true locusId=null displayAreaFeatureId=1 isTopActivityTransparent=false isActivityStackTransparent=false lastNonFullscreenBounds=Rect(559, 459 - 2833, 1983) capturedLink=null capturedLinkTimestamp=0 requestedVisibleTypes=-9 topActivityRequestOpenInBrowserEducationTimestamp=0
04-02 14:32:17.450 V/WindowManager( 3698):  appCompatTaskInfo=AppCompatTaskInfo { topActivityInSizeCompat=false topActivityInOplusCompatMode=false eligibleForLetterboxEducation= false isLetterboxEducationEnabled= false isLetterboxDoubleTapEnabled= false eligibleForUserAspectRatioButton= false topActivityBoundsLetterboxed= false isFromLetterboxDoubleTap= false topActivityLetterboxVerticalPosition= -1 topActivityLetterboxHorizontalPosition= -1 topActivityLetterboxWidth=-1 topActivityLetterboxHeight=-1 topActivityAppBounds=Rect(0, 0 - 3392, 2400) isUserFullscreenOverrideEnabled=false isSystemFullscreenOverrideEnabled=false hasMinAspectRatioOverride=false topActivityLetterboxBounds=null cameraCompatTaskInfo=CameraCompatTaskInfo { freeformCameraCompatMode=inactive}} topActivityMainWindowFrame=null topActivityLetterboxInsets=Rect(0, 0 - 0, 0)
04-02 14:32:17.450 V/WindowManager( 3698):  mOplusExtraBundle = Bundle[{androidx.flexible.taskFrame=Rect(0, 0 - 0, 0), androidx.flexible.Alpha=1.0, androidx.activity.task.attach.blur=0, androidx.activity.LaunchInsensible=0, androidx.activity.LaunchCornerRadius=0, key_flexible_task_state=0, topActivitySupportAppInnerSplit=false, key_flexible_task_animating_type=-1, key_flexible_task_root_activity_processname=com.example.noarkgames, androidx.activity.LaunchScenario=0, is_oplus_clone_task=false, flexible_super_mini_state=false, topRunningActivityHash=255668444, androidx.activity.LaunchScale=1.0, androidx.activity.LaunchShadowRadius=0, is_transient_hide_for_task_info=false, key_flexible_task_root_activity_pid=0, key_flexible_task_root_activity_uid=10333}]}, pipChange = null, remoteTransition = null, displayChange = null, flags = 0, debugId = 104 }
04-02 14:32:17.450 V/WindowManager( 3698):     startWCT=WindowContainerTransaction { changes= {} hops= [] errorCallbackToken=null taskFragmentOrganizer=null }
04-02 14:32:17.450 V/WindowManager( 3698):     info={id=104 t=OPEN f=0x40 trk=0 r=[] c=[] 
04-02 14:32:17.450 V/WindowManager( 3698): extendInfo=[
04-02 14:32:17.450 V/WindowManager( 3698):  OplusTransitionExtendedInfo{mTmpFinishT=null, mInOplusCompatMode=false, mIsProcessRunning=false, mHasMismatchBoundsTarget=false, mRecentsController=null, mRemoteTransition=null, mIsTranslucentActivityToHome=false, mAvoidInterceptKeyEventToHome=false, mIsFromHome=false, mParentLeash=null, mBackAnimClosingLeash=null, mIsOplusAnimRes=false, mKeepBgForContinuous=false, mIsBalAllow=true, mTaskNotInRecent=false, mIsPredictiveBackAnim=false, mIsMergedWithPredictive=false, mIsLaunchFromSpruce=false, mIsLaunchFromDrive=false, mGlobalSearchPageSwitch=false, mNeedNoAlphaGlobalSearchScene=false, mAssistScreenShowing=false, mSwipeUpBrowserScreenShowing=false, mUserIdTransition=-1
04-02 14:32:17.450 V/WindowManager( 3698): , mInRemoteScene=false, mInPreReady=false, mPreStart=false, mToken=null, mAbortByRemoteFromHome=false, mShellApplyToken=null, mRequestTransitionTaskId=920, mAbortTransitionOnShell=0, mStartFromShortcut=false, mRemovedTaskId=-1, mTransitionInterruptType=0, mMergeSecondTaskId=-1, mTaskIdStartFromRecents=0, mTransitionId=104, mCanUseSpringSlideAnim=false, mTransitionLaunchFrom=0, mFoldChangeType=-1, mAnimStartingPosition=[0, 0, 0, 0], mIsOpeningStkDialogActivity=false, mSecondaryHomeToFrontWhenUnFolding=false, mIsNeedApplyStartTForEmbedded=false
04-02 14:32:17.450 V/WindowManager( 3698): , mNeedCanvasExitAnim=false, mMergeSecondTaskAnimation=false, mIsLaunchUnityStart=false, mIsLaunchFromAssistantByDefault=false, mSkipRemoteTransitionfalse, mIsStartFromKeyguard=false flags=0x0, mWCT=null, mIsOpenMergeToInValidPredictive=false, mPromoteTaskWhenKeyguard-1, mRootLayerZOrderArray={}}]}
04-02 14:32:17.450 I/InputManager( 3698): displayId:0, displayInteractive:true
04-02 14:32:17.450 I/PowerManagerService( 3698): Waking up from Asleep (uid=1000, reason=WAKE_REASON_APPLICATION, details=android.server.wm:SCREEN_ON_FLAG)...
04-02 14:32:17.450 V/WindowManagerShell( 4498): onTransitionReady(transaction=15882789071491)
04-02 14:32:17.450 D/OplusPowerManagerHelper( 3698): handleMessage:102
04-02 14:32:17.450 D/OplusPowerManagerHelper( 3698): MSG_STOP_DEAM
04-02 14:32:17.451 V/WindowManagerShell( 4498): onTransitionReady (#104) android.os.BinderProxy@a64d036: {id=104 t=OPEN f=0x40 trk=0 r=[] c=[] 
04-02 14:32:17.451 V/WindowManagerShell( 4498): extendInfo=[
04-02 14:32:17.451 V/WindowManagerShell( 4498):  OplusTransitionExtendedInfo{mTmpFinishT=null, mInOplusCompatMode=false, mIsProcessRunning=false, mHasMismatchBoundsTarget=false, mRecentsController=null, mRemoteTransition=null, mIsTranslucentActivityToHome=false, mAvoidInterceptKeyEventToHome=false, mIsFromHome=false, mParentLeash=null, mBackAnimClosingLeash=null, mIsOplusAnimRes=false, mKeepBgForContinuous=false, mIsBalAllow=true, mTaskNotInRecent=false, mIsPredictiveBackAnim=false, mIsMergedWithPredictive=false, mIsLaunchFromSpruce=false, mIsLaunchFromDrive=false, mGlobalSearchPageSwitch=false, mNeedNoAlphaGlobalSearchScene=false, mAssistScreenShowing=false, mSwipeUpBrowserScreenShowing=false, mUserIdTransition=-1
04-02 14:32:17.451 V/WindowManagerShell( 4498): , mInRemoteScene=false, mInPreReady=false, mPreStart=false, mToken=null, mAbortByRemoteFromHome=false, mShellApplyToken=null, mRequestTransitionTaskId=920, mAbortTransitionOnShell=0, mStartFromShortcut=false, mRemovedTaskId=-1, mTransitionInterruptType=0, mMergeSecondTaskId=-1, mTaskIdStartFromRecents=0, mTransitionId=104, mCanUseSpringSlideAnim=false, mTransitionLaunchFrom=0, mFoldChangeType=-1, mAnimStartingPosition=[0, 0, 0, 0], mIsOpeningStkDialogActivity=false, mSecondaryHomeToFrontWhenUnFolding=false, mIsNeedApplyStartTForEmbedded=false
04-02 14:32:17.451 V/WindowManagerShell( 4498): , mNeedCanvasExitAnim=false, mMergeSecondTaskAnimation=false, mIsLaunchUnityStart=false, mIsLaunchFromAssistantByDefault=false, mSkipRemoteTransitionfalse, mIsStartFromKeyguard=false flags=0x0, mWCT=null, mIsOpenMergeToInValidPredictive=false, mPromoteTaskWhenKeyguard-1, mRootLayerZOrderArray={}}]}
04-02 14:32:17.451 V/WindowManagerShell( 4498): No transition roots in (#104) android.os.BinderProxy@a64d036@0 so abort
04-02 14:32:17.452 I/FlexibleWindowManagerService( 3698): mInteractivetrue
04-02 14:32:17.452 V/WindowManagerShell( 4498): Transition animation finished (aborted=true), notifying core (#104) android.os.BinderProxy@a64d036@0
04-02 14:32:17.452 D/SplitScreen-->AppLockManager( 4498): setStartFromSafeControl mStartFromSafeControl=false
04-02 14:32:17.452 D/OplusScreenOffTorchHelper( 3698): onWakeUp
04-02 14:32:17.453 D/DpcExtImpl[display=0]( 3698): setBrightnessNoAnimation, noAnimation = true
04-02 14:32:17.453 D/DisplayPowerController[display=0]( 3698): requestPowerState: policy=BRIGHT, useProximitySensor=false, screenBrightnessOverride=-1.0, useAutoBrightness=false, screenAutoBrightnessAdjustmentOverride=NaN, screenLowPowerBrightnessFactor=1.0, blockScreenOn=false, lowPowerMode=false, boostScreenBrightness=false, dozeScreenBrightness=NaN, dozeScreenState=UNKNOWN, dozeScreenStateReason=DEFAULT_POLICY, useNormalBrightnessForDoze=false, waitForNegativeProximity=false displayReady=false pendingRequest=true
04-02 14:32:17.453 D/DisplayManagerServiceExtImpl( 3698): request size(1,1),dpc=com.android.server.display.DisplayPowerController@892235e size(0,1),flags=0X200F,id(0,0,local:4630946983774026899),enable=true,ready=false,waitForNegativeProximity=false policy=BRIGHT,useProximitySensor=false,dozeState=UNKNOWN,screenBrightnessOverride=-1.000000,useAuto=false,lowPower=false,lowPowerFactor=1.000000
04-02 14:32:17.454 D/WindowManager( 3698): NFW_findFocusedWindowIfNeeded:Window{94f8c55 u0 NotificationShade} mCurrentFocus:Window{94f8c55 u0 NotificationShade}
04-02 14:32:17.454 D/WindowStateExtImpl( 3698): cannotBeImeTarget while isKeyguardShowing
04-02 14:32:17.454 D/WindowStateExtImpl( 3698): cannotBeImeTarget while isKeyguardShowing
04-02 14:32:17.457 D/OplusFeatureAntiDizzy( 3698):  recoverAntiDizzySettings mode = off
04-02 14:32:17.457 D/OplusFeatureAntiDizzy( 3698):  animateLongTakeStateChange, policy 3
04-02 14:32:17.457 D/VRI[GodotAppLauncher](24531): relayoutWindow result, sizeChanged:true, surfaceControlChanged:true, transformHintChanged:false, mSurfaceSize:Point(3392, 2400), mLastSurfaceSize:Point(0, 0), mWidth:-1, mHeight:-1, requestedWidth:3392, requestedHeight:2400, transformHint:0, installOrientation:3, displayRotation:1, isSurfaceValid:true, attr.flag:-2120154752, tmpFrames:ClientWindowFrames{frame=[0,0][3392,2400] display=[0,0][3392,2400] parentFrame=[0,0][0,0]}, relayoutAsync:false, mSyncSeqId:0
04-02 14:32:17.457 W/VRI[GodotAppLauncher](24531): updateBlastSurfaceIfNeeded, surfaceSize:Point(3392, 2400), lastSurfaceSize:Point(0, 0), format:-3, blastBufferQueue:null
04-02 14:32:17.458 D/Transition( 3698): finishTransition ar ActivityRecord{255668444 u0 com.example.noarkgames/com.godot.game.GodotAppLauncher t920}, isVisibleRequested=false, state=PAUSED, visibleAtTransitionEndTokens={}, this=TransitionRecord{8555a2d id=104 track=0 type=OPEN flags=0x40 state=2 c=[
04-02 14:32:17.458 D/Transition( 3698):    ChangeInfo{99f4b62 container=Task{14e6686 #920 type=standard A=10333:com.example.noarkgames} flags=0x0}
04-02 14:32:17.458 D/Transition( 3698):    ChangeInfo{19724f3 container=DefaultTaskDisplayArea@138262857 flags=0x0}
04-02 14:32:17.458 D/Transition( 3698):    ChangeInfo{18ef5b0 container=Display{#0 state=OFF size=3392x2400 ROTATION_90} flags=0x0}
04-02 14:32:17.458 D/Transition( 3698):    ChangeInfo{eda6c29 container=ActivityRecord{255668444 u0 com.example.noarkgames/com.godot.game.GodotAppLauncher t920} flags=0x0}
04-02 14:32:17.458 D/Transition( 3698): ]
04-02 14:32:17.458 D/Transition( 3698): }
04-02 14:32:17.458 D/OplusTransitionController( 3698): finishTransition, transition: TransitionRecord{8555a2d id=104 track=0 type=OPEN flags=0x40 state=4 c=[
04-02 14:32:17.458 D/OplusTransitionController( 3698):    ChangeInfo{99f4b62 container=Task{14e6686 #920 type=standard A=10333:com.example.noarkgames} flags=0x0}
04-02 14:32:17.458 D/OplusTransitionController( 3698):    ChangeInfo{19724f3 container=DefaultTaskDisplayArea@138262857 flags=0x0}
04-02 14:32:17.458 D/OplusTransitionController( 3698):    ChangeInfo{18ef5b0 container=Display{#0 state=OFF size=3392x2400 ROTATION_90} flags=0x0}
04-02 14:32:17.458 D/OplusTransitionController( 3698):    ChangeInfo{eda6c29 container=ActivityRecord{255668444 u0 com.example.noarkgames/com.godot.game.GodotAppLauncher t920} flags=0x0}
04-02 14:32:17.458 D/OplusTransitionController( 3698): ]
04-02 14:32:17.458 D/OplusTransitionController( 3698): }
04-02 14:32:17.458 D/FlexibleTaskTransitionController( 3698):  finishTransition pendingRecentToFlexibleTask:null,isRotationTransition:false ,pendingRecentToFlexible:null ,transition:TransitionRecord{8555a2d id=104 track=0 type=OPEN flags=0x40 state=4 c=[
04-02 14:32:17.458 D/FlexibleTaskTransitionController( 3698):    ChangeInfo{99f4b62 container=Task{14e6686 #920 type=standard A=10333:com.example.noarkgames} flags=0x0}
04-02 14:32:17.458 D/FlexibleTaskTransitionController( 3698):    ChangeInfo{19724f3 container=DefaultTaskDisplayArea@138262857 flags=0x0}
04-02 14:32:17.458 D/FlexibleTaskTransitionController( 3698):    ChangeInfo{18ef5b0 container=Display{#0 state=OFF size=3392x2400 ROTATION_90} flags=0x0}
04-02 14:32:17.458 D/FlexibleTaskTransitionController( 3698):    ChangeInfo{eda6c29 container=ActivityRecord{255668444 u0 com.example.noarkgames/com.godot.game.GodotAppLauncher t920} flags=0x0}
04-02 14:32:17.458 D/FlexibleTaskTransitionController( 3698): ]
04-02 14:32:17.458 D/FlexibleTaskTransitionController( 3698): }
04-02 14:32:17.459 D/RefreshRate( 3698): ***** request traversal for refresh rate change, reason is highTempRefreshRateChanged: false, windowRefreshRateChanged: true, flexibleWindowStateChanged: false, has float/zoom window *****
04-02 14:32:17.459 D/TransitionControllerExtImpl( 3698): NFW_send RECOMPUTE_FOCUS in finishTransition
04-02 14:32:17.459 D/OplusDisplayState( 3698): setScreenState = 2 isPrimary = true
04-02 14:32:17.459 D/OplusBrightnessAmbientAdapter( 3698): onScreenEvent displayId:0 isScreenOn:true isFolding:false mIsProximityPowerOff:false mIsNeedResetSpline:false
04-02 14:32:17.459 D/ShellTaskOrganizer( 4498): onTransitionFinish, isRecent:false
04-02 14:32:17.459 V/WindowManagerShell( 4498): Track 0 became idle
04-02 14:32:17.459 V/WindowManagerShell( 4498): All active transition animations finished
04-02 14:32:17.460 D/LuxEvent( 3698): main light sensor enable:true
04-02 14:32:17.460 D/LuxEvent( 3698): register MAIN_LIGHT result:true
04-02 14:32:17.460 D/OplusFeatureBrightnessBarController( 3698): BrightnessBarController is not support.
04-02 14:32:17.460 D/DisplayPowerState[display=0]( 3698): setScreenState changed:OFF->ON
04-02 14:32:17.460 I/DisplayPowerController[display=0]( 3698): Blocking screen on until initial contents have been drawn.
04-02 14:32:17.460 D/WindowManager( 3698): screenTurnedOn  Display{#0 state=OFF size=3392x2400 ROTATION_90}
