04-02 15:17:28.910 V/Configuration( 3698): Updating configuration, locales updated from [en_GB] to [af]
04-02 15:17:28.911 V/Configuration( 3698): Updating configuration, locales updated from [en_GB] to [af_ZA]
04-02 15:17:28.911 V/Configuration( 3698): Updating configuration, locales updated from [en_GB] to [am]
04-02 15:17:28.911 V/Configuration( 3698): Updating configuration, locales updated from [en_GB] to [am_ET]
04-02 15:17:28.912 D/ResourcesManagerExtImpl( 7058): applyConfigurationToAppResourcesLocked app.getDisplayId() return callback.displayId:-1
04-02 15:17:28.912 V/Configuration( 3698): Updating configuration, locales updated from [en_GB] to [ar]
04-02 15:17:28.912 I/ActivityManager( 3698): Flag disabled. Ignoring finishAttachApplication from uid: 10260. pid: 7058
04-02 15:17:28.912 V/Configuration( 3698): Updating configuration, locales updated from [en_GB] to [ar_EG]
04-02 15:17:28.912 V/Configuration( 3698): Updating configuration, locales updated from [en_GB] to [ar_IL]
04-02 15:17:28.912 V/Configuration( 3698): Updating configuration, locales updated from [en_GB] to [ar_XB]
04-02 15:17:28.913 V/Configuration( 3698): Updating configuration, locales updated from [en_GB] to [as]
04-02 15:17:28.913 V/Configuration( 3698): Updating configuration, locales updated from [en_GB] to [as_IN]
04-02 15:17:28.913 I/ActivityManager( 3698): Flag disabled. Ignoring finishAttachApplication from uid: 1000. pid: 7090
04-02 15:17:28.913 V/Configuration( 3698): Updating configuration, locales updated from [en_GB] to [az]
04-02 15:17:28.914 V/Configuration( 3698): Updating configuration, locales updated from [en_GB] to [az_AZ]
04-02 15:17:28.914 V/Configuration( 3698): Updating configuration, locales updated from [en_GB] to [be]
04-02 15:17:28.914 D/ActivityThread(17908): Package [com.example.noarkgames] reported as REPLACED, but missing application info. Assuming REMOVED.
04-02 15:17:28.914 D/ActivityThread(17908): Package [com.example.noarkgames] reported as REPLACED, but missing application info. Assuming REMOVED.
04-02 15:17:28.914 V/Configuration( 3698): Updating configuration, locales updated from [en_GB] to [bg]
04-02 15:17:28.914 V/Configuration( 3698): Updating configuration, locales updated from [en_GB] to [bg_BG]
04-02 15:17:28.914 V/Configuration( 3698): Updating configuration, locales updated from [en_GB] to [bn]
04-02 15:17:28.915 V/Configuration( 3698): Updating configuration, locales updated from [en_GB] to [bn_BD]
04-02 15:17:28.916 V/Configuration( 3698): Updating configuration, locales updated from [en_GB] to [bn_IN]
04-02 15:17:28.916 V/Configuration( 3698): Updating configuration, locales updated from [en_GB] to [bo_CN]
04-02 15:17:28.916 V/Configuration( 3698): Updating configuration, locales updated from [en_GB] to [bs]
04-02 15:17:28.917 V/Configuration( 3698): Updating configuration, locales updated from [en_GB] to [ca]
04-02 15:17:28.917 V/Configuration( 3698): Updating configuration, locales updated from [en_GB] to [ca_ES]
04-02 15:17:28.917 V/Configuration( 3698): Updating configuration, locales updated from [en_GB] to [cs]
04-02 15:17:28.917 V/Configuration( 3698): Updating configuration, locales updated from [en_GB] to [cs_CZ]
04-02 15:17:28.918 V/Configuration( 3698): Updating configuration, locales updated from [en_GB] to [da]
04-02 15:17:28.918 V/Configuration( 3698): Updating configuration, locales updated from [en_GB] to [da_DK]
04-02 15:17:28.918 V/Configuration( 3698): Updating configuration, locales updated from [en_GB] to [de]
04-02 15:17:28.918 V/Configuration( 3698): Updating configuration, locales updated from [en_GB] to [de_CH]
04-02 15:17:28.919 V/Configuration( 3698): Updating configuration, locales updated from [en_GB] to [de_DE]
04-02 15:17:28.919 V/Configuration( 3698): Updating configuration, locales updated from [en_GB] to [el]
04-02 15:17:28.919 V/Configuration( 3698): Updating configuration, locales updated from [en_GB] to [el_GR]
04-02 15:17:28.919 V/Configuration( 3698): Updating configuration, locales updated from [en_GB] to [en]
04-02 15:17:28.920 V/Configuration( 3698): Updating configuration, locales updated from [en_GB] to [en_AU]
04-02 15:17:28.920 V/Configuration( 3698): Updating configuration, locales updated from [en_GB] to [en_CA]
04-02 15:17:28.921 V/Configuration( 3698): Updating configuration, locales updated from [en_GB] to [en_IE]
04-02 15:17:28.921 V/Configuration( 3698): Updating configuration, locales updated from [en_GB] to [en_IN]
04-02 15:17:28.921 V/Configuration( 3698): Updating configuration, locales updated from [en_GB] to [en_NZ]
04-02 15:17:28.922 V/Configuration( 3698): Updating configuration, locales updated from [en_GB] to [en_SG]
04-02 15:17:28.922 V/Configuration( 3698): Updating configuration, locales updated from [en_GB] to [en_US]
04-02 15:17:28.922 V/Configuration( 3698): Updating configuration, locales updated from [en_GB] to [en_XA]
04-02 15:17:28.922 V/Configuration( 3698): Updating configuration, locales updated from [en_GB] to [en_XC]
04-02 15:17:28.922 V/Configuration( 3698): Updating configuration, locales updated from [en_GB] to [es]
04-02 15:17:28.922 D/ActivityTaskManager( 3698): Skipping, invisible task: Task{832524e #5 type=undefined I=com.android.launcher/.Launcher}
04-02 15:17:28.922 V/Configuration( 3698): Updating configuration, locales updated from [en_GB] to [es_CO]
04-02 15:17:28.923 V/Configuration( 3698): Updating configuration, locales updated from [en_GB] to [es_ES]
04-02 15:17:28.923 D/OplusSplitScreenManagerService( 3698): com.android.settings unSupportsSplitScreen by blockList or ForbidActivityList
04-02 15:17:28.923 D/OplusSplitScreenManagerService( 3698): com.android.settings unSupportsSplitScreen by blockList or ForbidActivityList
04-02 15:17:28.923 D/ActivityTaskManager( 3698): after skip size:8,pre-Filtered:com.example.noarkgames # com.google.android.apps.nbu.files # com.orion.notein.global # com.google.android.gms # com.github.android # com.android.vending # com.oplus.ota # com.android.settings # 
04-02 15:17:28.923 V/Configuration( 3698): Updating configuration, locales updated from [en_GB] to [es_MX]
04-02 15:17:28.923 V/Configuration( 3698): Updating configuration, locales updated from [en_GB] to [es_US]
04-02 15:17:28.926 V/Configuration( 3698): Updating configuration, locales updated from [en_GB] to [et]
04-02 15:17:28.927 V/Configuration( 3698): Updating configuration, locales updated from [en_GB] to [et_EE]
04-02 15:17:28.927 V/Configuration( 3698): Updating configuration, locales updated from [en_GB] to [eu]
04-02 15:17:28.928 V/Configuration( 3698): Updating configuration, locales updated from [en_GB] to [eu_ES]
04-02 15:17:28.928 V/Configuration( 3698): Updating configuration, locales updated from [en_GB] to [fa]
04-02 15:17:28.928 V/Configuration( 3698): Updating configuration, locales updated from [en_GB] to [fa_IR]
04-02 15:17:28.928 V/Configuration( 3698): Updating configuration, locales updated from [en_GB] to [fi]
04-02 15:17:28.929 V/Configuration( 3698): Updating configuration, locales updated from [en_GB] to [fi_FI]
04-02 15:17:28.929 V/Configuration( 3698): Updating configuration, locales updated from [en_GB] to [fil]
04-02 15:17:28.929 V/Configuration( 3698): Updating configuration, locales updated from [en_GB] to [fil_PH]
04-02 15:17:28.929 V/Configuration( 3698): Updating configuration, locales updated from [en_GB] to [fr]
04-02 15:17:28.930 V/Configuration( 3698): Updating configuration, locales updated from [en_GB] to [fr_CA]
04-02 15:17:28.930 V/Configuration( 3698): Updating configuration, locales updated from [en_GB] to [fr_CH]
04-02 15:17:28.930 V/Configuration( 3698): Updating configuration, locales updated from [en_GB] to [fr_FR]
04-02 15:17:28.930 V/Configuration( 3698): Updating configuration, locales updated from [en_GB] to [ga_IE]
04-02 15:17:28.931 V/Configuration( 3698): Updating configuration, locales updated from [en_GB] to [gl]
04-02 15:17:28.931 V/Configuration( 3698): Updating configuration, locales updated from [en_GB] to [gl_ES]
04-02 15:17:28.931 V/Configuration( 3698): Updating configuration, locales updated from [en_GB] to [gu]
04-02 15:17:28.931 V/Configuration( 3698): Updating configuration, locales updated from [en_GB] to [gu_IN]
04-02 15:17:28.932 V/Configuration( 3698): Updating configuration, locales updated from [en_GB] to [hi]
04-02 15:17:28.932 V/Configuration( 3698): Updating configuration, locales updated from [en_GB] to [hi_IN]
04-02 15:17:28.932 V/Configuration( 3698): Updating configuration, locales updated from [en_GB] to [hr]
04-02 15:17:28.933 V/Configuration( 3698): Updating configuration, locales updated from [en_GB] to [hr_HR]
04-02 15:17:28.933 V/Configuration( 3698): Updating configuration, locales updated from [en_GB] to [hu]
04-02 15:17:28.933 V/Configuration( 3698): Updating configuration, locales updated from [en_GB] to [hu_HU]
04-02 15:17:28.933 V/Configuration( 3698): Updating configuration, locales updated from [en_GB] to [hy]
04-02 15:17:28.934 V/Configuration( 3698): Updating configuration, locales updated from [en_GB] to [hy_AM]
04-02 15:17:28.934 V/Configuration( 3698): Updating configuration, locales updated from [en_GB] to [id]
04-02 15:17:28.934 V/Configuration( 3698): Updating configuration, locales updated from [en_GB] to [id_ID]
04-02 15:17:28.934 V/Configuration( 3698): Updating configuration, locales updated from [en_GB] to [is]
04-02 15:17:28.935 V/Configuration( 3698): Updating configuration, locales updated from [en_GB] to [it]
04-02 15:17:28.935 V/Configuration( 3698): Updating configuration, locales updated from [en_GB] to [it_CH]
04-02 15:17:28.935 V/Configuration( 3698): Updating configuration, locales updated from [en_GB] to [it_IT]
04-02 15:17:28.935 V/Configuration( 3698): Updating configuration, locales updated from [en_GB] to [he]
04-02 15:17:28.935 V/Configuration( 3698): Updating configuration, locales updated from [en_GB] to [he_IL]
04-02 15:17:28.936 V/Configuration( 3698): Updating configuration, locales updated from [en_GB] to [ja]
04-02 15:17:28.936 V/Configuration( 3698): Updating configuration, locales updated from [en_GB] to [ja_JP]
04-02 15:17:28.936 V/Configuration( 3698): Updating configuration, locales updated from [en_GB] to [ka]
04-02 15:17:28.936 V/Configuration( 3698): Updating configuration, locales updated from [en_GB] to [ka_GE]
04-02 15:17:28.936 V/Configuration( 3698): Updating configuration, locales updated from [en_GB] to [kea_CV]
04-02 15:17:28.937 V/Configuration( 3698): Updating configuration, locales updated from [en_GB] to [kk]
04-02 15:17:28.937 V/Configuration( 3698): Updating configuration, locales updated from [en_GB] to [kk_KZ]
04-02 15:17:28.937 V/Configuration( 3698): Updating configuration, locales updated from [en_GB] to [km]
04-02 15:17:28.937 V/Configuration( 3698): Updating configuration, locales updated from [en_GB] to [km_KH]
04-02 15:17:28.937 V/Configuration( 3698): Updating configuration, locales updated from [en_GB] to [kn]
04-02 15:17:28.938 V/Configuration( 3698): Updating configuration, locales updated from [en_GB] to [kn_IN]
04-02 15:17:28.938 V/Configuration( 3698): Updating configuration, locales updated from [en_GB] to [ko]
04-02 15:17:28.938 V/Configuration( 3698): Updating configuration, locales updated from [en_GB] to [ko_KR]
04-02 15:17:28.938 V/Configuration( 3698): Updating configuration, locales updated from [en_GB] to [ky]
04-02 15:17:28.938 V/Configuration( 3698): Updating configuration, locales updated from [en_GB] to [lb_LU]
04-02 15:17:28.943 V/Configuration( 3698): Updating configuration, locales updated from [en_GB] to [lo]
04-02 15:17:28.943 V/Configuration( 3698): Updating configuration, locales updated from [en_GB] to [lo_LA]
04-02 15:17:28.943 V/Configuration( 3698): Updating configuration, locales updated from [en_GB] to [lt]
04-02 15:17:28.943 V/Configuration( 3698): Updating configuration, locales updated from [en_GB] to [lt_LT]
04-02 15:17:28.943 V/Configuration( 3698): Updating configuration, locales updated from [en_GB] to [lv]
04-02 15:17:28.943 V/Configuration( 3698): Updating configuration, locales updated from [en_GB] to [lv_LV]
04-02 15:17:28.943 V/Configuration( 3698): Updating configuration, locales updated from [en_GB] to [mk]
04-02 15:17:28.944 V/Configuration( 3698): Updating configuration, locales updated from [en_GB] to [ml]
04-02 15:17:28.944 V/Configuration( 3698): Updating configuration, locales updated from [en_GB] to [ml_IN]
04-02 15:17:28.944 V/Configuration( 3698): Updating configuration, locales updated from [en_GB] to [mn]
04-02 15:17:28.944 V/Configuration( 3698): Updating configuration, locales updated from [en_GB] to [mr]
04-02 15:17:28.944 V/Configuration( 3698): Updating configuration, locales updated from [en_GB] to [mr_IN]
04-02 15:17:28.944 V/Configuration( 3698): Updating configuration, locales updated from [en_GB] to [ms]
04-02 15:17:28.944 V/Configuration( 3698): Updating configuration, locales updated from [en_GB] to [ms_MY]
04-02 15:17:28.944 V/Configuration( 3698): Updating configuration, locales updated from [en_GB] to [mt_MT]
04-02 15:17:28.945 V/Configuration( 3698): Updating configuration, locales updated from [en_GB] to [my]
04-02 15:17:28.945 V/Configuration( 3698): Updating configuration, locales updated from [en_GB] to [my_MM]
04-02 15:17:28.945 V/Configuration( 3698): Updating configuration, locales updated from [en_GB] to [nb]
04-02 15:17:28.945 V/Configuration( 3698): Updating configuration, locales updated from [en_GB] to [nb_NO]
04-02 15:17:28.945 V/Configuration( 3698): Updating configuration, locales updated from [en_GB] to [ne]
04-02 15:17:28.945 V/Configuration( 3698): Updating configuration, locales updated from [en_GB] to [ne_NP]
04-02 15:17:28.945 V/Configuration( 3698): Updating configuration, locales updated from [en_GB] to [nl]
04-02 15:17:28.945 V/Configuration( 3698): Updating configuration, locales updated from [en_GB] to [nl_NL]
04-02 15:17:28.946 V/Configuration( 3698): Updating configuration, locales updated from [en_GB] to [or]
04-02 15:17:28.946 V/Configuration( 3698): Updating configuration, locales updated from [en_GB] to [or_IN]
04-02 15:17:28.946 V/Configuration( 3698): Updating configuration, locales updated from [en_GB] to [pa]
04-02 15:17:28.946 V/Configuration( 3698): Updating configuration, locales updated from [en_GB] to [pa_IN]
04-02 15:17:28.946 V/Configuration( 3698): Updating configuration, locales updated from [en_GB] to [pl]
04-02 15:17:28.946 V/Configuration( 3698): Updating configuration, locales updated from [en_GB] to [pl_PL]
04-02 15:17:28.946 V/Configuration( 3698): Updating configuration, locales updated from [en_GB] to [pt]
04-02 15:17:28.946 V/Configuration( 3698): Updating configuration, locales updated from [en_GB] to [pt_BR]
04-02 15:17:28.946 V/Configuration( 3698): Updating configuration, locales updated from [en_GB] to [pt_PT]
04-02 15:17:28.947 V/Configuration( 3698): Updating configuration, locales updated from [en_GB] to [ro]
04-02 15:17:28.947 V/Configuration( 3698): Updating configuration, locales updated from [en_GB] to [ro_RO]
04-02 15:17:28.947 V/Configuration( 3698): Updating configuration, locales updated from [en_GB] to [ru]
04-02 15:17:28.947 V/Configuration( 3698): Updating configuration, locales updated from [en_GB] to [ru_RU]
04-02 15:17:28.947 V/Configuration( 3698): Updating configuration, locales updated from [en_GB] to [si]
04-02 15:17:28.947 V/Configuration( 3698): Updating configuration, locales updated from [en_GB] to [si_LK]
04-02 15:17:28.947 V/Configuration( 3698): Updating configuration, locales updated from [en_GB] to [sk]
04-02 15:17:28.947 V/Configuration( 3698): Updating configuration, locales updated from [en_GB] to [sk_SK]
04-02 15:17:28.948 V/Configuration( 3698): Updating configuration, locales updated from [en_GB] to [sl]
04-02 15:17:28.948 V/Configuration( 3698): Updating configuration, locales updated from [en_GB] to [sl_SI]
04-02 15:17:28.948 V/Configuration( 3698): Updating configuration, locales updated from [en_GB] to [sq]
04-02 15:17:28.948 V/Configuration( 3698): Updating configuration, locales updated from [en_GB] to [sr]
04-02 15:17:28.948 V/Configuration( 3698): Updating configuration, locales updated from [en_GB] to [sr__#Latn]
04-02 15:17:28.948 V/Configuration( 3698): Updating configuration, locales updated from [en_GB] to [sr_RS]
04-02 15:17:28.948 V/Configuration( 3698): Updating configuration, locales updated from [en_GB] to [sv]
04-02 15:17:28.948 V/Configuration( 3698): Updating configuration, locales updated from [en_GB] to [sv_SE]
04-02 15:17:28.949 V/Configuration( 3698): Updating configuration, locales updated from [en_GB] to [sw]
04-02 15:17:28.949 V/Configuration( 3698): Updating configuration, locales updated from [en_GB] to [sw_KE]
04-02 15:17:28.949 V/Configuration( 3698): Updating configuration, locales updated from [en_GB] to [sw_TZ]
04-02 15:17:28.950 V/Configuration( 3698): Updating configuration, locales updated from [en_GB] to [ta]
04-02 15:17:28.950 V/Configuration( 3698): Updating configuration, locales updated from [en_GB] to [ta_IN]
04-02 15:17:28.950 V/Configuration( 3698): Updating configuration, locales updated from [en_GB] to [te]
04-02 15:17:28.950 V/Configuration( 3698): Updating configuration, locales updated from [en_GB] to [te_IN]
04-02 15:17:28.950 V/Configuration( 3698): Updating configuration, locales updated from [en_GB] to [th]
04-02 15:17:28.950 V/Configuration( 3698): Updating configuration, locales updated from [en_GB] to [th_TH]
04-02 15:17:28.950 V/Configuration( 3698): Updating configuration, locales updated from [en_GB] to [tr]
04-02 15:17:28.951 V/Configuration( 3698): Updating configuration, locales updated from [en_GB] to [tr_TR]
04-02 15:17:28.951 V/Configuration( 3698): Updating configuration, locales updated from [en_GB] to [ug_CN]
04-02 15:17:28.951 V/Configuration( 3698): Updating configuration, locales updated from [en_GB] to [uk]
04-02 15:17:28.951 V/Configuration( 3698): Updating configuration, locales updated from [en_GB] to [uk_UA]
04-02 15:17:28.951 V/Configuration( 3698): Updating configuration, locales updated from [en_GB] to [ur]
04-02 15:17:28.951 V/Configuration( 3698): Updating configuration, locales updated from [en_GB] to [ur_PK]
04-02 15:17:28.951 V/Configuration( 3698): Updating configuration, locales updated from [en_GB] to [uz]
04-02 15:17:28.951 V/Configuration( 3698): Updating configuration, locales updated from [en_GB] to [uz_UZ]
04-02 15:17:28.952 V/Configuration( 3698): Updating configuration, locales updated from [en_GB] to [vi]
04-02 15:17:28.952 V/Configuration( 3698): Updating configuration, locales updated from [en_GB] to [vi_VN]
04-02 15:17:28.952 V/Configuration( 3698): Updating configuration, locales updated from [en_GB] to [zh]
04-02 15:17:28.952 V/Configuration( 3698): Updating configuration, locales updated from [en_GB] to [zh_CN]
04-02 15:17:28.952 V/Configuration( 3698): Updating configuration, locales updated from [en_GB] to [zh_HK]
04-02 15:17:28.952 V/Configuration( 3698): Updating configuration, locales updated from [en_GB] to [zh_TW]
04-02 15:17:28.952 V/Configuration( 3698): Updating configuration, locales updated from [en_GB] to [zu]
04-02 15:17:28.952 V/Configuration( 3698): Updating configuration, locales updated from [en_GB] to [zu_ZA]
04-02 15:17:29.205 I/NativeFreezeManager( 3698): Get dex2oat pid more than 3 times
04-02 15:17:29.284 E/ActivityThread(31809): Failed to find provider info for com.oplus.dmp.daemon.provider
04-02 15:17:29.399 D/UsageStatsService( 3698): User[0] type=0 b=1775122372839 e=1775123249398 cb=1775109451867 ce=1775123249283 disk=0 all=14
04-02 15:17:29.564 D/osense.compress( 3698): com.android.chrome do shrink, target ratio = 89, final ratio = 90, cur ratio = 84
04-02 15:17:29.989 V/AlarmManager( 3698): sending alarm Alarm{ef938dc type 1 origWhen 1775123249989 whenElapsed 99299268 android} uid 1000 whenElapsed 99299268 windowLength 0 maxWhenElapsed 99299268 repeatInterval 0 action null component null tag StorgaeBandInfoAlarmTag flags 0x9 procName system_server
04-02 15:17:30.163 D/OplusFeatureGameBrightness( 3698): lux = 83
04-02 15:17:30.806 W/AppOpService( 3698): Ignored setUidMode call for runtime permission app op: uid = 1001, code = READ_SMS, mode = allow, callingUid = 1001, oldMode = allow
04-02 15:17:30.806 W/AppOpService( 3698): Ignored setUidMode call for runtime permission app op: uid = 1001, code = RECEIVE_SMS, mode = allow, callingUid = 1001, oldMode = allow
04-02 15:17:30.807 W/AppOpService( 3698): Ignored setUidMode call for runtime permission app op: uid = 1001, code = RECEIVE_WAP_PUSH, mode = allow, callingUid = 1001, oldMode = allow
04-02 15:17:30.807 W/AppOpService( 3698): Ignored setUidMode call for runtime permission app op: uid = 1001, code = SEND_SMS, mode = allow, callingUid = 1001, oldMode = allow
04-02 15:17:30.807 W/AppOpService( 3698): Ignored setUidMode call for runtime permission app op: uid = 1001, code = READ_CELL_BROADCASTS, mode = allow, callingUid = 1001, oldMode = allow
04-02 15:17:31.481 D/ActivityManager( 3698): Async freezing 17908 com.android.vending
04-02 15:17:31.481 D/ActivityManager( 3698): Async freezing 368 com.android.vending:background
04-02 15:17:31.638 D/OplusFeatureReduceBrightness( 3698): setAnimating : animating = false
04-02 15:17:31.638 D/OplusBrightnessAmbientAdapter( 3698): setAnimating: from true to false
04-02 15:17:31.638 D/RampAnimatorExtImpl[display=0][Primary]( 3698): onAnimationEnd id[0]=[true],changed=[701->566->650],duration:5669,phaseCounts=[135, 104, 0]
04-02 15:17:31.639 D/OplusBiometricsDisplayHelper( 3698): isFold: false, isUnblockByFp: null
04-02 15:17:31.990 V/AlarmManager( 3698): sending alarm Alarm{ac544d3 type 1 origWhen 1775123251990 whenElapsed 99301269 android} uid 1000 whenElapsed 99301269 windowLength 0 maxWhenElapsed 99301269 repeatInterval 0 action null component null tag StorgaeBandInfoAlarmTag flags 0x9 procName system_server
04-02 15:17:33.173 D/osense.compress( 3698): com.google.android.contactkeys do shrink, target ratio = 67, final ratio = 90, cur ratio = 45
04-02 15:17:33.952 W/ContextImpl( 7090): Calling a method in the system process without a qualified user: android.app.ContextImpl.startService:2032 android.content.ContextWrapper.startService:865 com.heytap.mcs.biz.statistics.StaticProcessTrackStatusManager.exitCurrentProcess:11 com.heytap.mcs.biz.statistics.StaticProcessTrackStatusManager$1.handleMessage:3 android.os.Handler.dispatchMessage:111 
04-02 15:17:33.992 V/AlarmManager( 3698): sending alarm Alarm{a87241a type 1 origWhen 1775123253992 whenElapsed 99303271 android} uid 1000 whenElapsed 99303271 windowLength 0 maxWhenElapsed 99303271 repeatInterval 0 action null component null tag StorgaeBandInfoAlarmTag flags 0x9 procName system_server
04-02 15:17:33.992 I/ActivityManager( 3698): Death received, pid = 7090, processName = com.heytap.mcs.statistics for thread android.os.BinderProxy@ea67b4b
04-02 15:17:33.992 I/ActivityManager( 3698): Process com.heytap.mcs.statistics (pid 7090) has died: vis IMPF
04-02 15:17:33.994 I/ActivityThread(31800): Removing dead content provider:android.content.ContentProviderProxy@5c9da33
04-02 15:17:35.954 D/osense.compress( 3698): com.sirma.mobile.bible.android do shrink, target ratio = 89, final ratio = 90, cur ratio = 84
04-02 15:17:35.997 V/AlarmManager( 3698): sending alarm Alarm{12e0fd4 type 1 origWhen 1775123255997 whenElapsed 99305276 android} uid 1000 whenElapsed 99305276 windowLength 0 maxWhenElapsed 99305276 repeatInterval 0 action null component null tag StorgaeBandInfoAlarmTag flags 0x9 procName system_server
04-02 15:17:37.999 V/AlarmManager( 3698): sending alarm Alarm{57d8dbe type 1 origWhen 1775123257998 whenElapsed 99307277 android} uid 1000 whenElapsed 99307277 windowLength 0 maxWhenElapsed 99307277 repeatInterval 0 action null component null tag StorgaeBandInfoAlarmTag flags 0x9 procName system_server
04-02 15:17:38.352 D/osense.compress( 3698): com.google.android.youtube do shrink, target ratio = 84, final ratio = 90, cur ratio = 79
04-02 15:17:38.875 I/ServiceConnector.Impl( 3698): unbindJobThread: connection = ServiceConnector@13(Intent { act=android.permission.PermissionControllerService xflg=0x4 cmp=com.google.android.permissioncontroller/com.android.permissioncontroller.permission.service.PermissionControllerServiceImpl mCallingUid=1000 }, user: 0)[Unbinding...]service = android.permission.IPermissionController$Stub$Proxy@16bc1b1 mBinding = false
04-02 15:17:38.878 D/ActivityManager( 3698): Async freezing 3885 com.google.android.permissioncontroller
04-02 15:17:38.908 I/ActivityManager( 3698): Death received, pid = 3019, processName = com.heytap.mcs.appservice for thread android.os.BinderProxy@fcb9696
04-02 15:17:38.908 I/ActivityManager( 3698): Process com.heytap.mcs.appservice (pid 3019) has died: vis IMPF
04-02 15:17:38.910 I/ActivityThread(31800): Removing dead content provider:android.content.ContentProviderProxy@ddfa1f0
04-02 15:17:40.001 V/AlarmManager( 3698): sending alarm Alarm{ddf1604 type 1 origWhen 1775123260001 whenElapsed 99309280 android} uid 1000 whenElapsed 99309280 windowLength 0 maxWhenElapsed 99309280 repeatInterval 0 action null component null tag StorgaeBandInfoAlarmTag flags 0x9 procName system_server
04-02 15:17:40.101 D/DisplayPowerController[display=0]( 3698): requestPowerState: policy=DIM, useProximitySensor=false, screenBrightnessOverride=-1.0, useAutoBrightness=false, screenAutoBrightnessAdjustmentOverride=NaN, screenLowPowerBrightnessFactor=1.0, blockScreenOn=false, lowPowerMode=false, boostScreenBrightness=false, dozeScreenBrightness=NaN, dozeScreenState=UNKNOWN, dozeScreenStateReason=DEFAULT_POLICY, useNormalBrightnessForDoze=false, waitForNegativeProximity=false displayReady=false pendingRequest=true
04-02 15:17:40.102 D/DisplayManagerServiceExtImpl( 3698): request size(1,1),dpc=com.android.server.display.DisplayPowerController@892235e size(0,1),flags=0X200F,id(0,0,local:4630946983774026899),enable=true,ready=false,waitForNegativeProximity=false policy=DIM,useProximitySensor=false,dozeState=UNKNOWN,screenBrightnessOverride=-1.000000,useAuto=false,lowPower=false,lowPowerFactor=1.000000
04-02 15:17:40.103 D/OplusFeatureAntiDizzy( 3698):  animateLongTakeStateChange, policy 2
04-02 15:17:40.103 D/OplusFeatureReduceBrightness( 3698): setAnimating : animating = true
04-02 15:17:40.103 D/OplusBrightnessAmbientAdapter( 3698): setAnimating: from false to true
04-02 15:17:40.105 D/DpcExtImpl[display=0]( 3698): Animating brightness: hdrBrightness target=650.0->2.0,sdrBrightness target=650.0->2.0,rate=240->1200,rate type = automatic->dim,byUser=false local:4630946983774026899 , brightness from dpc = 2.0
04-02 15:17:40.105 D/OplusBiometricsDisplayHelper( 3698): isFold: false, isUnblockByFp: null
04-02 15:17:40.105 D/DpcExtImpl[display=0]( 3698): RECORD:onUpdatePowerState policy:2 state:2 brightness:2
04-02 15:17:40.105 D/DisplayPowerController[display=0]( 3698): updatePowerStateInternal policy:BRIGHT->DIM,state:ON->ON policy=DIM, useProximitySensor=false, screenBrightnessOverride=-1.0, useAutoBrightness=false, screenAutoBrightnessAdjustmentOverride=NaN, screenLowPowerBrightnessFactor=1.0, blockScreenOn=false, lowPowerMode=false, boostScreenBrightness=false, dozeScreenBrightness=NaN, dozeScreenState=UNKNOWN, dozeScreenStateReason=DEFAULT_POLICY, useNormalBrightnessForDoze=false
04-02 15:17:40.645 D/OplusFeatureReduceBrightness( 3698): setAnimating : animating = false
04-02 15:17:40.645 D/OplusBrightnessAmbientAdapter( 3698): setAnimating: from true to false
04-02 15:17:40.645 D/RampAnimatorExtImpl[display=0][Primary]( 3698): onAnimationEnd id[0]=[true],changed=[650->650->2],duration:542,phaseCounts=[0, 0, 0]
04-02 15:17:40.647 D/OplusBiometricsDisplayHelper( 3698): isFold: false, isUnblockByFp: null
04-02 15:17:41.046 W/SettingsStatsUtil( 3698): Can not parse value to float: +network
04-02 15:17:41.531 D/ActivityManager( 3698): freezing 17908 com.android.vending
04-02 15:17:41.535 D/ActivityManager( 3698): freezing 368 com.android.vending:background
04-02 15:17:41.538 D/ActivityManager( 3698): Freeze process 368, not check file locks
04-02 15:17:41.538 D/ActivityManager( 3698): reportOneUidFrozenStateChanged uid 10130 frozen = true
04-02 15:17:41.772 D/PowerManagerService( 3698): userActivityNoUpdateLocked: groupId=0, eventTime=5273240, event=touch, flags=0x0, uid=1000
04-02 15:17:41.772 D/DpcExtImpl[display=0]( 3698): setBrightnessNoAnimation, noAnimation = false
04-02 15:17:41.773 D/DisplayPowerController[display=0]( 3698): requestPowerState: policy=BRIGHT, useProximitySensor=false, screenBrightnessOverride=-1.0, useAutoBrightness=false, screenAutoBrightnessAdjustmentOverride=NaN, screenLowPowerBrightnessFactor=1.0, blockScreenOn=false, lowPowerMode=false, boostScreenBrightness=false, dozeScreenBrightness=NaN, dozeScreenState=UNKNOWN, dozeScreenStateReason=DEFAULT_POLICY, useNormalBrightnessForDoze=false, waitForNegativeProximity=false displayReady=false pendingRequest=true
04-02 15:17:41.773 D/DisplayManagerServiceExtImpl( 3698): request size(1,1),dpc=com.android.server.display.DisplayPowerController@892235e size(0,1),flags=0X200F,id(0,0,local:4630946983774026899),enable=true,ready=false,waitForNegativeProximity=false policy=BRIGHT,useProximitySensor=false,dozeState=UNKNOWN,screenBrightnessOverride=-1.000000,useAuto=false,lowPower=false,lowPowerFactor=1.000000
04-02 15:17:41.774 D/PowerManagerService( 3698): userActivityNoUpdateLocked: groupId=0, eventTime=5273240, event=touch, flags=0x0, uid=1000
04-02 15:17:41.774 D/OplusFeatureAntiDizzy( 3698):  recoverAntiDizzySettings mode = off
04-02 15:17:41.774 D/OplusFeatureAntiDizzy( 3698):  animateLongTakeStateChange, policy 3
04-02 15:17:41.774 D/OplusFeatureReduceBrightness( 3698): setAnimating : animating = true
04-02 15:17:41.774 D/OplusBrightnessAmbientAdapter( 3698): setAnimating: from false to true
04-02 15:17:41.775 D/DpcExtImpl[display=0]( 3698): Animating brightness: hdrBrightness target=2.0->650.0,sdrBrightness target=2.0->650.0,rate=1200->1200,rate type = dim->dim,byUser=false local:4630946983774026899 , brightness from dpc = 650.4735
04-02 15:17:41.775 D/OplusBiometricsDisplayHelper( 3698): isFold: false, isUnblockByFp: null
04-02 15:17:41.775 D/DpcExtImpl[display=0]( 3698): RECORD:onUpdatePowerState policy:3 state:2 brightness:650
04-02 15:17:41.775 D/DisplayPowerController[display=0]( 3698): updatePowerStateInternal policy:DIM->BRIGHT,state:ON->ON policy=BRIGHT, useProximitySensor=false, screenBrightnessOverride=-1.0, useAutoBrightness=false, screenAutoBrightnessAdjustmentOverride=NaN, screenLowPowerBrightnessFactor=1.0, blockScreenOn=false, lowPowerMode=false, boostScreenBrightness=false, dozeScreenBrightness=NaN, dozeScreenState=UNKNOWN, dozeScreenStateReason=DEFAULT_POLICY, useNormalBrightnessForDoze=false
04-02 15:17:41.853 D/VRR [OPlusRefreshRateService]( 3698): handleConfigIdChange physicalDisplayId: 4630946983774026899 configId: 0 renderPeriod: 8333333
04-02 15:17:41.871 D/PowerManagerService( 3698): userActivityNoUpdateLocked: groupId=0, eventTime=5273342, event=touch, flags=0x0, uid=1000
04-02 15:17:41.872 D/PowerManagerService( 3698): userActivityNoUpdateLocked: groupId=0, eventTime=5273342, event=touch, flags=0x0, uid=1000
04-02 15:17:42.003 V/AlarmManager( 3698): sending alarm Alarm{1e107a5 type 1 origWhen 1775123262003 whenElapsed 99311282 android} uid 1000 whenElapsed 99311282 windowLength 0 maxWhenElapsed 99311282 repeatInterval 0 action null component null tag StorgaeBandInfoAlarmTag flags 0x9 procName system_server
04-02 15:17:42.318 D/OplusFeatureDimPolicy[0]( 3698): setAnimating: DIM_STATE_NONE
04-02 15:17:42.318 D/OplusFeatureReduceBrightness( 3698): setAnimating : animating = false
04-02 15:17:42.318 D/OplusBrightnessAmbientAdapter( 3698): setAnimating: from true to false
04-02 15:17:42.318 D/RampAnimatorExtImpl[display=0][Primary]( 3698): onAnimationEnd id[0]=[true],changed=[2->2->650],duration:543,phaseCounts=[0, 0, 0]
04-02 15:17:42.318 D/OplusBiometricsDisplayHelper( 3698): isFold: false, isUnblockByFp: null
04-02 15:17:42.537 D/ActivityManager( 3698): Freezer deadlock watchdog
04-02 15:17:43.027 D/osense.compress( 3698): com.android.vending do shrink, target ratio = 33, final ratio = 40, cur ratio = 27
04-02 15:17:43.680 D/VRR [OPlusRefreshRateService]( 3698): handleConfigIdChange physicalDisplayId: 4630946983774026899 configId: 3 renderPeriod: 20000000
04-02 15:17:43.917 I/ActivityManager( 3698): Waited long enough for: ServiceRecord{db1ff54 u0 com.qualcomm.qti.workloadclassifier/.WLCService c:com.qualcomm.qti.workloadclassifier}
04-02 15:17:44.004 V/AlarmManager( 3698): sending alarm Alarm{1e59dfc type 1 origWhen 1775123264003 whenElapsed 99313283 android} uid 1000 whenElapsed 99313283 windowLength 0 maxWhenElapsed 99313283 repeatInterval 0 action null component null tag StorgaeBandInfoAlarmTag flags 0x9 procName system_server
--------- beginning of main
04-02 15:17:44.644 D/ChargerInfo( 2490): get_ui_charge_icon_type: [0 0] [0 0] 1
04-02 15:17:44.645 D/ChargerInfo( 2490): unknown: path(/sys/class/oplus_chg/ac/online) and backupPath(/sys/class/power_supply/ac/online) not exist
04-02 15:17:44.645 D/ChargerInfo( 2490): cpaPower:7500 isChargeOnline:1 isSupportRetentionTopic:0
04-02 15:17:44.645 E/ChargerInfo( 2490): SingleHyperPath not found
04-02 15:17:44.645 D/ChargerInfo( 2490): chargerInfoUpdateThread: update end
04-02 15:17:44.645 D/ChargerInfo( 2490): chargerInfoUpdateThread: update wait
04-02 15:17:44.646 D/ChargerInfo( 2490): enableTx: path(/proc/wireless/enable_tx): not exist
04-02 15:17:44.646 D/ChargerInfo( 2490): wlsAdapterPower: path(/sys/class/oplus_chg/wireless/max_w_power): not exist
04-02 15:17:44.646 D/ChargerInfo( 2490): getInfo: {"Update":{"batteryFcc":11731,"batteryRm":3136,"bddLeakCurr":0,"bmsStatus":0,"bypassChgStatus":2,"chargeTimeRemaining":0,"cpaPower":7,"enableTx":"0","fastCharge":0,"isSupportSpeedCharge":0,"notifyCode":0,"otgOnline":1,"ppsChargePower":0,"ppsCharging":0,"shortCHwStatus":0,"shortIcOtpStatus":0,"uiIconType":0,"uiPower":0,"usbStatus":0,"wlsAdapterPower":0}}
04-02 15:17:44.647 D/BatteryStatsImplExtImpl( 3698): mActiveProcesses size = 79
04-02 15:17:44.647 D/BatteryStatsImplExtImpl( 3698): rpmhStats is null or interval time is too short.
04-02 15:17:44.748 W/ServiceManagerCppClient( 3034): Waited one second for vendor.qti.qhcp.IQHDC/default (is service started? Number of threads started in the threadpool: 2. Are binder threads started and available?)
04-02 15:17:44.749 W/ServiceManagerCppClient( 2429): Waited one second for vendor.qti.qhcp.IQHDC/default (is service started? Number of threads started in the threadpool: 2. Are binder threads started and available?)
04-02 15:17:44.751 W/libc    ( 1257): Unable to set property "ctl.interface_start" to "aidl/vendor.qti.qhcp.IQHDC/default": PROP_ERROR_HANDLE_CONTROL_MESSAGE (0x20)
04-02 15:17:44.752 W/libc    ( 1257): Unable to set property "ctl.interface_start" to "aidl/vendor.qti.qhcp.IQHDC/default": PROP_ERROR_HANDLE_CONTROL_MESSAGE (0x20)
04-02 15:17:44.839 D/OplusWifiPowerWakeupStats( 3698): IPV4_UDP_Packet wake up count 7
04-02 15:17:44.851 I/vendor.qti.bluetooth@1.0-ibs_handler( 2342): ProcessIbsCmd: Received IBS_WAKE_IND: 0xFD
04-02 15:17:44.851 D/vendor.qti.bluetooth@1.0-ibs_handler( 2342): SerialClockVote: vote for UART CLK ON
04-02 15:17:44.851 D/vendor.qti.bluetooth@1.0-wake_lock( 2342): Acquire wakelock is acquired 
04-02 15:17:44.851 I/vendor.qti.bluetooth@1.0-ibs_handler( 2342): ProcessIbsCmd: Writing IBS_WAKE_ACK
04-02 15:17:44.892 I/vendor.qti.bluetooth@1.0-ibs_handler( 2342): ProcessIbsCmd: Received IBS_SLEEP_IND: 0xFE
04-02 15:17:44.892 D/vendor.qti.bluetooth@1.0-ibs_handler( 2342): SerialClockVote: vote for UART CLK OFF
04-02 15:17:45.045 D/vendor.qti.bluetooth@1.0-wake_lock( 2342): Release wakelock is released 
04-02 15:17:45.384 I/PTC.DISC.AndroidMultiLanServer(10095): Watcher sysNif=[wlan0], userNif=[wlan0 state=(LISTEN JOIN(A3DA2B|52146)), , tun0 state=(LISTEN JOIN(A3DA2B|52146))], clientNif=[wlan0 state=(LISTEN), , tun0 state=(LISTEN)], tcpServer state=LISTEN, ipv4=**8.0.116
04-02 15:17:45.423 I/vendor.qti.bluetooth@1.0-ibs_handler( 2342): ProcessIbsCmd: Received IBS_WAKE_IND: 0xFD
04-02 15:17:45.423 D/vendor.qti.bluetooth@1.0-ibs_handler( 2342): SerialClockVote: vote for UART CLK ON
04-02 15:17:45.423 D/vendor.qti.bluetooth@1.0-wake_lock( 2342): Acquire wakelock is acquired 
04-02 15:17:45.423 I/vendor.qti.bluetooth@1.0-ibs_handler( 2342): ProcessIbsCmd: Writing IBS_WAKE_ACK
04-02 15:17:45.497 I/vendor.qti.bluetooth@1.0-ibs_handler( 2342): ProcessIbsCmd: Received IBS_SLEEP_IND: 0xFE
04-02 15:17:45.497 D/vendor.qti.bluetooth@1.0-ibs_handler( 2342): SerialClockVote: vote for UART CLK OFF
04-02 15:17:45.650 D/vendor.qti.bluetooth@1.0-wake_lock( 2342): Release wakelock is released 
04-02 15:17:45.751 W/ServiceManagerCppClient( 3034): Waited one second for vendor.qti.qhcp.IQHDC/default (is service started? Number of threads started in the threadpool: 2. Are binder threads started and available?)
04-02 15:17:45.752 W/ServiceManagerCppClient( 2429): Waited one second for vendor.qti.qhcp.IQHDC/default (is service started? Number of threads started in the threadpool: 2. Are binder threads started and available?)
04-02 15:17:45.755 W/libc    ( 1257): Unable to set property "ctl.interface_start" to "aidl/vendor.qti.qhcp.IQHDC/default": PROP_ERROR_HANDLE_CONTROL_MESSAGE (0x20)
04-02 15:17:45.755 W/libc    ( 1257): Unable to set property "ctl.interface_start" to "aidl/vendor.qti.qhcp.IQHDC/default": PROP_ERROR_HANDLE_CONTROL_MESSAGE (0x20)
04-02 15:17:45.856 D/VendorWifiService( 4883): onEvent event:9,action:1
04-02 15:17:45.864 D/ScorerUtils( 3698): isLowTraffic: txTputKBps=0, rxTputKBps=0
04-02 15:17:45.864 D/OplusWifiPower_TriggerCenter( 3698): mComponentCallback: wifistat
04-02 15:17:45.888 D/SDM     ( 2422): HWDeviceDRM::SetupAtomic: APUIR: m_isswitchfps 0
04-02 15:17:45.888 D/skia    ( 2647): findCacheMissInfo vsync 600652, result 0
04-02 15:17:45.966 I/SDM     ( 2422): ClstcAlgorithmAdapter::UcscToneMap():1632 Checksum for layer 1 is: 0
04-02 15:17:46.006 W/OPLUS_LOG_LOAD( 3698): ==LOGS PROG INFO, prog(system_server) ==
04-02 15:17:46.006 V/AlarmManager( 3698): sending alarm Alarm{26deb0b type 1 origWhen 1775123266005 whenElapsed 99315285 android} uid 1000 whenElapsed 99315285 windowLength 0 maxWhenElapsed 99315285 repeatInterval 0 action null component null tag StorgaeBandInfoAlarmTag flags 0x9 procName system_server
04-02 15:17:46.007 E/OplusStorageUFSBandwidth( 3698): storage_io_metrics_path is /proc/oplus_storage/io_metrics/forever/
04-02 15:17:46.009 E/OplusStorageUFSBandwidth( 3698): Bandwidth - Read: 0.50 MB/s, Write: 0.00 MB/s
04-02 15:17:46.009 E/OplusStorageUFSBandwidth( 3698): Task time: 2ms
04-02 15:17:46.012 E/OplusStorageUFSBandwidth( 3698): Alarm set to trigger in 10 seconds
04-02 15:17:46.037 I/vendor.qti.bluetooth@1.0-ibs_handler( 2342): ProcessIbsCmd: Received IBS_WAKE_IND: 0xFD
04-02 15:17:46.037 D/vendor.qti.bluetooth@1.0-ibs_handler( 2342): SerialClockVote: vote for UART CLK ON
04-02 15:17:46.037 D/vendor.qti.bluetooth@1.0-wake_lock( 2342): Acquire wakelock is acquired 
04-02 15:17:46.038 I/vendor.qti.bluetooth@1.0-ibs_handler( 2342): ProcessIbsCmd: Writing IBS_WAKE_ACK
04-02 15:17:46.081 I/vendor.qti.bluetooth@1.0-ibs_handler( 2342): ProcessIbsCmd: Received IBS_SLEEP_IND: 0xFE
04-02 15:17:46.081 D/vendor.qti.bluetooth@1.0-ibs_handler( 2342): SerialClockVote: vote for UART CLK OFF
04-02 15:17:46.107 W/OPLUS_LOG_LOAD(  788): ==LOGS PROG INFO, prog(com.oplus.camera) ==
04-02 15:17:46.107 I/APS_ALOG(  788): flushRoutine g_immediateFlush=0 g_pendingCount=0 g_oobCount=0
04-02 15:17:46.234 D/vendor.qti.bluetooth@1.0-wake_lock( 2342): Release wakelock is released 
04-02 15:17:46.658 I/vendor.qti.bluetooth@1.0-ibs_handler( 2342): ProcessIbsCmd: Received IBS_WAKE_IND: 0xFD
04-02 15:17:46.658 D/vendor.qti.bluetooth@1.0-ibs_handler( 2342): SerialClockVote: vote for UART CLK ON
04-02 15:17:46.658 D/vendor.qti.bluetooth@1.0-wake_lock( 2342): Acquire wakelock is acquired 
04-02 15:17:46.658 I/vendor.qti.bluetooth@1.0-ibs_handler( 2342): ProcessIbsCmd: Writing IBS_WAKE_ACK
04-02 15:17:46.699 I/vendor.qti.bluetooth@1.0-ibs_handler( 2342): ProcessIbsCmd: Received IBS_SLEEP_IND: 0xFE
04-02 15:17:46.699 D/vendor.qti.bluetooth@1.0-ibs_handler( 2342): SerialClockVote: vote for UART CLK OFF
04-02 15:17:46.754 W/ServiceManagerCppClient( 3034): Waited one second for vendor.qti.qhcp.IQHDC/default (is service started? Number of threads started in the threadpool: 2. Are binder threads started and available?)
04-02 15:17:46.755 W/ServiceManagerCppClient( 2429): Waited one second for vendor.qti.qhcp.IQHDC/default (is service started? Number of threads started in the threadpool: 2. Are binder threads started and available?)
04-02 15:17:46.758 W/libc    ( 1257): Unable to set property "ctl.interface_start" to "aidl/vendor.qti.qhcp.IQHDC/default": PROP_ERROR_HANDLE_CONTROL_MESSAGE (0x20)
04-02 15:17:46.759 W/libc    ( 1257): Unable to set property "ctl.interface_start" to "aidl/vendor.qti.qhcp.IQHDC/default": PROP_ERROR_HANDLE_CONTROL_MESSAGE (0x20)
04-02 15:17:46.850 D/vendor.qti.bluetooth@1.0-wake_lock( 2342): Release wakelock is released 
04-02 15:17:46.860 I/vendor.qti.bluetooth@1.0-ibs_handler( 2342): ProcessIbsCmd: Received IBS_WAKE_IND: 0xFD
04-02 15:17:46.860 D/vendor.qti.bluetooth@1.0-ibs_handler( 2342): SerialClockVote: vote for UART CLK ON
04-02 15:17:46.861 D/vendor.qti.bluetooth@1.0-wake_lock( 2342): Acquire wakelock is acquired 
04-02 15:17:46.861 I/vendor.qti.bluetooth@1.0-ibs_handler( 2342): ProcessIbsCmd: Writing IBS_WAKE_ACK
04-02 15:17:46.862 I/bluetooth( 4912): [btif_bqr.cc:1267] vendor_specific_event_callback: Unhandled BQR subevent 0x01
04-02 15:17:46.862 D/bluetooth( 4912): [btif_bqr.cc:752] CategorizeBqrEvent: length: 79 quality_report_id: 0x01
04-02 15:17:46.862 D/btm_acl ( 4912): [btm_acl.cc:377] btm_bda_to_acl: bda=xx:xx:xx:xx:e9:27 transport=1 not found in acl_db
04-02 15:17:46.862 I/bluetooth( 4912): [btif_bqr.cc:1204] bqr_delivery_event: len: 79, bqr_id: 1, addr: xx:xx:xx:xx:e9:27, lmp_ver: 10, manufacturer_id: 1271, lmp_subver: 2570
04-02 15:17:46.863 I/BluetoothInCallService( 4912): BluetoothInCallService = null
04-02 15:17:46.863 I/BluetoothQualityReportJni( 4912): [com_android_bluetooth_BluetoothQualityReport.cpp:48] bqr_delivery_callback: 
04-02 15:17:46.863 I/BluetoothQualityReportNativeInterface( 4912): rawData Length = 79
04-02 15:17:46.863 D/OplusBrightnessSceneAdapter( 3698): Arc scene change!!! NormalScene -> StableScene [erraticScore:-1, stableScore:5467] isLuxRefresh:true
04-02 15:17:46.863 D/OplusBrightnessAmbientAdapter[StabilityProcess]( 3698): updateRangeStrategy: reason[SceneChange ] baseLux:31.215, scene:StableScene large{11.229374, 142.50975} largeForAux{11.229374, 142.50975} small{19.452278, 52.259247} null
04-02 15:17:46.863 D/OplusFeatureBrightnessBarController( 3698): BrightnessBarController is not support.
04-02 15:17:46.864 D/AutomaticController[display=0]( 3698): brightness changed!!!finalLux:96.886, weightLux:98.99, automaticLux:96.886, lastFinalLux:31.215, lastAutomaticLux:31.215, deviceDirection:Brightening, environmentDirection:Brightening, scene:StableScene, accelerateScale:1.0, updateProcess:[StableForceChange], luxQueue:[98.9375, 96.887505, 95.85, 97.375, 99.762505, 101.4625, 99.762505, 98.1125], [(31.215, 94.68945, 650.4735)->(96.886, 112.13946, 731.766)], drag:null
04-02 15:17:46.864 E/BluetoothQualityReportNativeInterface( 4912): bqrDeliver failed: failed to create BluetotQualityReport
04-02 15:17:46.864 E/BluetoothQualityReportNativeInterface( 4912): java.lang.IllegalArgumentException: BluetoothQualityReport.BqrCommon: BQR raw data length is abnormal.
04-02 15:17:46.864 E/BluetoothQualityReportNativeInterface( 4912): 	at android.bluetooth.BluetoothQualityReport$BqrCommon.<init>(BluetoothQualityReport.java:794)
04-02 15:17:46.864 E/BluetoothQualityReportNativeInterface( 4912): 	at android.bluetooth.BluetoothQualityReport$BqrCommon.<init>(Unknown Source:0)
04-02 15:17:46.864 E/BluetoothQualityReportNativeInterface( 4912): 	at android.bluetooth.BluetoothQualityReport.<init>(BluetoothQualityReport.java:284)
04-02 15:17:46.864 E/BluetoothQualityReportNativeInterface( 4912): 	at android.bluetooth.BluetoothQualityReport.<init>(Unknown Source:0)
04-02 15:17:46.864 E/BluetoothQualityReportNativeInterface( 4912): 	at android.bluetooth.BluetoothQualityReport$Builder.build(BluetoothQualityReport.java:728)
04-02 15:17:46.864 E/BluetoothQualityReportNativeInterface( 4912): 	at com.android.bluetooth.btservice.BluetoothQualityReportNativeInterface.bqrDeliver(BluetoothQualityReportNativeInterface.java:114)
04-02 15:17:46.865 D/OplusFeatureReduceBrightness( 3698): setAnimating : animating = true
04-02 15:17:46.865 D/OplusBrightnessAmbientAdapter( 3698): setAnimating: from false to true
04-02 15:17:46.867 D/DpcExtImpl[display=0]( 3698): Animating brightness: hdrBrightness target=650.0->731.0,sdrBrightness target=650.0->731.0,rate=1200->auto,rate type = dim->automatic,byUser=false local:4630946983774026899 , brightness from dpc = 731.766
04-02 15:17:46.867 D/OplusBiometricsDisplayHelper( 3698): isFold: false, isUnblockByFp: null
04-02 15:17:46.867 I/OStatsManager_Calc( 3698): noteBrightness display = 0, bin = 2, brightness = 731, upTime = 5278338
04-02 15:17:46.870 D/AnimationStepper[display=0][Primary]( 3698): new animation!94.48->111.66], is Up animation, Seq = 4, AccelerateScale = 1.0, AdjFreq = 241.07848, SeqPhaseCount=[0, 0, 0]
04-02 15:17:46.901 I/vendor.qti.bluetooth@1.0-ibs_handler( 2342): ProcessIbsCmd: Received IBS_SLEEP_IND: 0xFE
04-02 15:17:46.901 D/vendor.qti.bluetooth@1.0-ibs_handler( 2342): SerialClockVote: vote for UART CLK OFF
04-02 15:17:46.930 W/AnimationProvider[display=0][Primary][AnimationDuration]( 3698): invalid refreshRate 241 ,levChange[650->731:731],freshRate[241.08, 0.004, 1.000],verbose[sameInterrupt=false,levChange[650->731],nitChange[94.48->94.48->111.66:111.66],max[1745, 614.83]]
04-02 15:17:46.931 D/AnimationProvider[display=0][Primary][AnimationDuration]( 3698): putStringForUser ProviderInfo:
04-02 15:17:46.931 D/AnimationProvider[display=0][Primary][AnimationDuration]( 3698): 	 mType = auto
04-02 15:17:46.931 D/AnimationProvider[display=0][Primary][AnimationDuration]( 3698): 	 mAnimStartTime = 99316209
04-02 15:17:46.931 D/AnimationProvider[display=0][Primary][AnimationDuration]( 3698): 	 mPendingDb = false
04-02 15:17:46.931 D/AnimationProvider[display=0][Primary][AnimationDuration]( 3698): 	 mStartBtn = 650
04-02 15:17:46.931 D/AnimationProvider[display=0][Primary][AnimationDuration]( 3698): 	 mScaleStartBtn = 650
04-02 15:17:46.931 D/AnimationProvider[display=0][Primary][AnimationDuration]( 3698): 	 mProviderBtn = 731
04-02 15:17:46.931 D/AnimationProvider[display=0][Primary][AnimationDuration]( 3698): 	 mProviderNit = 111.66
04-02 15:17:46.931 D/AnimationProvider[display=0][Primary][AnimationDuration]( 3698): 	 mDuration = 4492
04-02 15:17:46.931 D/AnimationProvider[display=0][Primary][AnimationDuration]( 3698): 	 mAnimStartBtn = 650
04-02 15:17:46.934 W/OPLUS_LOG_LOAD( 4498): ==LOGS PROG INFO, prog(com.android.systemui) ==
04-02 15:17:46.934 I/SystemUi--QuickSettings( 4498): CentralSurfaces.BrightnessController-->onChange uri: content://settings/system/screen_brightness mAutomatic: true
04-02 15:17:46.935 D/OplusBiometricsDisplayHelper( 3698): isFold: false, isUnblockByFp: null
04-02 15:17:46.936 I/SystemUi--QuickSettings( 4498): CentralSurfaces.BrightnessController-->onChange uri: content://settings/system/screen_brightness_duration mAutomatic: true
04-02 15:17:46.937 I/SystemUi--QuickSettings( 4498): CentralSurfaces.BrightnessController-->getScreenBrightnessDuration screen_brightness_duration: 4492.0 screenBrightnessStartValue: 650.0 animationStartTime: 9.9316209E7
04-02 15:17:46.937 I/SystemUi--QuickSettings( 4498): CentralSurfaces.BrightnessController-->mUpdateSliderAnimationRunnable sliderValue: 729 screenBrightnessDuration: 4492.0 startValue: 650.0 startTime: 9.9316209E7
04-02 15:17:46.938 I/SystemUi--QuickSettings( 4498): OplusQsBrightnessSliderController-->setProgressAnimation value: 729 isListening: false  screenBrightnessDuration: 4492.0  startValue: 650 startTime: 99316209 lastDuration: 4494.0 lastStartTime: 99296146  max: 1743 sliderProgress: 734 needResetLastAnimation: false
04-02 15:17:46.963 D/OplusBrightnessPhoneStateManager( 3698): LuxEvent{event:MAIN_LUX lux:96.5625} -> LuxEvent{event:MAIN_LUX lux:96.5625}
04-02 15:17:46.963 D/OplusBrightnessSceneAdapter( 3698): Arc scene change!!! StableScene -> NormalScene [erraticScore:-1, stableScore:-1] isLuxRefresh:true
04-02 15:17:46.963 D/OplusBrightnessAmbientAdapter[StabilityProcess]( 3698): updateRangeStrategy: reason[LuxChange SceneChange ] baseLux:96.886, scene:NormalScene large{18.647667, 323.772} largeForAux{18.647667, 323.772} small{58.74546, 135.02655} null
04-02 15:17:47.052 D/vendor.qti.bluetooth@1.0-wake_lock( 2342): Release wakelock is released 
04-02 15:17:47.063 D/OplusBrightnessPhoneStateManager( 3698): LuxEvent{event:MAIN_LUX lux:97.975} -> LuxEvent{event:MAIN_LUX lux:97.975}
04-02 15:17:47.166 D/OplusBrightnessPhoneStateManager( 3698): LuxEvent{event:MAIN_LUX lux:99.387505} -> LuxEvent{event:MAIN_LUX lux:99.387505}
04-02 15:17:47.227 I/vendor.qti.bluetooth@1.0-ibs_handler( 2342): ProcessIbsCmd: Received IBS_WAKE_IND: 0xFD
04-02 15:17:47.227 D/vendor.qti.bluetooth@1.0-ibs_handler( 2342): SerialClockVote: vote for UART CLK ON
04-02 15:17:47.227 D/vendor.qti.bluetooth@1.0-wake_lock( 2342): Acquire wakelock is acquired 
04-02 15:17:47.227 I/vendor.qti.bluetooth@1.0-ibs_handler( 2342): ProcessIbsCmd: Writing IBS_WAKE_ACK
04-02 15:17:47.266 D/OplusBrightnessPhoneStateManager( 3698): LuxEvent{event:MAIN_LUX lux:101.450005} -> LuxEvent{event:MAIN_LUX lux:101.450005}
