04-02 14:32:19.734 D/OplusUserManagerServiceEnhance( 3698): getMultiSystemUserId  res = -10000
04-02 14:32:19.734 D/OplusMultiUserManager( 4498): getMultiSystemUserIdNoCheck res: -10000
04-02 14:32:19.734 D/LockPatternUtils( 4498): isBiometricAllowedForUser allowed:true isStrongBiometric:true userId:0
04-02 14:32:19.734 D/LockPatternUtils( 4498): isBiometricAllowedForUser allowed:true isStrongBiometric:true userId:0
04-02 14:32:19.735 I/SystemUi--Keyguard( 4498): OplusKeyguardInputViewController-->fpUnlockPossible:false,faceUnlockPossible:true,palmUnlockPossible:false,faceLockedOut:false
04-02 14:32:19.735 I/SystemUi--Keyguard( 4498): OplusKeyguardAbsKeyInputViewController-->entry.length1
04-02 14:32:19.735 D/OplusViewDragTouchViewHelper( 4498): dispatchTouchView action = 1
04-02 14:32:19.736 D/ViewRootImplExtImpl( 4498): the up motion event handled by client, just return
04-02 14:32:19.736 I/SystemUi--Keyguard( 4498): DeviceEntryFaceAuthRepository-->FaceManager, onAuthenticationError errorCode = 5 errString = Face operation cancelled.
04-02 14:32:19.736 I/KeyguardUpdateMonitor( 4498): handleFaceError msgId: 5, originalErrMsg: Face operation cancelled.
04-02 14:32:19.737 D/LockPatternUtils( 4498): isBiometricAllowedForUser allowed:true isStrongBiometric:true userId:0
04-02 14:32:19.737 I/SystemUi--Keyguard( 4498): OplusLockIconViewController-->checkUpdateStateAndVisibility, state=0, lastState=2
04-02 14:32:19.737 I/SystemUi--Keyguard( 4498): OplusLockIconViewController-->updateAnimation, lastLockAnimIndex=2, curLockAnimIndex=0, oldState=2, newState=0, index=0
04-02 14:32:19.737 I/SystemUi--Keyguard( 4498): OplusLockIconViewController-->canSkipLockAnimation, getTipsState=0
04-02 14:32:19.738 I/SC820CS ( 2403): CalculateExposure: A_Reg_Gain=5252, A_Real_gain=5.128906, D_Reg_Gain=1024, D_Real_gain=1.000000, ISP_Gain=1.000113, linecount=750
04-02 14:32:19.738 I/SC820CS ( 2403): FillExposureSettings, reg_fline=2500, reg_line=1500
04-02 14:32:19.738 I/SC820CS ( 2403): FillExposureSettings, gain=5252, gain_A=9
04-02 14:32:19.738 I/SC820CS ( 2403): FillExposureSettings, reg_fline=2500, reg_line=1500
04-02 14:32:19.738 I/SC820CS ( 2403): FillExposureSettings, gain=5252, gain_A=9
04-02 14:32:19.738 I/[UAH_CLIENT_WRAPPER]( 2403): [UahEventAcquireWrapper] eventId:OSENSE_ACTION_CAMERA_CLOSE, scene:none, identity:CamHalPerf, timeout:100
04-02 14:32:19.738 I/[UAH_CLIENT]( 2403): UahEventAcquire, cmdid:12, pkg:none, identity:CamHalPerf
04-02 14:32:19.739 D/vendor.qti.camera.provider-service_64( 2403): CamPerf cmd:OSENSE_ACTION_CAMERA_CLOSE timeout:100
04-02 14:32:19.739 E/ChiX    ( 2403): [ERROR][CORE   ] metadatamanager.cpp:2768 updateOPMeta() no vendor tag video.rectify.flag
04-02 14:32:19.740 W/UserAwareMgr( 3698): addKeyThread, no matched scene event for eventId: 6004
04-02 14:32:19.740 W/UserAwareMgr( 3698): no matched scene event: 6004
04-02 14:32:19.740 I/CamX    ( 2403): [ALWAYS_ON  ] camxhal3.cpp:2205 flush() HalOp: Begin FLUSH: 0xb4000075ed18dd10, logicalCameraId: 1, cameraId: 1
04-02 14:32:19.741 I/ComposerExtn( 2647): SmoMoImpl::NotifyCameraSmoothInfo: Notify Camera Info: enable=0, fps=0, disp_id: 0
04-02 14:32:19.741 I/[UAH_CLIENT_WRAPPER]( 2403): [UahReleaseWapper] 1438
04-02 14:32:19.741 I/[UAH_CLIENT]( 2403): UahRelease, handle:1438
04-02 14:32:19.741 D/vendor.qti.camera.provider-service_64( 2403): CamPerf Scene clear Action 1438
04-02 14:32:19.741 I/[UAH_CLIENT_WRAPPER]( 2403): [UahEventAcquireWrapper] eventId:OSENSE_ACTION_CAMERA_CLOSE, scene:none, identity:CamHalPerf, timeout:100
04-02 14:32:19.741 I/[UAH_CLIENT]( 2403): UahEventAcquire, cmdid:12, pkg:none, identity:CamHalPerf
04-02 14:32:19.742 D/vendor.qti.camera.provider-service_64( 2403): CamPerf cmd:OSENSE_ACTION_CAMERA_CLOSE timeout:100
04-02 14:32:19.742 I/CamX    ( 2403): [ALWAYS_ON  ] camxpipeline.cpp:10692 LogPendingNodes() +    Session 0xb4000075eb1b2000 - Pipeline RealtimeDefault0_0_cam_1 Pending Nodes
04-02 14:32:19.742 I/CamX    ( 2403): 
04-02 14:32:19.742 I/CamX    ( 2403): [ALWAYS_ON  ] camxpipeline.cpp:10693 LogPendingNodes() +------------------------------------------------------------------+
04-02 14:32:19.742 I/CamX    ( 2403): 
04-02 14:32:19.742 I/CamX    ( 2403): [ALWAYS_ON  ] camxpipeline.cpp:10696 LogPendingNodes() |      Requests Range - lastInOrderCompletedRequestId: 23 currentRequest : 27
04-02 14:32:19.742 I/CamX    ( 2403): [ALWAYS_ON  ] camxpipeline.cpp:10731 LogPendingNodes() +        Request 24 Nodes: com.qti.node.evawarp10 com.qti.node.fd8 MCTFE0 
04-02 14:32:19.742 I/CamX    ( 2403): [ALWAYS_ON  ] camxpipeline.cpp:10731 LogPendingNodes() +        Request 25 Nodes: com.qti.node.evawarp10 com.qti.node.fd8 MCTFE0 
04-02 14:32:19.742 I/CamX    ( 2403): [ALWAYS_ON  ] camxpipeline.cpp:10731 LogPendingNodes() +        Request 26 Nodes: com.qti.node.evawarp10 com.qti.node.fd8 MCTFE0 
04-02 14:32:19.742 I/CamX    ( 2403): [ALWAYS_ON  ] camxpipeline.cpp:10731 LogPendingNodes() +        Request 27 Nodes: Sensor0 Stats0 AWB0 SALINet0 com.qti.node.evawarp10 com.qti.node.fd8 AutoFocus0 MCTFE0 StatsParse0 StatsParse1 
04-02 14:32:19.742 E/ChiX    ( 2403): [ERROR][ChiNode] opluscamxchinodesstabgme.cpp:5054 GetviewfinderOverrideOfeCropTag() OplusOfflineReprocess0_com.qti.node.gme0_cam1 Request id 23, cameraId 0, sensorIndex 0, pData is null
04-02 14:32:19.742 E/ChiX    ( 2403): [ERROR][ChiNode] opluscamxchinodesstabgme.cpp:5054 GetviewfinderOverrideOfeCropTag() OplusOfflineReprocess0_com.qti.node.gme0_cam1 Request id 23, cameraId 0, sensorIndex 0, pData is null
04-02 14:32:19.742 E/ChiX    ( 2403): [ERROR][ChiNode] opluscamxchinodesstabgme.cpp:5054 GetviewfinderOverrideOfeCropTag() OplusOfflineReprocess0_com.qti.node.gme0_cam1 Request id 23, cameraId 0, sensorIndex 0, pData is null
04-02 14:32:19.743 E/ChiX    ( 2403): [ERROR][ChiNode] opluscamxchinodehwcfgofedummy.cpp:589 OplusOverrideOFETuningMode() Get feature type tag failed
04-02 14:32:19.743 E/ChiX    ( 2403): [ERROR][ChiNode] opluscamxchinodehwcfgofedummy.cpp:1086 OplusOverrideOFECustomizeTrigger() Get feature type tag failed
04-02 14:32:19.743 E/ChiX    ( 2403): [ERROR][ChiNode] opluscamxchinodehwcfgofedummy.cpp:1258 OplusOverrideOFECustomizeTrigger() Get camera livephoto enable tag failed
04-02 14:32:19.743 E/ChiX    ( 2403): [ERROR][ChiNode] opluscamxchinodehwcfgofedummy.cpp:1354 OplusOverrideOFECustomizeTrigger() Get bracketMode tag failed
04-02 14:32:19.743 I/SystemUi--Keyguard( 4498): OplusLockIconViewController-->updateAnimation animationDrawable: com.oplus.systemui.keyguard.view.OplusAnimationDrawable@3dd1a7d start
04-02 14:32:19.744 W/KeyguardSecurityViewFlipper( 4498): onMeasure: widthSpec MeasureSpec: EXACTLY 3392 should be AT_MOST
04-02 14:32:19.744 W/KeyguardSecurityViewFlipper( 4498): onMeasure: heightSpec MeasureSpec: EXACTLY 2400 should be AT_MOST
04-02 14:32:19.744 W/KeyguardSecurityViewFlipper( 4498): onMeasure: widthSpec MeasureSpec: EXACTLY 3392 should be AT_MOST
04-02 14:32:19.744 W/KeyguardSecurityViewFlipper( 4498): onMeasure: heightSpec MeasureSpec: EXACTLY 2400 should be AT_MOST
04-02 14:32:19.745 I/CamX    ( 2403): [ALWAYS_ON  ] camxpipeline.cpp:10692 LogPendingNodes() +    Session 0xb4000075eb1af000 - Pipeline OplusOfflineReprocess0_0_cam_1 Pending Nodes
04-02 14:32:19.745 I/CamX    ( 2403): 
04-02 14:32:19.745 I/CamX    ( 2403): [ALWAYS_ON  ] camxpipeline.cpp:10693 LogPendingNodes() +------------------------------------------------------------------+
04-02 14:32:19.745 I/CamX    ( 2403): 
04-02 14:32:19.745 I/CamX    ( 2403): [ALWAYS_ON  ] camxpipeline.cpp:10696 LogPendingNodes() |      Requests Range - lastInOrderCompletedRequestId: 22 currentRequest : 23
04-02 14:32:19.745 I/CamX    ( 2403): [ALWAYS_ON  ] camxpipeline.cpp:10731 LogPendingNodes() +        Request 23 Nodes: com.qti.node.mctfalign30 IPE0 OFE1 
04-02 14:32:19.745 D/KeyguardViewMediator( 4498): handleKeyguardDoneDrawing
04-02 14:32:19.745 D/KeyguardViewMediator( 4498): KeyguardViewMediator queue processing message: KEYGUARD_DONE_DRAWING
04-02 14:32:19.752 I/ChiX    ( 2403): [ALWAYS_ON  ][CORE   ] streamclassifier.cpp:1030 ResultCallback() YUV SNAPSHOT CALLBACK 22, stream 0xb4000075fa17f028, status 1
04-02 14:32:19.752 I/ChiX    ( 2403): [ALWAYS_ON  ][CORE   ] streamclassifier.cpp:1030 ResultCallback() YUV SNAPSHOT CALLBACK 23, stream 0xb4000075fa17f028, status 1
04-02 14:32:19.752 I/ChiX    ( 2403): [ALWAYS_ON  ][CORE   ] streamclassifier.cpp:1030 ResultCallback() YUV SNAPSHOT CALLBACK 24, stream 0xb4000075fa17f028, status 1
04-02 14:32:19.752 I/ChiX    ( 2403): [ALWAYS_ON  ][CORE   ] streamclassifier.cpp:1030 ResultCallback() YUV SNAPSHOT CALLBACK 25, stream 0xb4000075fa17f028, status 1
04-02 14:32:19.753 I/ChiX    ( 2403): [ALWAYS_ON  ][CORE   ] streamclassifier.cpp:1030 ResultCallback() YUV SNAPSHOT CALLBACK 26, stream 0xb4000075fa17f028, status 1
04-02 14:32:19.753 I/CamX    ( 2403): [ALWAYS_ON  ] camxpipeline.cpp:10692 LogPendingNodes() +    Session 0xb4000075eb1b2000 - Pipeline RealtimeDefault0_0_cam_1 Pending Nodes
04-02 14:32:19.753 I/CamX    ( 2403): 
04-02 14:32:19.753 I/CamX    ( 2403): [ALWAYS_ON  ] camxpipeline.cpp:10693 LogPendingNodes() +------------------------------------------------------------------+
04-02 14:32:19.753 I/CamX    ( 2403): 
04-02 14:32:19.753 I/CamX    ( 2403): [ALWAYS_ON  ] camxpipeline.cpp:10696 LogPendingNodes() |      Requests Range - lastInOrderCompletedRequestId: 27 currentRequest : 27
04-02 14:32:19.753 I/CamX    ( 2403): [ALWAYS_ON  ] camxpipeline.cpp:10692 LogPendingNodes() +    Session 0xb4000075eb1af000 - Pipeline OplusOfflineReprocess0_0_cam_1 Pending Nodes
04-02 14:32:19.753 I/CamX    ( 2403): 
04-02 14:32:19.753 I/CamX    ( 2403): [ALWAYS_ON  ] camxpipeline.cpp:10693 LogPendingNodes() +------------------------------------------------------------------+
04-02 14:32:19.753 I/CamX    ( 2403): 
04-02 14:32:19.753 I/CamX    ( 2403): [ALWAYS_ON  ] camxpipeline.cpp:10696 LogPendingNodes() |      Requests Range - lastInOrderCompletedRequestId: 23 currentRequest : 23
04-02 14:32:19.755 I/CamX    ( 2403): [ALWAYS_ON  ] camxhal3.cpp:2222 flush() HalOp: End FLUSH: 0xb4000075ed18dd10 with result 0, logicalCameraId: 1, cameraId: 1
04-02 14:32:19.755 W/ContextImpl( 3698): Calling a method in the system process without a qualified user: android.app.ContextImpl.sendBroadcast:1281 com.android.server.camera.OplusCameraStateBroadcast.notifyCameraState:52 com.android.server.camera.CameraServiceProxyExtImpl.extendNotifyCameraState:370 com.android.server.camera.CameraServiceProxy.updateActivityCount:1583 com.android.server.camera.CameraServiceProxy.-$$Nest$mupdateActivityCount:0 
04-02 14:32:19.755 D/UserAwareMgr( 3698): removeSchedThreadWithCallingPid: schedThreadInfos [SchedUxThreadInfo{mPid=2942, mTid=3375, mThreadName='cameraservice', mPriority=770}] removedConditions [true]
04-02 14:32:19.755 W/UserAwareMgr( 3698): event can not be released, id: 6003, count: 5, releasePid: 2942
04-02 14:32:19.755 D/UserAwareMgr( 3698): removeSchedThreadWithCallingPid: schedThreadInfos [SchedUxThreadInfo{mPid=2942, mTid=24668, mThreadName='cameraservice', mPriority=770}] removedConditions [true]
04-02 14:32:19.755 W/UserAwareMgr( 3698): event can not be released, id: 6003, count: 4, releasePid: 2942
04-02 14:32:19.755 D/UserAwareMgr( 3698): removeSchedThreadWithCallingPid: schedThreadInfos [SchedUxThreadInfo{mPid=2942, mTid=24670, mThreadName='cameraservice', mPriority=770}] removedConditions [true]
04-02 14:32:19.755 W/UserAwareMgr( 3698): event can not be released, id: 6003, count: 3, releasePid: 2942
04-02 14:32:19.755 D/UserAwareMgr( 3698): removeSchedThreadWithCallingPid: schedThreadInfos [SchedUxThreadInfo{mPid=2942, mTid=4065, mThreadName='cameraservice', mPriority=770}] removedConditions [true]
04-02 14:32:19.755 I/OplusCameraStateBroadcast( 3698): notifyCameraState packageName:client.pid<3424> cameraState:2 frontcamera:1 cameraId:1
04-02 14:32:19.756 W/UserAwareMgr( 3698): event can not be released, id: 6003, count: 2, releasePid: 2942
04-02 14:32:19.756 I/Camera3-Device( 2942): disconnectImpl: DisconnectUseUxthread:0
04-02 14:32:19.756 I/CameraLatencyHistogram( 2942): ProcessCaptureRequest latency histogram (27) samples:
04-02 14:32:19.756 I/CameraLatencyHistogram( 2942):        40     80    120    160    200    240    280    320    360    inf (max ms)
04-02 14:32:19.756 I/CameraLatencyHistogram( 2942):      92.59   7.41   0.00   0.00   0.00   0.00   0.00   0.00   0.00   0.00 (%)
04-02 14:32:19.756 D/OplusWifiBroadCastDispatcher( 3698): mBroadcastReceiver: onReceiver  action=oplus.intent.action.camerastate
04-02 14:32:19.756 D/SubsysBroadcastManager( 4883): onReceive action:oplus.intent.action.camerastate
04-02 14:32:19.756 I/[UAH_CLIENT_WRAPPER]( 2403): [UahEventAcquireWrapper] eventId:OSENSE_ACTION_CAMERA_CLOSE, scene:none, identity:CamHalPerf, timeout:100
04-02 14:32:19.756 I/[UAH_CLIENT]( 2403): UahEventAcquire, cmdid:12, pkg:none, identity:CamHalPerf
04-02 14:32:19.756 D/vendor.qti.camera.provider-service_64( 2403): CamPerf cmd:OSENSE_ACTION_CAMERA_CLOSE timeout:100
04-02 14:32:19.757 I/cameraRfi( 2403): getInstance 0xb40000764932e700 success
04-02 14:32:19.757 I/cameraRfi( 2403): getInstance 0xb40000764932e700 success
04-02 14:32:19.757 E/[CAM-OEMLAYER] ( 2403): [ERROR][ProviderExt] oemcamera3device.cpp:560 NeedToNotifyRfiForAF() [CAM-OEMLAYER] Failed to get NotifyRfi_AF configuration
04-02 14:32:19.757 I/CamX    ( 2403): [ALWAYS_ON  ] camxhal3.cpp:1329 close() HalOp: Begin CLOSE, logicalCameraId: 1, cameraId: 1
04-02 14:32:19.757 I/[UAH_CLIENT_WRAPPER]( 2403): [UahEventAcquireWrapper] eventId:OSENSE_ACTION_CAMERA_CLOSE, scene:none, identity:CamHalPerf, timeout:100
04-02 14:32:19.757 I/[UAH_CLIENT]( 2403): UahEventAcquire, cmdid:12, pkg:none, identity:CamHalPerf
04-02 14:32:19.757 D/vendor.qti.camera.provider-service_64( 2403): CamPerf cmd:OSENSE_ACTION_CAMERA_CLOSE timeout:100
04-02 14:32:19.757 I/ChiX    ( 2403): [ALWAYS_ON  ][CORE   ] extensionlayerinterface.cpp:30 oplus_extend_close() [OP_EXT] CLOSE_CAMERA 1
04-02 14:32:19.757 I/CamX    ( 2403): [ALWAYS_ON  ] camxpipeline.cpp:10692 LogPendingNodes() +    Session 0xb4000075eb1b2000 - Pipeline RealtimeDefault0_0_cam_1 Pending Nodes
04-02 14:32:19.757 I/CamX    ( 2403): 
04-02 14:32:19.757 I/CamX    ( 2403): [ALWAYS_ON  ] camxpipeline.cpp:10693 LogPendingNodes() +------------------------------------------------------------------+
04-02 14:32:19.757 I/CamX    ( 2403): 
04-02 14:32:19.757 I/CamX    ( 2403): [ALWAYS_ON  ] camxpipeline.cpp:10696 LogPendingNodes() |      Requests Range - lastInOrderCompletedRequestId: 27 currentRequest : 27
04-02 14:32:19.757 I/CamX    ( 2403): [ALWAYS_ON  ] camxpipeline.cpp:10692 LogPendingNodes() +    Session 0xb4000075eb1af000 - Pipeline OplusOfflineReprocess0_0_cam_1 Pending Nodes
04-02 14:32:19.757 I/CamX    ( 2403): 
04-02 14:32:19.757 I/CamX    ( 2403): [ALWAYS_ON  ] camxpipeline.cpp:10693 LogPendingNodes() +------------------------------------------------------------------+
04-02 14:32:19.757 I/CamX    ( 2403): 
04-02 14:32:19.757 I/CamX    ( 2403): [ALWAYS_ON  ] camxpipeline.cpp:10696 LogPendingNodes() |      Requests Range - lastInOrderCompletedRequestId: 23 currentRequest : 23
04-02 14:32:19.758 I/CamX    ( 2403): [ALWAYS_ON  ] camxpipeline.cpp:10692 LogPendingNodes() +    Session 0xb4000075eb1b2000 - Pipeline RealtimeDefault0_0_cam_1 Pending Nodes
04-02 14:32:19.758 I/CamX    ( 2403): 
04-02 14:32:19.758 I/CamX    ( 2403): [ALWAYS_ON  ] camxpipeline.cpp:10693 LogPendingNodes() +------------------------------------------------------------------+
04-02 14:32:19.758 I/CamX    ( 2403): 
04-02 14:32:19.758 I/CamX    ( 2403): [ALWAYS_ON  ] camxpipeline.cpp:10696 LogPendingNodes() |      Requests Range - lastInOrderCompletedRequestId: 27 currentRequest : 27
04-02 14:32:19.758 I/CamX    ( 2403): [ALWAYS_ON  ] camxpipeline.cpp:10692 LogPendingNodes() +    Session 0xb4000075eb1af000 - Pipeline OplusOfflineReprocess0_0_cam_1 Pending Nodes
04-02 14:32:19.758 I/CamX    ( 2403): 
04-02 14:32:19.758 I/CamX    ( 2403): [ALWAYS_ON  ] camxpipeline.cpp:10693 LogPendingNodes() +------------------------------------------------------------------+
04-02 14:32:19.758 I/CamX    ( 2403): 
04-02 14:32:19.758 I/CamX    ( 2403): [ALWAYS_ON  ] camxpipeline.cpp:10696 LogPendingNodes() |      Requests Range - lastInOrderCompletedRequestId: 23 currentRequest : 23
04-02 14:32:19.758 I/CamX    ( 2403): [ALWAYS_ON  ] camxpipeline.cpp:10692 LogPendingNodes() +    Session 0xb4000075eb1b2000 - Pipeline RealtimeDefault0_0_cam_1 Pending Nodes
04-02 14:32:19.758 I/CamX    ( 2403): 
04-02 14:32:19.758 I/CamX    ( 2403): [ALWAYS_ON  ] camxpipeline.cpp:10693 LogPendingNodes() +------------------------------------------------------------------+
04-02 14:32:19.758 I/CamX    ( 2403): 
04-02 14:32:19.758 I/CamX    ( 2403): [ALWAYS_ON  ] camxpipeline.cpp:10696 LogPendingNodes() |      Requests Range - lastInOrderCompletedRequestId: 27 currentRequest : 27
04-02 14:32:19.759 I/CamX    ( 2403): [ALWAYS_ON  ] camxpipeline.cpp:10692 LogPendingNodes() +    Session 0xb4000075eb1af000 - Pipeline OplusOfflineReprocess0_0_cam_1 Pending Nodes
04-02 14:32:19.759 I/CamX    ( 2403): 
04-02 14:32:19.759 I/CamX    ( 2403): [ALWAYS_ON  ] camxpipeline.cpp:10693 LogPendingNodes() +------------------------------------------------------------------+
04-02 14:32:19.759 I/CamX    ( 2403): 
04-02 14:32:19.759 I/CamX    ( 2403): [ALWAYS_ON  ] camxpipeline.cpp:10696 LogPendingNodes() |      Requests Range - lastInOrderCompletedRequestId: 23 currentRequest : 23
04-02 14:32:19.759 I/CamX    ( 2403): [ALWAYS_ON  ] camxpipeline.cpp:1733 StreamOff() OplusOfflineReprocess0_0_cam_1 Streaming Off successful:0xb4000075e99d9400, last request id 23 is real time 0 cam Id: 1 mode : 1 hasFlushOccurred: 0
04-02 14:32:19.761 I/LibHIS  ( 2403): EngDestroy in. version:5,1,46,247,time=Sep 25 2024-16:15:24.eng=0xb4000075f2154800
04-02 14:32:19.761 I/MVG     ( 2403): engine_motion_detection.cpp:55 _vft_eng_destroy() vft_eng_destroy E
04-02 14:32:19.761 I/MVG     ( 2403): engine_motion_detection.cpp:85 _vft_eng_destroy() vft_eng_destroy X
04-02 14:32:19.762 I/LibHIS  ( 2403): Engine destroyed
04-02 14:32:19.762 I/CamX    ( 2403): [ALWAYS_ON  ] camxpipeline.cpp:1733 StreamOff() RealtimeDefault0_0_cam_1 Streaming Off successful:0xb40000761b3d3800, last request id 27 is real time 1 cam Id: 1 mode : 1 hasFlushOccurred: 0
04-02 14:32:19.762 I/CV      ( 2403): File: vendor/qcom/proprietary/cv-noship/eva/4.0/src/cpu/evaSessionStartStop.cpp Line: 411 Function: async_worker() Msg: Current state 0 - outstanding buffer 0
04-02 14:32:19.764 E/3AManager( 2403): [cam1/req-26][occe3AInterfaceAPI.cpp:125 OCCERelease()] camID:1 algoType:0 count:0
04-02 14:32:19.764 E/3AManager( 2403): [cam1/req-26][camAlgoBase.cpp:291 occeDataInterfaceRelease()] instanceCount 2, skip destroying algo
04-02 14:32:19.765 E/3AManager( 2403): [cam1/req-26][occe3AInterfaceAPI.cpp:125 OCCERelease()] camID:1 algoType:1 count:0
04-02 14:32:19.765 E/3AManager( 2403): [cam1/req-26][camAlgoBase.cpp:291 occeDataInterfaceRelease()] instanceCount 1, skip destroying algo
04-02 14:32:19.766 E/3AManager( 2403): [cam1/req1][occe3AInterfaceAPI.cpp:125 OCCERelease()] camID:1 algoType:2 count:0
04-02 14:32:19.766 E/3AManager( 2403): [cam1/req1][camAlgoBase.cpp:276 occeDataInterfaceRelease()] g_pOCCEDataInterface[1]:0xb400007610331b60 instance count 0, destroying algo
04-02 14:32:19.766 I/CV      ( 2403): File: vendor/qcom/proprietary/cv-noship/eva/4.0/src/cpu/evaSessionStartStop.cpp Line: 411 Function: async_worker() Msg: Current state 0 - outstanding buffer 0
04-02 14:32:19.775 I/MMKV    ( 5058): <MMKV_IO.cpp:456::writeActualSize> [mmkv.default] increase sequence to 15930, crc 1064960052, actualSize 487
04-02 14:32:19.776 E/UserAwareMgr( 3698): no matched scene event: 6005
04-02 14:32:19.777 D/UserAwareMgr( 3698): removeSchedThreadWithCallingPid: schedThreadInfos [] removedConditions []
04-02 14:32:19.777 E/UserAwareMgr( 3698): no matched scene event: 6005
04-02 14:32:19.778 W/libc    ( 2403): invalid pthread_t (0) passed to pthread_join
04-02 14:32:19.779 W/libc    ( 2403): invalid pthread_t (0) passed to pthread_join
04-02 14:32:19.779 W/libc    ( 2403): invalid pthread_t (0) passed to pthread_join
04-02 14:32:19.779 W/libc    ( 2403): invalid pthread_t (0) passed to pthread_join
04-02 14:32:19.779 W/libc    ( 2403): invalid pthread_t (0) passed to pthread_join
04-02 14:32:19.779 W/libc    ( 2403): invalid pthread_t (0) passed to pthread_join
04-02 14:32:19.779 W/libc    ( 2403): invalid pthread_t (0) passed to pthread_join
04-02 14:32:19.779 W/libc    ( 2403): invalid pthread_t (0) passed to pthread_join
04-02 14:32:19.779 W/libc    ( 2403): invalid pthread_t (0) passed to pthread_join
04-02 14:32:19.782 D/TapHttp.CallTrackHelper 70( 5058): callStart:https://dc-stat-in.heytapmobile.com/v1/stat/op_install?appid=21000&logtag=0&nonce=4597&timestamp=1775120539&sign=4a601549ce218ea9e8ce0cc247a6c6fd connectMode:TCP reUseMode:ALL isZeroRtt:true
04-02 14:32:19.782 V/TapHttp.StatRateHelper( 5058): ignore record by sample ratio is 1
04-02 14:32:19.782 D/TapHttp.CallTrackHelper 70( 5058): newSteam:https://dc-stat-in.heytapmobile.com/v1/stat/op_install?appid=21000&logtag=0&nonce=4597&timestamp=1775120539&sign=4a601549ce218ea9e8ce0cc247a6c6fd
04-02 14:32:19.782 D/TapHttp.Event Dispatcher( 5058): dns start
04-02 14:32:19.782 D/TapHttp.CallTrackHelper 70( 5058): dnsStart https://dc-stat-in.heytapmobile.com/v1/stat/op_install?appid=21000&logtag=0&nonce=4597&timestamp=1775120539&sign=4a601549ce218ea9e8ce0cc247a6c6fd
04-02 14:32:19.783 D/TapHttp.RealDnsInterceptor( 5058): start use default local dns lookup dc-stat-in.heytapmobile.com
04-02 14:32:19.783 D/TapHttp.RealDnsInterceptor( 5058): use default local dns lookup dc-stat-in.heytapmobile.com:IpInfo(host='dc-stat-in.heytapmobile.com', dnsType=0, ttl=0, carrier=, ip='', port=0, weight=0, dnUnitSet=, failCount=0, failTime=0, failMsg=, expire=1775120539783)
04-02 14:32:19.783 D/TapHttp.RealDnsInterceptor( 5058): use default local dns lookup dc-stat-in.heytapmobile.com:IpInfo(host='dc-stat-in.heytapmobile.com', dnsType=0, ttl=0, carrier=, ip='', port=0, weight=0, dnUnitSet=, failCount=0, failTime=0, failMsg=, expire=1775120539783)
04-02 14:32:19.783 D/TapHttp.WrapperInterceptor( 5058): result ip list is [IpInfo(host='dc-stat-in.heytapmobile.com', dnsType=0, ttl=0, carrier=, ip='', port=0, weight=0, dnUnitSet=, failCount=0, failTime=0, failMsg=, expire=1775120539783), IpInfo(host='dc-stat-in.heytapmobile.com', dnsType=0, ttl=0, carrier=, ip='', port=0, weight=0, dnUnitSet=, failCount=0, failTime=0, failMsg=, expire=1775120539783)]
04-02 14:32:19.783 D/TapHttp.CallTrackHelper 70( 5058): dnsEnd https://dc-stat-in.heytapmobile.com/v1/stat/op_install?appid=21000&logtag=0&nonce=4597&timestamp=1775120539&sign=4a601549ce218ea9e8ce0cc247a6c6fd
04-02 14:32:19.784 D/TapHttp.CallTrackHelper 70( 5058): connect_protocol =tcp_tcp connectTimeout=10000 retryCount=0  route=Route{dc-stat-in.heytapmobile.com/129.227.30.5:443}
04-02 14:32:19.784 D/TapHttp.Event Dispatcher( 5058): connect start: 129.227.30.5
04-02 14:32:19.784 D/TapHttp.CallTrackHelper 70( 5058): connectStart https://dc-stat-in.heytapmobile.com/v1/stat/op_install?appid=21000&logtag=0&nonce=4597&timestamp=1775120539&sign=4a601549ce218ea9e8ce0cc247a6c6fd
04-02 14:32:19.784 D/DnsDomainBlock( 4752): onDnsEvent: latencyMs=0, returnCode=0, uid=10136
04-02 14:32:19.785 E/UserAwareMgr( 3698): no matched scene event: 6006
04-02 14:32:19.786 I/CameraMidasService( 2482): setPowerFactor powerfactor.packageName is client.pid<3424>!
04-02 14:32:19.786 E/ChiX    ( 2403): [ERROR][CORE   ] zoomdivisioncontroller.cpp:103 InitZoomController() read PhotoRealtimeEIS originratio failed
04-02 14:32:19.786 E/ChiX    ( 2403): [ERROR][CORE   ] zoomdivisioncontroller.cpp:108 InitZoomController() read PhotoRealtimeEIS targetratio failed
04-02 14:32:19.786 I/ChiX    ( 2403): [ALWAYS_ON  ][CORE   ] extensionlayer.cpp:817 TeardownOverrideSession() [OP_EXT] DESTROY_SESSION X
04-02 14:32:19.786 I/ComposerExtn( 2647): SmoMoImpl::NotifyCameraSmoothInfo: Notify Camera Info: enable=0, fps=0, disp_id: 0
04-02 14:32:19.786 I/SDM     ( 2422): ResourceImpl::SetMaxBandwidthMode: new bandwidth mode=0
04-02 14:32:19.786 I/SDM     ( 2422): ResourceAlloc::SetMaxBandwidthMode: new bandwidth mode=0
04-02 14:32:19.786 I/CamX    ( 2403): [ALWAYS_ON  ] camxhal3.cpp:1353 close() HalOp: End CLOSE, logicalCameraId: 1, cameraId: 1
04-02 14:32:19.786 E/UserAwareMgr( 3698): no matched scene event: 6004
04-02 14:32:19.787 E/[CAM-OEMLAYER] ( 2403): [ERROR][ProviderExt] ncscontroller.cpp:65 ~NcsController() [CAM-OEMLAYER] delete NcsController success !
04-02 14:32:19.787 E/SensorhubAON( 2403): [oplusAON:AcquireAonCamera] Release sensorhub camera resource !
04-02 14:32:19.787 I/SensorhubAON( 2403): AcquireAonCamera success, camera changed to release by ap camera. status:0
04-02 14:32:19.787 E/[CAM-OEMLAYER] ( 2403): [ERROR][ProviderExt] healthmonitor.cpp:24 Check() [CAM-OEMLAYER] HealthMonitor Not Enable
04-02 14:32:19.787 I/SensorhubAON( 2403): onCameraStateChanged notify aon CameraStateChanged[0], clientList.size= 0
04-02 14:32:19.787 E/UserAwareMgr( 3698): no matched scene event: 6004
04-02 14:32:19.787 I/Camera3-OutputStream( 2942): disconnectLocked: disconnecting stream 0 from native window
04-02 14:32:19.787 I/CameraLatencyHistogram( 2942): Stream 0 dequeueBuffer latency histogram (27) samples:
04-02 14:32:19.787 I/CameraLatencyHistogram( 2942):         5     10     15     20     25     30     35     40     45    inf (max ms)
04-02 14:32:19.787 I/CameraLatencyHistogram( 2942):      100.00   0.00   0.00   0.00   0.00   0.00   0.00   0.00   0.00   0.00 (%)
04-02 14:32:19.787 I/Camera3-Device( 2942): disconnectImpl: X
04-02 14:32:19.788 W/ContextImpl( 3698): Calling a method in the system process without a qualified user: android.app.ContextImpl.sendBroadcast:1281 com.android.server.camera.OplusCameraStateBroadcast.notifyCameraState:52 com.android.server.camera.CameraServiceProxyExtImpl.extendNotifyCameraState:370 com.android.server.camera.CameraServiceProxy.updateActivityCount:1583 com.android.server.camera.CameraServiceProxy.-$$Nest$mupdateActivityCount:0 
04-02 14:32:19.788 I/OStatsManager_Calc( 3698): noteCamera: uid = 1000, start = false
04-02 14:32:19.788 D/AppModule( 4883): onTriggerHookEvent: eventId=19, pid=12408, uid=1000, pkgName=android
04-02 14:32:19.788 I/OplusCameraStateBroadcast( 3698): notifyCameraState packageName:client.pid<3424> cameraState:3 frontcamera:1 cameraId:1
04-02 14:32:19.788 D/SystemState( 4883): noteCameraStop,uid=1000
04-02 14:32:19.788 E/QosSceneRecognizer[CameraScene]( 3698): handleCloseCamera: cameraId[1] is not ever opened!
04-02 14:32:19.788 I/VideoCallScene( 4883): isInVideoCall, mIsVoiceCall = false, mIsActivityVoiceCall = false, mActivityVoiceCallUid = -1, mVoiceCallPkg = , mVoiceCallUid = -1, cameraUid = -1, mIsVideoPlay = false, mVideoPlayUid = -1
04-02 14:32:19.788 D/FlexibleTaskCameraManager( 3698): onCameraClosed.
04-02 14:32:19.788 D/OplusWifiBroadCastDispatcher( 3698): mBroadcastReceiver: onReceiver  action=oplus.intent.action.camerastate
04-02 14:32:19.788 D/OplusZoomTaskCloneController( 3698): onCameraOpened cameraId =:1
04-02 14:32:19.789 I/CameraService( 2942): disconnect: Disconnected client for camera 1 for PID 3424
04-02 14:32:19.789 D/SubsysBroadcastManager( 4883): onReceive action:oplus.intent.action.camerastate
04-02 14:32:19.789 E/OplusFloorRefreshRateController( 3698): onDisconnected
04-02 14:32:19.789 I/IPCThreadState( 3698): oneway function results for code 10007 on binder at 0xb400007025b0f720 will be dropped but finished with status UNKNOWN_TRANSACTION
04-02 14:32:19.789 D/OplusSurfaceFlinger( 2647): OPLUS_CODE_PAD_FLOOR_FPS state=0, type=4
04-02 14:32:19.789 D/OplusSurfaceFlinger( 2647): processPadFloorFPS: mIpeBluetoothConnected=2, mIpePresent=1, mDebugGameMode=1, mCameraStreamState=0, mForcePadFloorFps=0
04-02 14:32:19.789 D/OplusCameraService( 2942): Set async binder(tid: 4065 isEnable: 0) successfully.
04-02 14:32:19.789 D/OplusCameraService( 2942): Set async binder(tid: 3375 isEnable: 0) successfully.
04-02 14:32:19.789 D/OplusCameraService( 2942): Set async binder(tid: -1 isEnable: 0) successfully.
04-02 14:32:19.789 I/Camera2ClientBase( 2942): ~Camera2ClientBase: Client object's dtor for Camera Id 1 completed. Client was: client.pid<3424> (PID 3424, UID 1000)
04-02 14:32:19.790 I/Camera3-Device( 2942): disconnectImpl: DisconnectUseUxthread:0
04-02 14:32:19.790 I/Camera3DeviceInjectionMethods( 2942): injectionDisconnectImpl: Injection camera disconnect
04-02 14:32:19.810 E/IJankManager( 4498): slideSceneEnd unknown scene 1000 mScene:-1
04-02 14:32:19.811 V/AutofillManager( 4498): requestHideFillUi(null): anchor = null
04-02 14:32:19.811 V/Application( 4498): getAutofillClient(): null on super, trying to find activity thread
04-02 14:32:19.811 V/Application( 4498): getAutofillClient(): none of the 0 activities on com.android.systemui.SystemUIApplication@8f01d21 are top resumed nor have focus
04-02 14:32:19.811 V/AutofillManager( 4498): No AutofillClient for com.android.systemui on context com.android.systemui.SystemUIApplication@8f01d21
04-02 14:32:19.811 I/SystemUi--Keyguard( 4498): KeyguardGlideTipView-->hideTips reason=hideGlideTipDelayedWithKgdDownFirst withAnimator=true delayType=1
04-02 14:32:19.811 D/OplusViewDragTouchViewHelper( 4922): dispatchTouchView action = 4
04-02 14:32:19.811 D/GestureLog_OplusMultiPointerDetector( 3698): onTouchEvent------>start, mCurNumPointers=1, mCurrStatus=0 mIsDownIntervalTimeout=false, action=0 downTime=2551281 deviceId=6
04-02 14:32:19.811 I/SystemUi--Keyguard( 4498): KeyguardGlideTipView-->cancelBreathAnimation-isBreathAnimationRunning=false
04-02 14:32:19.811 I/SystemUi--Statusbar( 4498): NotifShadeWindowVC-->isSeparaOrMergeQsVisible: false
04-02 14:32:19.811 D/PowerManagerService( 3698): userActivityNoUpdateLocked: groupId=0, eventTime=2551281, event=other, flags=0x0, uid=10225
04-02 14:32:19.832 D/TapHttp.CallTrackHelper 70( 5058): connectSocketEnd https://dc-stat-in.heytapmobile.com/v1/stat/op_install?appid=21000&logtag=0&nonce=4597&timestamp=1775120539&sign=4a601549ce218ea9e8ce0cc247a6c6fd
04-02 14:32:19.832 D/TapHttp.CallTrackHelper 70( 5058): secureConnectStart https://dc-stat-in.heytapmobile.com/v1/stat/op_install?appid=21000&logtag=0&nonce=4597&timestamp=1775120539&sign=4a601549ce218ea9e8ce0cc247a6c6fd
04-02 14:32:19.866 I/ConscryptEngineSocket( 5058): dc-stat-in.heytapmobile.com:443,tls_reused:true
04-02 14:32:19.869 D/RealConnection:( 5058): Platform.getOplatform().getSelectedProtocol(sslSocket):http/1.1
04-02 14:32:19.869 D/RealConnection:( 5058): supportsTlsExtensions:true
04-02 14:32:19.869 D/RealConnection:( 5058): maybeProtocol:http/1.1
04-02 14:32:19.869 D/RealConnection:( 5058): protocol:http/1.1
04-02 14:32:19.869 D/TapHttp.CallTrackHelper 70( 5058): secureConnectEnd https://dc-stat-in.heytapmobile.com/v1/stat/op_install?appid=21000&logtag=0&nonce=4597&timestamp=1775120539&sign=4a601549ce218ea9e8ce0cc247a6c6fd
04-02 14:32:19.869 D/TapHttp.CallTrackHelper 70( 5058): connectEnd https://dc-stat-in.heytapmobile.com/v1/stat/op_install?appid=21000&logtag=0&nonce=4597&timestamp=1775120539&sign=4a601549ce218ea9e8ce0cc247a6c6fd
04-02 14:32:19.870 D/TapHttp.Event Dispatcher( 5058): connect acquired 129.227.30.5
04-02 14:32:19.870 D/TapHttp.CallTrackHelper 70( 5058): connectionAcquired https://dc-stat-in.heytapmobile.com/v1/stat/op_install?appid=21000&logtag=0&nonce=4597&timestamp=1775120539&sign=4a601549ce218ea9e8ce0cc247a6c6fd
04-02 14:32:19.870 D/TapHttp.CallTrackHelper 70( 5058): request_protocol =tcp readTimeout=10000 writeTimeout=10000 retryCount=0  route=Route{dc-stat-in.heytapmobile.com/129.227.30.5:443}
04-02 14:32:19.870 I/TapHttp.SpecialCallServerStub( 5058): request online : url:https://dc-stat-in.heytapmobile.com/v1/stat/op_install?appid=21000&logtag=0&nonce=4597&timestamp=1775120539&sign=4a601549ce218ea9e8ce0cc247a6c6fd,
04-02 14:32:19.870 I/TapHttp.SpecialCallServerStub( 5058):  
04-02 14:32:19.870 I/TapHttp.SpecialCallServerStub( 5058): request online:hostdc-stat-in.heytapmobile.com 
04-02 14:32:19.870 I/TapHttp.SpecialCallServerStub( 5058):  headers Content-Encoding: gzip
04-02 14:32:19.870 I/TapHttp.SpecialCallServerStub( 5058): Content-Type: text/json; charset=UTF-8
04-02 14:32:19.870 I/TapHttp.SpecialCallServerStub( 5058): TAP-APP-CONF-VER: compass_dcs:422,dcc_124200:1591,dcc_20158:1,dcc_2:8
04-02 14:32:19.870 I/TapHttp.SpecialCallServerStub( 5058): Content-Length: 600
04-02 14:32:19.870 I/TapHttp.SpecialCallServerStub( 5058): Host: dc-stat-in.heytapmobile.com
04-02 14:32:19.870 I/TapHttp.SpecialCallServerStub( 5058): Connection: Keep-Alive
04-02 14:32:19.870 I/TapHttp.SpecialCallServerStub( 5058): Accept-Encoding: gzip
04-02 14:32:19.870 I/TapHttp.SpecialCallServerStub( 5058): User-Agent: okhttp/3.12.12.342
04-02 14:32:19.870 I/TapHttp.SpecialCallServerStub( 5058): 
04-02 14:32:19.870 D/TapHttp.CallTrackHelper 70( 5058): requestHeadersStart https://dc-stat-in.heytapmobile.com/v1/stat/op_install?appid=21000&logtag=0&nonce=4597&timestamp=1775120539&sign=4a601549ce218ea9e8ce0cc247a6c6fd
04-02 14:32:19.870 D/TapHttp.CallTrackHelper 70( 5058): requestHeadersEnd https://dc-stat-in.heytapmobile.com/v1/stat/op_install?appid=21000&logtag=0&nonce=4597&timestamp=1775120539&sign=4a601549ce218ea9e8ce0cc247a6c6fd
04-02 14:32:19.870 D/TapHttp.CallTrackHelper 70( 5058): requestBodyStart https://dc-stat-in.heytapmobile.com/v1/stat/op_install?appid=21000&logtag=0&nonce=4597&timestamp=1775120539&sign=4a601549ce218ea9e8ce0cc247a6c6fd
04-02 14:32:19.870 D/TapHttp.CallTrackHelper 70( 5058): requestBodyEnd https://dc-stat-in.heytapmobile.com/v1/stat/op_install?appid=21000&logtag=0&nonce=4597&timestamp=1775120539&sign=4a601549ce218ea9e8ce0cc247a6c6fd
04-02 14:32:19.870 D/TapHttp.CallTrackHelper 70( 5058): requestEnd https://dc-stat-in.heytapmobile.com/v1/stat/op_install?appid=21000&logtag=0&nonce=4597&timestamp=1775120539&sign=4a601549ce218ea9e8ce0cc247a6c6fd
04-02 14:32:19.870 D/TapHttp.CallTrackHelper 70( 5058): responseHeadersStart https://dc-stat-in.heytapmobile.com/v1/stat/op_install?appid=21000&logtag=0&nonce=4597&timestamp=1775120539&sign=4a601549ce218ea9e8ce0cc247a6c6fd
04-02 14:32:19.878 I/SystemUi--Statusbar( 4498): OplusStatusBarWindowViewTouchExImpl-->onTouchEvent handled:false
04-02 14:32:19.878 I/FalsingManager( 4498): {belief=0.03227939744065239 confidence=0.9567879189274887}
04-02 14:32:19.879 D/PowerManagerService( 3698): userActivityNoUpdateLocked: groupId=0, eventTime=2551349, event=other, flags=0x0, uid=10225
04-02 14:32:19.879 I/SystemUi--Keyguard( 4498): OplusKeyguardAbsKeyInputViewController-->entry.length2
04-02 14:32:19.879 D/OplusViewDragTouchViewHelper( 4498): dispatchTouchView action = 1
04-02 14:32:19.880 D/ViewRootImplExtImpl( 4498): the up motion event handled by client, just return
04-02 14:32:19.966 D/TapHttp.CallTrackHelper 70( 5058): responseHeadersEnd https://dc-stat-in.heytapmobile.com/v1/stat/op_install?appid=21000&logtag=0&nonce=4597&timestamp=1775120539&sign=4a601549ce218ea9e8ce0cc247a6c6fd
04-02 14:32:19.966 D/TapHttp.CallTrackHelper 70( 5058): responseBodyStart https://dc-stat-in.heytapmobile.com/v1/stat/op_install?appid=21000&logtag=0&nonce=4597&timestamp=1775120539&sign=4a601549ce218ea9e8ce0cc247a6c6fd
04-02 14:32:19.966 D/TapHttp.CallTrackHelper 70( 5058): responseEnd https://dc-stat-in.heytapmobile.com/v1/stat/op_install?appid=21000&logtag=0&nonce=4597&timestamp=1775120539&sign=4a601549ce218ea9e8ce0cc247a6c6fd
04-02 14:32:19.966 I/TapHttp.SpecialCallServerStub( 5058): response online : protocol: http/1.1, code:200 ,url:https://dc-stat-in.heytapmobile.com/v1/stat/op_install?appid=21000&logtag=0&nonce=4597&timestamp=1775120539&sign=4a601549ce218ea9e8ce0cc247a6c6fd
04-02 14:32:19.967 I/TapHttp.SpecialCallServerStub( 5058): response online: host:dc-stat-in.heytapmobile.com,headers:Server: nginx
04-02 14:32:19.967 I/TapHttp.SpecialCallServerStub( 5058): Date: Thu, 02 Apr 2026 09:02:19 GMT
04-02 14:32:19.967 I/TapHttp.SpecialCallServerStub( 5058): Content-Type: application/json;charset=UTF-8
04-02 14:32:19.967 I/TapHttp.SpecialCallServerStub( 5058): Content-Length: 23
04-02 14:32:19.967 I/TapHttp.SpecialCallServerStub( 5058): Connection: keep-alive
04-02 14:32:19.967 I/TapHttp.SpecialCallServerStub( 5058): Access-Control-Allow-Credentials: true
04-02 14:32:19.967 I/TapHttp.SpecialCallServerStub( 5058): Access-Control-Allow-Origin: *
04-02 14:32:19.967 I/TapHttp.SpecialCallServerStub( 5058): Access-Control-Allow-Methods: GET, POST, OPTIONS
04-02 14:32:19.967 I/TapHttp.SpecialCallServerStub( 5058): Access-Control-Allow-Headers: content-type, Origin, X-Requested-With
04-02 14:32:19.967 I/TapHttp.SpecialCallServerStub( 5058): Access-Control-Expose-Headers: Content-Length
04-02 14:32:19.967 I/TapHttp.SpecialCallServerStub( 5058): Access-Control-Max-Age: 86400
04-02 14:32:19.967 I/TapHttp.SpecialCallServerStub( 5058): TAP-APP-CONF-DIM: compass_dcs:0,dcc_124200:0,dcc_20158:0,dcc_2:0
04-02 14:32:19.967 I/TapHttp.SpecialCallServerStub( 5058): X-Backend-Host: 0242:8081
04-02 14:32:19.967 I/TapHttp.SpecialCallServerStub( 5058): X-Gateway-Host: 86fc25eea900e3b6f4c382e13df9acd3b2afd245cc9d429a8965a43ae2a8c575e32eb2f642624214231600df6af460fb
04-02 14:32:19.967 I/TapHttp.SpecialCallServerStub( 5058): 
04-02 14:32:19.968 D/TapHttp.CallTrackHelper 70( 5058): responseBodyEnd https://dc-stat-in.heytapmobile.com/v1/stat/op_install?appid=21000&logtag=0&nonce=4597&timestamp=1775120539&sign=4a601549ce218ea9e8ce0cc247a6c6fd
04-02 14:32:19.968 D/TapHttp.CallTrackHelper 70( 5058): connectionReleased https://dc-stat-in.heytapmobile.com/v1/stat/op_install?appid=21000&logtag=0&nonce=4597&timestamp=1775120539&sign=4a601549ce218ea9e8ce0cc247a6c6fd
04-02 14:32:19.968 D/TapHttp.CallTrackHelper 70( 5058): callEnd https://dc-stat-in.heytapmobile.com/v1/stat/op_install?appid=21000&logtag=0&nonce=4597&timestamp=1775120539&sign=4a601549ce218ea9e8ce0cc247a6c6fd
04-02 14:32:19.968 D/TapHttp.CallTrackHelper 70( 5058): call_time : 186
04-02 14:32:19.968 D/TapHttp.CallTrackHelper 70( 5058): callEnd https://dc-stat-in.heytapmobile.com/v1/stat/op_install?appid=21000&logtag=0&nonce=4597&timestamp=1775120539&sign=4a601549ce218ea9e8ce0cc247a6c6fd
04-02 14:32:19.968 V/TapHttp.StatRateHelper( 5058): ignore record by sample ratio is 1
04-02 14:32:19.978 E/IJankManager( 4498): slideSceneEnd unknown scene 1000 mScene:-1
04-02 14:32:19.978 V/AutofillManager( 4498): requestHideFillUi(null): anchor = null
04-02 14:32:19.978 V/Application( 4498): getAutofillClient(): null on super, trying to find activity thread
04-02 14:32:19.978 V/Application( 4498): getAutofillClient(): none of the 0 activities on com.android.systemui.SystemUIApplication@8f01d21 are top resumed nor have focus
04-02 14:32:19.978 V/AutofillManager( 4498): No AutofillClient for com.android.systemui on context com.android.systemui.SystemUIApplication@8f01d21
04-02 14:32:19.978 D/OplusViewDragTouchViewHelper( 4922): dispatchTouchView action = 4
04-02 14:32:19.978 I/SystemUi--Keyguard( 4498): KeyguardGlideTipView-->hideTips reason=hideGlideTipDelayedWithKgdDownFirst withAnimator=true delayType=1
04-02 14:32:19.978 I/SystemUi--Keyguard( 4498): KeyguardGlideTipView-->cancelBreathAnimation-isBreathAnimationRunning=false
04-02 14:32:19.978 I/SystemUi--Statusbar( 4498): NotifShadeWindowVC-->isSeparaOrMergeQsVisible: false
04-02 14:32:19.978 W/OPLUS_LOG_LOAD( 3698): ==LOGS PROG INFO, prog(system_server) ==
04-02 14:32:19.978 D/GestureLog_OplusMultiPointerDetector( 3698): onTouchEvent------>start, mCurNumPointers=1, mCurrStatus=0 mIsDownIntervalTimeout=false, action=0 downTime=2551448 deviceId=6
04-02 14:32:19.979 D/PowerManagerService( 3698): userActivityNoUpdateLocked: groupId=0, eventTime=2551449, event=other, flags=0x0, uid=10225
04-02 14:32:20.048 D/skia    ( 4498): GrGpu::writePixels takes 1
04-02 14:32:20.061 I/SystemUi--Statusbar( 4498): OplusStatusBarWindowViewTouchExImpl-->onTouchEvent handled:false
04-02 14:32:20.062 I/FalsingManager( 4498): {belief=0.009867828232399586 confidence=0.9603071689932132}
04-02 14:32:20.062 D/PowerManagerService( 3698): userActivityNoUpdateLocked: groupId=0, eventTime=2551533, event=other, flags=0x0, uid=10225
04-02 14:32:20.063 I/SystemUi--Keyguard( 4498): OplusKeyguardAbsKeyInputViewController-->entry.length3
04-02 14:32:20.063 D/OplusViewDragTouchViewHelper( 4498): dispatchTouchView action = 1
04-02 14:32:20.063 D/ViewRootImplExtImpl( 4498): the up motion event handled by client, just return
04-02 14:32:20.096 I/vendor.qti.bluetooth@1.0-ibs_handler( 2342): ProcessIbsCmd: Received IBS_WAKE_IND: 0xFD
04-02 14:32:20.096 D/vendor.qti.bluetooth@1.0-ibs_handler( 2342): SerialClockVote: vote for UART CLK ON
04-02 14:32:20.096 D/vendor.qti.bluetooth@1.0-wake_lock( 2342): Acquire wakelock is acquired 
04-02 14:32:20.096 I/vendor.qti.bluetooth@1.0-ibs_handler( 2342): ProcessIbsCmd: Writing IBS_WAKE_ACK
04-02 14:32:20.097 I/bluetooth( 4912): [csis_client.cc:2004] GattcCallback: event = 0x1a
04-02 14:32:20.098 D/bluetooth( 4912): [has_client.cc:1786] GattcCallback: event = 26
04-02 14:32:20.098 E/bluetooth-asha( 4912): [hearing_aid.cc:591] OnConnectionUpdateComplete: unknown device: conn_id=0x6
04-02 14:32:20.098 I/bluetooth( 4912): [vc.cc:1248] gattc_callback: event = 26
04-02 14:32:20.098 I/bluetooth( 4912): [client.cc:6961] le_audio_gattc_callback: event = 26
04-02 14:32:20.098 I/Bluetooth( 4912): [client.cc:3084] OnConnectionUpdateComplete, conn_id 12
04-02 14:32:20.098 I/Bluetooth( 4912): [client.cc:3087] OnConnectionUpdateCompleteUnknown connectect id 12
04-02 14:32:20.098 I/edmb    ( 9715): (REDACTED) appOpsListener %s %s
04-02 14:32:20.098 I/edmb    ( 9715): (REDACTED) Ignoring irrelevant audio permission changes for package %s
04-02 14:32:20.099 I/bluetooth( 4912): [le_impl.h:694]  on_remote_connection_parameter_request
04-02 14:32:20.099 I/vendor.qti.bluetooth@1.0-ibs_handler( 2342): DeviceWakeUp: Writing IBS_WAKE_IND
04-02 14:32:20.099 D/BluetoothGattServer(10095): onConnectionUpdated() - Device=C0:87:06:01:E9:27 interval=6 latency=0 timeout=500 status=0
04-02 14:32:20.099 I/vendor.qti.bluetooth@1.0-ibs_handler( 2342): ProcessIbsCmd: Received IBS_WAKE_ACK: 0xFC
04-02 14:32:20.099 I/vendor.qti.bluetooth@1.0-ibs_handler( 2342): ProcessIbsCmd: Signal wack_cond_
04-02 14:32:20.099 D/vendor.qti.bluetooth@1.0-ibs_handler( 2342): DeviceWakeUp: Unblocked from waiting for FC, pthread_cond_timedwait ret = 0
04-02 14:32:20.100 D/bt_btif_gattc( 4912): [btif_gatt_client.cc:143] btif_gattc_upstreams_evt: Event BTA_GATTC_CONN_UPDATE_EVT [26]
04-02 14:32:20.100 D/BluetoothGattServer(10095): onConnectionUpdated() - Device=C0:87:06:01:E9:27 interval=6 latency=0 timeout=500 status=0
04-02 14:32:20.100 D/BluetoothGattServer(10095): onConnectionUpdated() - Device=C0:87:06:01:E9:27 interval=6 latency=0 timeout=500 status=0
04-02 14:32:20.100 D/BluetoothGattServer(10095): onConnectionUpdated() - Device=C0:87:06:01:E9:27 interval=6 latency=0 timeout=500 status=0
04-02 14:32:20.100 D/BluetoothGatt(11841): onConnectionUpdated() - Device=C0:87:06:01:E9:27 interval=6 latency=0 timeout=500 status=0
04-02 14:32:20.141 I/vendor.qti.bluetooth@1.0-ibs_handler( 2342): ProcessIbsCmd: Received IBS_SLEEP_IND: 0xFE
04-02 14:32:20.182 W/ServiceManagerCppClient( 2429): Waited one second for vendor.qti.qhcp.IQHDC/default (is service started? Number of threads started in the threadpool: 2. Are binder threads started and available?)
04-02 14:32:20.183 W/ServiceManagerCppClient( 3034): Waited one second for vendor.qti.qhcp.IQHDC/default (is service started? Number of threads started in the threadpool: 2. Are binder threads started and available?)
04-02 14:32:20.186 W/libc    ( 1257): Unable to set property "ctl.interface_start" to "aidl/vendor.qti.qhcp.IQHDC/default": PROP_ERROR_HANDLE_CONTROL_MESSAGE (0x20)
04-02 14:32:20.186 E/IJankManager( 4498): slideSceneEnd unknown scene 1000 mScene:-1
04-02 14:32:20.187 V/AutofillManager( 4498): requestHideFillUi(null): anchor = null
04-02 14:32:20.187 V/Application( 4498): getAutofillClient(): null on super, trying to find activity thread
04-02 14:32:20.187 V/Application( 4498): getAutofillClient(): none of the 0 activities on com.android.systemui.SystemUIApplication@8f01d21 are top resumed nor have focus
04-02 14:32:20.187 V/AutofillManager( 4498): No AutofillClient for com.android.systemui on context com.android.systemui.SystemUIApplication@8f01d21
04-02 14:32:20.187 D/OplusViewDragTouchViewHelper( 4922): dispatchTouchView action = 4
04-02 14:32:20.187 I/SystemUi--Keyguard( 4498): KeyguardGlideTipView-->hideTips reason=hideGlideTipDelayedWithKgdDownFirst withAnimator=true delayType=1
04-02 14:32:20.187 I/SystemUi--Keyguard( 4498): KeyguardGlideTipView-->cancelBreathAnimation-isBreathAnimationRunning=false
04-02 14:32:20.187 I/SystemUi--Statusbar( 4498): NotifShadeWindowVC-->isSeparaOrMergeQsVisible: false
04-02 14:32:20.187 D/GestureLog_OplusMultiPointerDetector( 3698): onTouchEvent------>start, mCurNumPointers=1, mCurrStatus=0 mIsDownIntervalTimeout=true, action=0 downTime=2551656 deviceId=6
04-02 14:32:20.188 W/libc    ( 1257): Unable to set property "ctl.interface_start" to "aidl/vendor.qti.qhcp.IQHDC/default": PROP_ERROR_HANDLE_CONTROL_MESSAGE (0x20)
04-02 14:32:20.188 D/PowerManagerService( 3698): userActivityNoUpdateLocked: groupId=0, eventTime=2551659, event=other, flags=0x0, uid=10225
04-02 14:32:20.196 I/metis_v2_JenaHandlerHelper(31809): default fire [Metis|com.oplus.metis|2.0.20-aa39d14]
04-02 14:32:20.196 W/metis_v2_KnowledgeManager(31809): Fire: isEmergency is false  debugFireMode = false
04-02 14:32:20.197 I/metis_v2_KnowledgeManager(31809): panta-sugg-Fire: isGameMode, not fire
04-02 14:32:20.207 I/vendor.qti.bluetooth@1.0-ibs_handler( 2342): ProcessIbsCmd: Received IBS_WAKE_IND: 0xFD
04-02 14:32:20.207 I/vendor.qti.bluetooth@1.0-ibs_handler( 2342): ProcessIbsCmd: Writing IBS_WAKE_ACK
04-02 14:32:20.208 I/bluetooth( 4912): [csis_client.cc:2004] GattcCallback: event = 0x1a
04-02 14:32:20.208 D/bluetooth( 4912): [has_client.cc:1786] GattcCallback: event = 26
04-02 14:32:20.208 E/bluetooth-asha( 4912): [hearing_aid.cc:591] OnConnectionUpdateComplete: unknown device: conn_id=0x6
04-02 14:32:20.208 I/bluetooth( 4912): [vc.cc:1248] gattc_callback: event = 26
04-02 14:32:20.208 I/bluetooth( 4912): [client.cc:6961] le_audio_gattc_callback: event = 26
04-02 14:32:20.208 I/Bluetooth( 4912): [client.cc:3084] OnConnectionUpdateComplete, conn_id 12
04-02 14:32:20.208 I/Bluetooth( 4912): [client.cc:3087] OnConnectionUpdateCompleteUnknown connectect id 12
04-02 14:32:20.208 D/BluetoothGattServer(10095): onConnectionUpdated() - Device=C0:87:06:01:E9:27 interval=36 latency=5 timeout=500 status=0
04-02 14:32:20.208 D/bt_btif_gattc( 4912): [btif_gatt_client.cc:143] btif_gattc_upstreams_evt: Event BTA_GATTC_CONN_UPDATE_EVT [26]
04-02 14:32:20.208 D/BluetoothGattServer(10095): onConnectionUpdated() - Device=C0:87:06:01:E9:27 interval=36 latency=5 timeout=500 status=0
04-02 14:32:20.208 D/BluetoothGattServer(10095): onConnectionUpdated() - Device=C0:87:06:01:E9:27 interval=36 latency=5 timeout=500 status=0
04-02 14:32:20.209 D/BluetoothGattServer(10095): onConnectionUpdated() - Device=C0:87:06:01:E9:27 interval=36 latency=5 timeout=500 status=0
04-02 14:32:20.209 D/BluetoothGatt(11841): onConnectionUpdated() - Device=C0:87:06:01:E9:27 interval=36 latency=5 timeout=500 status=0
04-02 14:32:20.247 I/vendor.qti.bluetooth@1.0-ibs_handler( 2342): ProcessIbsCmd: Received IBS_SLEEP_IND: 0xFE
04-02 14:32:20.261 I/SystemUi--Statusbar( 4498): OplusStatusBarWindowViewTouchExImpl-->onTouchEvent handled:false
04-02 14:32:20.261 I/FalsingManager( 4498): {belief=0.0032191621312937175 confidence=0.9633333333333334}
04-02 14:32:20.262 D/PowerManagerService( 3698): userActivityNoUpdateLocked: groupId=0, eventTime=2551732, event=other, flags=0x0, uid=10225
04-02 14:32:20.262 I/SystemUi--Keyguard( 4498): OplusKeyguardAbsKeyInputViewController-->entry.length4
04-02 14:32:20.262 D/OplusViewDragTouchViewHelper( 4498): dispatchTouchView action = 1
04-02 14:32:20.262 D/ViewRootImplExtImpl( 4498): the up motion event handled by client, just return
04-02 14:32:20.338 W/gameoptHal->TaskManager(15673): prime task is empty
04-02 14:32:20.339 W/gameoptHal->TaskManager(15673): gl tracking abnormal, try 0 times.
04-02 14:32:20.350 I/vendor.qti.bluetooth@1.0-ibs_handler( 2342): DeviceSleep: TX Awake, Sending SLEEP_IND
04-02 14:32:20.350 D/vendor.qti.bluetooth@1.0-ibs_handler( 2342): SerialClockVote: vote for UART CLK OFF
04-02 14:32:20.377 I/APS_ALOG(  788): flushRoutine g_immediateFlush=0 g_pendingCount=0 g_oobCount=0
04-02 14:32:20.378 E/IJankManager( 4498): slideSceneEnd unknown scene 1000 mScene:-1
04-02 14:32:20.378 V/AutofillManager( 4498): requestHideFillUi(null): anchor = null
04-02 14:32:20.378 V/Application( 4498): getAutofillClient(): null on super, trying to find activity thread
04-02 14:32:20.378 V/Application( 4498): getAutofillClient(): none of the 0 activities on com.android.systemui.SystemUIApplication@8f01d21 are top resumed nor have focus
04-02 14:32:20.378 V/AutofillManager( 4498): No AutofillClient for com.android.systemui on context com.android.systemui.SystemUIApplication@8f01d21
04-02 14:32:20.378 I/SystemUi--Keyguard( 4498): KeyguardGlideTipView-->hideTips reason=hideGlideTipDelayedWithKgdDownFirst withAnimator=true delayType=1
04-02 14:32:20.378 D/OplusViewDragTouchViewHelper( 4922): dispatchTouchView action = 4
04-02 14:32:20.378 I/SystemUi--Keyguard( 4498): KeyguardGlideTipView-->cancelBreathAnimation-isBreathAnimationRunning=false
04-02 14:32:20.378 I/SystemUi--Statusbar( 4498): NotifShadeWindowVC-->isSeparaOrMergeQsVisible: false
