04-02 14:32:18.985 I/CV      ( 2403): File: vendor/qcom/proprietary/cv-noship/eva/4.0/src/cpu/evaDmm.cpp Line: 3227 Function: evaDmmPrintCfgLd() Msg: LD1(IcaOutW-1,IcaOutH-1,EnXY,EnXC,En4Y,En4C,dsxCStartLocX,dsxYStartLocX)=(479,359,0,0,0,0,0,0)
04-02 14:32:18.985 I/CV      ( 2403): File: vendor/qcom/proprietary/cv-noship/eva/4.0/src/cpu/evaDmm.cpp Line: 3239 Function: evaDmmPrintCfgLd() Msg: LD1 PostDsxCrop(EnY,FLine,LLine,FPix,LPix), PostDs4Crop(EnY,EnC,FLine,LLine,FPix,LPix)=(0,0,359,0,0),(0,0,0,359,0,0)
04-02 14:32:18.985 I/CV      ( 2403): File: vendor/qcom/proprietary/cv-noship/eva/4.0/src/cpu/evaDmm.cpp Line: 3245 Function: evaDmmPrintCfgLd() Msg: LD1 PreDs4Crop(EnY,FLine,LLine,FPix,LPix)=(0,0,179,0,239)
04-02 14:32:18.990 I/[UAH_CLIENT_WRAPPER]( 2403): [UahReleaseWapper] 1437
04-02 14:32:18.990 I/[UAH_CLIENT]( 2403): UahRelease, handle:1437
04-02 14:32:18.990 D/vendor.qti.camera.provider-service_64( 2403): CamPerf: 3rd need clr open scene
04-02 14:32:18.990 E/ChiX    ( 2403): [ERROR][CORE   ] metadatamanager.cpp:2768 updateOPMeta() no vendor tag video.rectify.flag
04-02 14:32:18.990 I/[UAH_CLIENT_WRAPPER]( 2403): [UahReleaseWapper] 1436
04-02 14:32:18.990 I/[UAH_CLIENT]( 2403): UahRelease, handle:1436
04-02 14:32:18.990 D/vendor.qti.camera.provider-service_64( 2403): CamPerf: 3rd need clr open scene
04-02 14:32:18.995 I/ChiX    ( 2403): [ALWAYS_ON  ][CORE   ] streamclassifier.cpp:1030 ResultCallback() YUV SNAPSHOT CALLBACK 0, stream 0xb4000075fa17f028, status 0
04-02 14:32:18.995 I/[UAH_CLIENT_WRAPPER]( 2403): [UahReleaseWapper] 1436
04-02 14:32:18.995 I/[UAH_CLIENT]( 2403): UahRelease, handle:1436
04-02 14:32:18.995 D/vendor.qti.camera.provider-service_64( 2403): CamPerf: 3rd need clr open scene
04-02 14:32:18.995 E/cameraserver( 2942): Cannot find perfservice
04-02 14:32:18.996 I/[FACE_HAL][FaceCameraManager]( 3424): [sendMessageAsync] send message start, message->type = 2008
04-02 14:32:18.996 I/[FACE_HAL][UffMessageQueue]( 3424): [enqueueMessage] enqueue msg total count:1 in position:0 what:2008 strwhat:FACE_CAMERA_PROCESS_IMAGE when:2550466
04-02 14:32:18.996 I/[FACE_HAL][UffMessageQueue]( 3424): [dequeueMessage] dequeue head msg what:2008 strwhat:FACE_CAMERA_PROCESS_IMAGE when:2550466
04-02 14:32:18.996 I/[FACE_HAL][UffMessageQueue]( 3424): [enqueueMessage] enqueue msg total count:1 in position:0 what:101 strwhat:monitor_doProcessImage when:2560466
04-02 14:32:18.996 I/[FACE_HAL][UffMessageQueue]( 3424): [enqueueMessage] enqueue msg total count:2 in position:0 what:102 strwhat:monitor_doProcessImage when:2554466
04-02 14:32:18.996 I/[FACE_HAL][FaceCameraManager]( 3424): [wakeImagePolling] mImageWakeReason: 1
04-02 14:32:18.996 I/[FACE_HAL][FaceCameraManager]( 3424): [pollWaitImageTimedMs] wait_image_timed take time 124 ms
04-02 14:32:18.996 I/[FACE_HAL][UffMessageQueue]( 3424): [enqueueMessage] enqueue msg total count:1 in position:0 what:5 strwhat:FACE_BEGIN_IMPROVE_PERF when:2550467
04-02 14:32:18.997 I/[FACE_HAL][UffMessageQueue]( 3424): [dequeueMessage] dequeue head msg what:5 strwhat:FACE_BEGIN_IMPROVE_PERF when:2550467
04-02 14:32:18.997 I/[FACE_HAL][Perf]( 3424): [doImprovePerf] enable:1, pid:3424, tid:3601, time:1000
04-02 14:32:18.997 I/[FACE_HAL][Perf]( 3424): [setAction] face try to acquire osense hal client !!!
04-02 14:32:18.997 I/[UAH_CLIENT_WRAPPER]( 3424): [UahEventAcquireWrapper] eventId:OSENSE_ACTION_UNLOCK_BOOST, scene:none, identity:biometrics.face, timeout:1000
04-02 14:32:18.997 I/[UAH_CLIENT]( 3424): UahEventAcquire, cmdid:41, pkg:none, identity:biometrics.face
04-02 14:32:18.997 I/[FACE_HAL][Perf]( 3424): [updateBindedCpuMapList] [updateBindedCpuMapList] binded_idx.first(cpu_id): 6; binded_idx.second(nums): 1
04-02 14:32:18.997 I/[FACE_HAL][UffMessageQueue]( 3424): [enqueueMessage] enqueue msg total count:1 in position:0 what:100 strwhat:monitor_face_sdk_api when:2560468
04-02 14:32:18.998 I/[FACE_HAL][ReeCmdSdk]( 3424): [bioSendCommand] FACE_TA_CMD_FACECORE_IMAGE_PREPROCESS
04-02 14:32:18.999 I/[FACE_HAL][UffMessageQueue]( 3424): [enqueueMessage] enqueue msg total count:1 in position:0 what:100 strwhat:monitor_face_sdk_api when:2560470
04-02 14:32:18.999 I/[FACE_HAL][ReeCmdSdk]( 3424): [bioSendCommand] FACE_TA_CMD_FACECORE_IMAGE_DETECT
04-02 14:32:19.001 W/STFACEUNLOCK( 3424): FaceDetectionClass.cpp(149): FaceDetectionClass::Detect NO FACE
04-02 14:32:19.001 E/STFACEUNLOCK( 3424): FaceUnlockInterFace.cpp(553): FaceUnlockInterFace::CheckFaceInfo fail ret:1
04-02 14:32:19.001 W/STFACEUNLOCK( 3424): face_sdk_api.cpp(561): face_detect failed, ret:1, try to enhanced image brightness!
04-02 14:32:19.003 E/ACameraDeviceVendor( 3424): onCaptureStarted: request = 0xb4000074e904e890
04-02 14:32:19.003 W/STFACEUNLOCK( 3424): FaceDetectionClass.cpp(149): FaceDetectionClass::Detect NO FACE
04-02 14:32:19.003 E/STFACEUNLOCK( 3424): FaceUnlockInterFace.cpp(553): FaceUnlockInterFace::CheckFaceInfo fail ret:1
04-02 14:32:19.003 E/STFACEUNLOCK( 3424): face_sdk_api.cpp(569): face_detect failed, ret:1
04-02 14:32:19.003 E/[FACE_HAL][FaceCore]( 3424): [faceImageDetect] exit. errno=1
04-02 14:32:19.003 E/[FACE_HAL][FaceCore]( 3424): [faceAuthImage] :2347: result:1
04-02 14:32:19.003 I/[FACE_HAL][UffMessageQueue]( 3424): [enqueueMessage] enqueue msg total count:1 in position:0 what:6 strwhat:FACE_STOP_IMPROVE_PERF when:2550474
04-02 14:32:19.003 E/[FACE_HAL][Perf]( 3424): [checkTidPerfPairInvokeStatus] [checkTidPerfPairInvokeStatus]tid 3601 already unbinded
04-02 14:32:19.003 I/[FACE_HAL][FaceCore]( 3424): [faceGetAuthFilterType] auth status NO FACE
04-02 14:32:19.003 I/[FACE_HAL][FaceCore]( 3424): [faceAuthProc] image_brightness = 0
04-02 14:32:19.003 I/[FACE_HAL][FaceSession]( 3424): [onAuthenticationFrame] onAuthenticationFrame 
04-02 14:32:19.003 I/[FACE_HAL][UffMessageQueue]( 3424): [dequeueMessage] dequeue head msg what:6 strwhat:FACE_STOP_IMPROVE_PERF when:2550474
04-02 14:32:19.003 I/[FACE_HAL][Perf]( 3424): [doImprovePerf] enable:0, pid:3424, tid:3601, time:0
04-02 14:32:19.003 I/[UAH_CLIENT_WRAPPER]( 3424): [UahReleaseWapper] 1439
04-02 14:32:19.003 I/[UAH_CLIENT]( 3424): UahRelease, handle:1439
04-02 14:32:19.004 I/[FACE_HAL][Perf]( 3424): [stopAction] stopAction, stop osense 
04-02 14:32:19.004 I/[FACE_HAL][DUMP]( 3424): [saveImage] saveImage clientMode:0, acquiredResult:101, imageCount:1
04-02 14:32:19.004 I/[FACE_HAL][DUMP]( 3424): [getDumpSupport] unsupport dump version, DumpSupport=0 AndroidVersionType=2 FaceTestMode=0
04-02 14:32:19.004 I/[FACE_HAL][DUMP]( 3424): [saveImage] Dump is Disable
04-02 14:32:19.004 D/AidlResponseHandler( 3698): skip authentication frame return
04-02 14:32:19.036 E/ACameraDeviceVendor( 3424): onCaptureStarted: request = 0xb4000074e904e890
04-02 14:32:19.042 I/ChiX    ( 2403): [ALWAYS_ON  ][CORE   ] streamclassifier.cpp:922 StartTakeSnapshot() [OP_EXT] TAKE YUV SNAPSHOT E : frame Id 6, buffers 1, CameraId = 1, size: 640x480, stream 0xb4000075fa17f028
04-02 14:32:19.042 I/SC820CS ( 2403): CalculateExposure: A_Reg_Gain=6303, A_Real_gain=6.155273, D_Reg_Gain=1024, D_Real_gain=1.000000, ISP_Gain=1.000018, linecount=624
04-02 14:32:19.042 I/SC820CS ( 2403): CalculateExposure: A_Reg_Gain=6313, A_Real_gain=6.165039, D_Reg_Gain=1024, D_Real_gain=1.000000, ISP_Gain=1.000034, linecount=624
04-02 14:32:19.042 I/SC820CS ( 2403): FillExposureSettings, reg_fline=2500, reg_line=1248
04-02 14:32:19.042 I/SC820CS ( 2403): FillExposureSettings, gain=6313, gain_A=9
04-02 14:32:19.042 I/SC820CS ( 2403): FillExposureSettings, reg_fline=2500, reg_line=1248
04-02 14:32:19.042 I/SC820CS ( 2403): FillExposureSettings, gain=6313, gain_A=9
04-02 14:32:19.042 E/ChiX    ( 2403): [ERROR][CORE   ] metadatamanager.cpp:2768 updateOPMeta() no vendor tag video.rectify.flag
04-02 14:32:19.042 E/ChiX    ( 2403): [ERROR][ChiNode] opluscamxchinodesstabgme.cpp:5054 GetviewfinderOverrideOfeCropTag() OplusOfflineReprocess0_com.qti.node.gme0_cam1 Request id 2, cameraId 0, sensorIndex 0, pData is null
04-02 14:32:19.042 E/ChiX    ( 2403): [ERROR][ChiNode] opluscamxchinodesstabgme.cpp:5054 GetviewfinderOverrideOfeCropTag() OplusOfflineReprocess0_com.qti.node.gme0_cam1 Request id 2, cameraId 0, sensorIndex 0, pData is null
04-02 14:32:19.043 E/ChiX    ( 2403): [ERROR][ChiNode] opluscamxchinodesstabgme.cpp:5054 GetviewfinderOverrideOfeCropTag() OplusOfflineReprocess0_com.qti.node.gme0_cam1 Request id 2, cameraId 0, sensorIndex 0, pData is null
04-02 14:32:19.044 E/ChiX    ( 2403): [ERROR][ChiNode] opluscamxchinodehwcfgofedummy.cpp:589 OplusOverrideOFETuningMode() Get feature type tag failed
04-02 14:32:19.044 E/ChiX    ( 2403): [ERROR][ChiNode] opluscamxchinodehwcfgofedummy.cpp:1086 OplusOverrideOFECustomizeTrigger() Get feature type tag failed
04-02 14:32:19.044 E/ChiX    ( 2403): [ERROR][ChiNode] opluscamxchinodehwcfgofedummy.cpp:1258 OplusOverrideOFECustomizeTrigger() Get camera livephoto enable tag failed
04-02 14:32:19.044 E/ChiX    ( 2403): [ERROR][ChiNode] opluscamxchinodehwcfgofedummy.cpp:1354 OplusOverrideOFECustomizeTrigger() Get bracketMode tag failed
04-02 14:32:19.063 E/ChiX    ( 2403): [ERROR][CORE   ] metadatamanager.cpp:2768 updateOPMeta() no vendor tag video.rectify.flag
04-02 14:32:19.067 I/ChiX    ( 2403): [ALWAYS_ON  ][CORE   ] streamclassifier.cpp:1030 ResultCallback() YUV SNAPSHOT CALLBACK 1, stream 0xb4000075fa17f028, status 0
04-02 14:32:19.068 I/[FACE_HAL][FaceCameraManager]( 3424): [sendMessageAsync] send message start, message->type = 2008
04-02 14:32:19.068 I/[FACE_HAL][UffMessageQueue]( 3424): [enqueueMessage] enqueue msg total count:1 in position:0 what:2008 strwhat:FACE_CAMERA_PROCESS_IMAGE when:2550539
04-02 14:32:19.069 I/[FACE_HAL][UffMessageQueue]( 3424): [dequeueMessage] dequeue head msg what:2008 strwhat:FACE_CAMERA_PROCESS_IMAGE when:2550539
04-02 14:32:19.069 I/[FACE_HAL][UffMessageQueue]( 3424): [enqueueMessage] enqueue msg total count:1 in position:0 what:101 strwhat:monitor_doProcessImage when:2560539
04-02 14:32:19.069 I/[FACE_HAL][UffMessageQueue]( 3424): [enqueueMessage] enqueue msg total count:2 in position:0 what:102 strwhat:monitor_doProcessImage when:2554540
04-02 14:32:19.070 E/ACameraDeviceVendor( 3424): onCaptureStarted: request = 0xb4000074e904e890
04-02 14:32:19.070 I/[FACE_HAL][FaceCameraManager]( 3424): [wakeImagePolling] mImageWakeReason: 1
04-02 14:32:19.070 I/[FACE_HAL][FaceCameraManager]( 3424): [pollWaitImageTimedMs] wait_image_timed take time 51 ms
04-02 14:32:19.071 I/[FACE_HAL][UffMessageQueue]( 3424): [enqueueMessage] enqueue msg total count:1 in position:0 what:100 strwhat:monitor_face_sdk_api when:2560542
04-02 14:32:19.071 I/[FACE_HAL][ReeCmdSdk]( 3424): [bioSendCommand] FACE_TA_CMD_FACECORE_IMAGE_PREPROCESS
04-02 14:32:19.074 I/ChiX    ( 2403): [ALWAYS_ON  ][CORE   ] streamclassifier.cpp:922 StartTakeSnapshot() [OP_EXT] TAKE YUV SNAPSHOT E : frame Id 7, buffers 1, CameraId = 1, size: 640x480, stream 0xb4000075fa17f028
04-02 14:32:19.074 I/SC820CS ( 2403): CalculateExposure: A_Reg_Gain=6303, A_Real_gain=6.155273, D_Reg_Gain=1024, D_Real_gain=1.000000, ISP_Gain=1.000018, linecount=624
04-02 14:32:19.074 I/SC820CS ( 2403): CalculateExposure: A_Reg_Gain=6313, A_Real_gain=6.165039, D_Reg_Gain=1024, D_Real_gain=1.000000, ISP_Gain=1.000034, linecount=624
04-02 14:32:19.074 I/SC820CS ( 2403): FillExposureSettings, reg_fline=2500, reg_line=1248
04-02 14:32:19.074 I/SC820CS ( 2403): FillExposureSettings, gain=6313, gain_A=9
04-02 14:32:19.074 I/SC820CS ( 2403): FillExposureSettings, reg_fline=2500, reg_line=1248
04-02 14:32:19.074 I/SC820CS ( 2403): FillExposureSettings, gain=6313, gain_A=9
04-02 14:32:19.075 E/ChiX    ( 2403): [ERROR][ChiNode] opluscamxchinodesstabgme.cpp:5054 GetviewfinderOverrideOfeCropTag() OplusOfflineReprocess0_com.qti.node.gme0_cam1 Request id 3, cameraId 0, sensorIndex 0, pData is null
04-02 14:32:19.075 E/ChiX    ( 2403): [ERROR][ChiNode] opluscamxchinodesstabgme.cpp:5054 GetviewfinderOverrideOfeCropTag() OplusOfflineReprocess0_com.qti.node.gme0_cam1 Request id 3, cameraId 0, sensorIndex 0, pData is null
04-02 14:32:19.075 E/ChiX    ( 2403): [ERROR][ChiNode] opluscamxchinodesstabgme.cpp:5054 GetviewfinderOverrideOfeCropTag() OplusOfflineReprocess0_com.qti.node.gme0_cam1 Request id 3, cameraId 0, sensorIndex 0, pData is null
04-02 14:32:19.077 E/ChiX    ( 2403): [ERROR][ChiNode] opluscamxchinodehwcfgofedummy.cpp:589 OplusOverrideOFETuningMode() Get feature type tag failed
04-02 14:32:19.077 E/ChiX    ( 2403): [ERROR][ChiNode] opluscamxchinodehwcfgofedummy.cpp:1086 OplusOverrideOFECustomizeTrigger() Get feature type tag failed
04-02 14:32:19.077 E/ChiX    ( 2403): [ERROR][ChiNode] opluscamxchinodehwcfgofedummy.cpp:1258 OplusOverrideOFECustomizeTrigger() Get camera livephoto enable tag failed
04-02 14:32:19.077 E/ChiX    ( 2403): [ERROR][ChiNode] opluscamxchinodehwcfgofedummy.cpp:1354 OplusOverrideOFECustomizeTrigger() Get bracketMode tag failed
04-02 14:32:19.077 E/ChiX    ( 2403): [ERROR][CORE   ] metadatamanager.cpp:2768 updateOPMeta() no vendor tag video.rectify.flag
04-02 14:32:19.080 I/[FACE_HAL][UffMessageQueue]( 3424): [enqueueMessage] enqueue msg total count:1 in position:0 what:100 strwhat:monitor_face_sdk_api when:2560550
04-02 14:32:19.080 I/[FACE_HAL][ReeCmdSdk]( 3424): [bioSendCommand] FACE_TA_CMD_FACECORE_IMAGE_DETECT
04-02 14:32:19.084 D/OplusBrightnessPhoneStateManager( 3698): LuxEvent{event:MAIN_LUX lux:114.65} -> LuxEvent{event:MAIN_LUX lux:114.65}
04-02 14:32:19.092 W/STFACEUNLOCK( 3424): FaceDetectionClass.cpp(149): FaceDetectionClass::Detect NO FACE
04-02 14:32:19.092 E/STFACEUNLOCK( 3424): FaceUnlockInterFace.cpp(553): FaceUnlockInterFace::CheckFaceInfo fail ret:1
04-02 14:32:19.092 W/STFACEUNLOCK( 3424): face_sdk_api.cpp(561): face_detect failed, ret:1, try to enhanced image brightness!
04-02 14:32:19.094 E/ChiX    ( 2403): [ERROR][CORE   ] metadatamanager.cpp:2768 updateOPMeta() no vendor tag video.rectify.flag
04-02 14:32:19.094 D/ActivityManager( 3698): Async freezing 17908 com.android.vending
04-02 14:32:19.094 D/ActivityManager( 3698): Async freezing 368 com.android.vending:background
04-02 14:32:19.094 I/Finsky  (17908): [2] Memory trim requested to level 40
04-02 14:32:19.095 D/ActivityManager( 3698): Async freezing 6153 com.android.vending:quick_launch
04-02 14:32:19.095 I/Finsky  (17908): [2] Flushing in-memory image cache
04-02 14:32:19.095 D/ActivityManager( 3698): Async freezing 6271 com.android.vending:instant_app_installer
04-02 14:32:19.095 I/Finsky:background(  368): [2] Memory trim requested to level 40
04-02 14:32:19.095 I/Finsky:quick_launch( 6153): [2] Memory trim requested to level 40
04-02 14:32:19.099 I/ChiX    ( 2403): [ALWAYS_ON  ][CORE   ] streamclassifier.cpp:1030 ResultCallback() YUV SNAPSHOT CALLBACK 2, stream 0xb4000075fa17f028, status 0
04-02 14:32:19.099 I/[FACE_HAL][FaceCameraManager]( 3424): [sendMessageAsync] send message start, message->type = 2008
04-02 14:32:19.099 I/[FACE_HAL][UffMessageQueue]( 3424): [enqueueMessage] enqueue msg total count:1 in position:0 what:2008 strwhat:FACE_CAMERA_PROCESS_IMAGE when:2550570
04-02 14:32:19.099 I/[FACE_HAL][UffMessageQueue]( 3424): [dequeueMessage] dequeue head msg what:2008 strwhat:FACE_CAMERA_PROCESS_IMAGE when:2550570
04-02 14:32:19.099 I/[FACE_HAL][UffMessageQueue]( 3424): [enqueueMessage] enqueue msg total count:2 in position:1 what:101 strwhat:monitor_doProcessImage when:2560570
04-02 14:32:19.099 I/[FACE_HAL][UffMessageQueue]( 3424): [enqueueMessage] enqueue msg total count:3 in position:0 what:102 strwhat:monitor_doProcessImage when:2554570
04-02 14:32:19.100 I/[FACE_HAL][FaceCameraManager]( 3424): [wakeImagePolling] mImageWakeReason: 1
04-02 14:32:19.103 E/ACameraDeviceVendor( 3424): onCaptureStarted: request = 0xb4000074e904e890
04-02 14:32:19.103 W/STFACEUNLOCK( 3424): FaceDetectionClass.cpp(149): FaceDetectionClass::Detect NO FACE
04-02 14:32:19.103 E/STFACEUNLOCK( 3424): FaceUnlockInterFace.cpp(553): FaceUnlockInterFace::CheckFaceInfo fail ret:1
04-02 14:32:19.103 E/STFACEUNLOCK( 3424): face_sdk_api.cpp(569): face_detect failed, ret:1
04-02 14:32:19.103 E/[FACE_HAL][FaceCore]( 3424): [faceImageDetect] exit. errno=1
04-02 14:32:19.103 E/[FACE_HAL][FaceCore]( 3424): [faceAuthImage] :2347: result:1
04-02 14:32:19.103 E/[FACE_HAL][Perf]( 3424): [checkTidPerfPairInvokeStatus] [checkTidPerfPairInvokeStatus]tid 3601 already unbinded
04-02 14:32:19.103 I/[FACE_HAL][FaceCore]( 3424): [faceGetAuthFilterType] auth status NO FACE
04-02 14:32:19.103 I/[FACE_HAL][FaceCore]( 3424): [faceAuthProc] image_brightness = 0
04-02 14:32:19.103 I/[FACE_HAL][FaceSession]( 3424): [onAuthenticationFrame] onAuthenticationFrame 
04-02 14:32:19.104 D/AidlResponseHandler( 3698): skip authentication frame return
04-02 14:32:19.104 I/[FACE_HAL][DUMP]( 3424): [saveImage] saveImage clientMode:0, acquiredResult:101, imageCount:2
04-02 14:32:19.104 I/[FACE_HAL][DUMP]( 3424): [getDumpSupport] unsupport dump version, DumpSupport=0 AndroidVersionType=2 FaceTestMode=0
04-02 14:32:19.104 I/[FACE_HAL][DUMP]( 3424): [saveImage] Dump is Disable
04-02 14:32:19.106 I/SC820CS ( 2403): CalculateExposure: A_Reg_Gain=6303, A_Real_gain=6.155273, D_Reg_Gain=1024, D_Real_gain=1.000000, ISP_Gain=1.000018, linecount=624
04-02 14:32:19.106 I/SC820CS ( 2403): CalculateExposure: A_Reg_Gain=6313, A_Real_gain=6.165039, D_Reg_Gain=1024, D_Real_gain=1.000000, ISP_Gain=1.000034, linecount=624
04-02 14:32:19.106 I/SC820CS ( 2403): FillExposureSettings, reg_fline=2500, reg_line=1248
04-02 14:32:19.106 I/SC820CS ( 2403): FillExposureSettings, gain=6313, gain_A=9
04-02 14:32:19.106 I/SC820CS ( 2403): FillExposureSettings, reg_fline=2500, reg_line=1248
04-02 14:32:19.106 I/SC820CS ( 2403): FillExposureSettings, gain=6313, gain_A=9
04-02 14:32:19.107 I/ChiX    ( 2403): [ALWAYS_ON  ][CORE   ] streamclassifier.cpp:922 StartTakeSnapshot() [OP_EXT] TAKE YUV SNAPSHOT E : frame Id 8, buffers 1, CameraId = 1, size: 640x480, stream 0xb4000075fa17f028
04-02 14:32:19.107 E/ChiX    ( 2403): [ERROR][ChiNode] opluscamxchinodesstabgme.cpp:5054 GetviewfinderOverrideOfeCropTag() OplusOfflineReprocess0_com.qti.node.gme0_cam1 Request id 4, cameraId 0, sensorIndex 0, pData is null
04-02 14:32:19.107 E/ChiX    ( 2403): [ERROR][ChiNode] opluscamxchinodesstabgme.cpp:5054 GetviewfinderOverrideOfeCropTag() OplusOfflineReprocess0_com.qti.node.gme0_cam1 Request id 4, cameraId 0, sensorIndex 0, pData is null
04-02 14:32:19.108 E/ChiX    ( 2403): [ERROR][ChiNode] opluscamxchinodesstabgme.cpp:5054 GetviewfinderOverrideOfeCropTag() OplusOfflineReprocess0_com.qti.node.gme0_cam1 Request id 4, cameraId 0, sensorIndex 0, pData is null
04-02 14:32:19.109 E/ChiX    ( 2403): [ERROR][ChiNode] opluscamxchinodehwcfgofedummy.cpp:589 OplusOverrideOFETuningMode() Get feature type tag failed
04-02 14:32:19.109 E/ChiX    ( 2403): [ERROR][ChiNode] opluscamxchinodehwcfgofedummy.cpp:1086 OplusOverrideOFECustomizeTrigger() Get feature type tag failed
04-02 14:32:19.109 E/ChiX    ( 2403): [ERROR][ChiNode] opluscamxchinodehwcfgofedummy.cpp:1258 OplusOverrideOFECustomizeTrigger() Get camera livephoto enable tag failed
04-02 14:32:19.109 E/ChiX    ( 2403): [ERROR][ChiNode] opluscamxchinodehwcfgofedummy.cpp:1354 OplusOverrideOFECustomizeTrigger() Get bracketMode tag failed
04-02 14:32:19.110 E/ChiX    ( 2403): [ERROR][CORE   ] metadatamanager.cpp:2768 updateOPMeta() no vendor tag video.rectify.flag
04-02 14:32:19.126 E/ChiX    ( 2403): [ERROR][CORE   ] metadatamanager.cpp:2768 updateOPMeta() no vendor tag video.rectify.flag
04-02 14:32:19.131 I/ChiX    ( 2403): [ALWAYS_ON  ][CORE   ] streamclassifier.cpp:1030 ResultCallback() YUV SNAPSHOT CALLBACK 3, stream 0xb4000075fa17f028, status 0
04-02 14:32:19.131 I/ComposerExtn( 2647): SmoMoImpl::NotifyCameraSmoothInfo: Notify Camera Info: enable=1, fps=30, disp_id: 0
04-02 14:32:19.132 I/[FACE_HAL][FaceCameraManager]( 3424): [sendMessageAsync] send message start, message->type = 2008
04-02 14:32:19.132 I/[FACE_HAL][UffMessageQueue]( 3424): [enqueueMessage] enqueue msg total count:1 in position:0 what:2008 strwhat:FACE_CAMERA_PROCESS_IMAGE when:2550603
04-02 14:32:19.132 I/[FACE_HAL][UffMessageQueue]( 3424): [dequeueMessage] dequeue head msg what:2008 strwhat:FACE_CAMERA_PROCESS_IMAGE when:2550603
04-02 14:32:19.132 I/[FACE_HAL][UffMessageQueue]( 3424): [enqueueMessage] enqueue msg total count:1 in position:0 what:101 strwhat:monitor_doProcessImage when:2560603
04-02 14:32:19.132 I/[FACE_HAL][UffMessageQueue]( 3424): [enqueueMessage] enqueue msg total count:2 in position:0 what:102 strwhat:monitor_doProcessImage when:2554603
04-02 14:32:19.133 I/[FACE_HAL][FaceCameraManager]( 3424): [wakeImagePolling] mImageWakeReason: 1
04-02 14:32:19.133 I/[FACE_HAL][FaceCameraManager]( 3424): [pollWaitImageTimedMs] wait_image_timed take time 14 ms
04-02 14:32:19.134 I/[FACE_HAL][UffMessageQueue]( 3424): [enqueueMessage] enqueue msg total count:1 in position:0 what:100 strwhat:monitor_face_sdk_api when:2560605
04-02 14:32:19.134 I/[FACE_HAL][ReeCmdSdk]( 3424): [bioSendCommand] FACE_TA_CMD_FACECORE_IMAGE_PREPROCESS
04-02 14:32:19.136 E/ACameraDeviceVendor( 3424): onCaptureStarted: request = 0xb4000074e904e890
04-02 14:32:19.141 I/ChiX    ( 2403): [ALWAYS_ON  ][CORE   ] streamclassifier.cpp:922 StartTakeSnapshot() [OP_EXT] TAKE YUV SNAPSHOT E : frame Id 9, buffers 1, CameraId = 1, size: 640x480, stream 0xb4000075fa17f028
04-02 14:32:19.141 I/[FACE_HAL][UffMessageQueue]( 3424): [enqueueMessage] enqueue msg total count:1 in position:0 what:100 strwhat:monitor_face_sdk_api when:2560612
04-02 14:32:19.141 I/[FACE_HAL][ReeCmdSdk]( 3424): [bioSendCommand] FACE_TA_CMD_FACECORE_IMAGE_DETECT
04-02 14:32:19.141 E/ChiX    ( 2403): [ERROR][CORE   ] metadatamanager.cpp:2768 updateOPMeta() no vendor tag video.rectify.flag
04-02 14:32:19.142 I/SC820CS ( 2403): CalculateExposure: A_Reg_Gain=6303, A_Real_gain=6.155273, D_Reg_Gain=1024, D_Real_gain=1.000000, ISP_Gain=1.000018, linecount=624
04-02 14:32:19.143 I/SC820CS ( 2403): CalculateExposure: A_Reg_Gain=6313, A_Real_gain=6.165039, D_Reg_Gain=1024, D_Real_gain=1.000000, ISP_Gain=1.000034, linecount=624
04-02 14:32:19.143 I/SC820CS ( 2403): FillExposureSettings, reg_fline=2500, reg_line=1248
04-02 14:32:19.143 I/SC820CS ( 2403): FillExposureSettings, gain=6313, gain_A=9
04-02 14:32:19.143 I/SC820CS ( 2403): FillExposureSettings, reg_fline=2500, reg_line=1248
04-02 14:32:19.143 I/SC820CS ( 2403): FillExposureSettings, gain=6313, gain_A=9
04-02 14:32:19.143 E/ChiX    ( 2403): [ERROR][ChiNode] opluscamxchinodesstabgme.cpp:5054 GetviewfinderOverrideOfeCropTag() OplusOfflineReprocess0_com.qti.node.gme0_cam1 Request id 5, cameraId 0, sensorIndex 0, pData is null
04-02 14:32:19.144 E/ChiX    ( 2403): [ERROR][ChiNode] opluscamxchinodesstabgme.cpp:5054 GetviewfinderOverrideOfeCropTag() OplusOfflineReprocess0_com.qti.node.gme0_cam1 Request id 5, cameraId 0, sensorIndex 0, pData is null
04-02 14:32:19.144 E/ChiX    ( 2403): [ERROR][ChiNode] opluscamxchinodesstabgme.cpp:5054 GetviewfinderOverrideOfeCropTag() OplusOfflineReprocess0_com.qti.node.gme0_cam1 Request id 5, cameraId 0, sensorIndex 0, pData is null
04-02 14:32:19.145 E/ChiX    ( 2403): [ERROR][ChiNode] opluscamxchinodehwcfgofedummy.cpp:589 OplusOverrideOFETuningMode() Get feature type tag failed
04-02 14:32:19.145 E/ChiX    ( 2403): [ERROR][ChiNode] opluscamxchinodehwcfgofedummy.cpp:1086 OplusOverrideOFECustomizeTrigger() Get feature type tag failed
04-02 14:32:19.145 E/ChiX    ( 2403): [ERROR][ChiNode] opluscamxchinodehwcfgofedummy.cpp:1258 OplusOverrideOFECustomizeTrigger() Get camera livephoto enable tag failed
04-02 14:32:19.145 E/ChiX    ( 2403): [ERROR][ChiNode] opluscamxchinodehwcfgofedummy.cpp:1354 OplusOverrideOFECustomizeTrigger() Get bracketMode tag failed
04-02 14:32:19.152 W/STFACEUNLOCK( 3424): FaceDetectionClass.cpp(149): FaceDetectionClass::Detect NO FACE
04-02 14:32:19.152 E/STFACEUNLOCK( 3424): FaceUnlockInterFace.cpp(553): FaceUnlockInterFace::CheckFaceInfo fail ret:1
04-02 14:32:19.152 W/STFACEUNLOCK( 3424): face_sdk_api.cpp(561): face_detect failed, ret:1, try to enhanced image brightness!
04-02 14:32:19.161 W/STFACEUNLOCK( 3424): FaceDetectionClass.cpp(149): FaceDetectionClass::Detect NO FACE
04-02 14:32:19.161 E/STFACEUNLOCK( 3424): FaceUnlockInterFace.cpp(553): FaceUnlockInterFace::CheckFaceInfo fail ret:1
04-02 14:32:19.161 E/STFACEUNLOCK( 3424): face_sdk_api.cpp(569): face_detect failed, ret:1
04-02 14:32:19.161 E/[FACE_HAL][FaceCore]( 3424): [faceImageDetect] exit. errno=1
04-02 14:32:19.161 E/[FACE_HAL][FaceCore]( 3424): [faceAuthImage] :2347: result:1
04-02 14:32:19.161 E/[FACE_HAL][Perf]( 3424): [checkTidPerfPairInvokeStatus] [checkTidPerfPairInvokeStatus]tid 3601 already unbinded
04-02 14:32:19.161 I/[FACE_HAL][FaceCore]( 3424): [faceGetAuthFilterType] auth status NO FACE
04-02 14:32:19.161 I/[FACE_HAL][FaceCore]( 3424): [faceAuthProc] image_brightness = 0
04-02 14:32:19.161 I/[FACE_HAL][FaceSession]( 3424): [onAuthenticationFrame] onAuthenticationFrame 
04-02 14:32:19.162 I/[FACE_HAL][DUMP]( 3424): [saveImage] saveImage clientMode:0, acquiredResult:101, imageCount:3
04-02 14:32:19.162 I/[FACE_HAL][DUMP]( 3424): [getDumpSupport] unsupport dump version, DumpSupport=0 AndroidVersionType=2 FaceTestMode=0
04-02 14:32:19.162 D/AidlResponseHandler( 3698): skip authentication frame return
04-02 14:32:19.162 I/[FACE_HAL][DUMP]( 3424): [saveImage] Dump is Disable
04-02 14:32:19.162 E/ChiX    ( 2403): [ERROR][CORE   ] metadatamanager.cpp:2768 updateOPMeta() no vendor tag video.rectify.flag
04-02 14:32:19.167 I/ChiX    ( 2403): [ALWAYS_ON  ][CORE   ] streamclassifier.cpp:1030 ResultCallback() YUV SNAPSHOT CALLBACK 4, stream 0xb4000075fa17f028, status 0
04-02 14:32:19.168 I/[FACE_HAL][FaceCameraManager]( 3424): [sendMessageAsync] send message start, message->type = 2008
04-02 14:32:19.168 I/[FACE_HAL][UffMessageQueue]( 3424): [enqueueMessage] enqueue msg total count:1 in position:0 what:2008 strwhat:FACE_CAMERA_PROCESS_IMAGE when:2550639
04-02 14:32:19.168 I/[FACE_HAL][UffMessageQueue]( 3424): [dequeueMessage] dequeue head msg what:2008 strwhat:FACE_CAMERA_PROCESS_IMAGE when:2550639
04-02 14:32:19.168 I/[FACE_HAL][UffMessageQueue]( 3424): [enqueueMessage] enqueue msg total count:1 in position:0 what:101 strwhat:monitor_doProcessImage when:2560639
04-02 14:32:19.168 I/[FACE_HAL][UffMessageQueue]( 3424): [enqueueMessage] enqueue msg total count:2 in position:0 what:102 strwhat:monitor_doProcessImage when:2554639
04-02 14:32:19.169 I/[FACE_HAL][FaceCameraManager]( 3424): [wakeImagePolling] mImageWakeReason: 1
04-02 14:32:19.170 E/ACameraDeviceVendor( 3424): onCaptureStarted: request = 0xb4000074e904e890
04-02 14:32:19.172 I/SC820CS ( 2403): CalculateExposure: A_Reg_Gain=6303, A_Real_gain=6.155273, D_Reg_Gain=1024, D_Real_gain=1.000000, ISP_Gain=1.000018, linecount=624
04-02 14:32:19.172 I/SC820CS ( 2403): CalculateExposure: A_Reg_Gain=6313, A_Real_gain=6.165039, D_Reg_Gain=1024, D_Real_gain=1.000000, ISP_Gain=1.000034, linecount=624
04-02 14:32:19.172 I/SC820CS ( 2403): FillExposureSettings, reg_fline=2500, reg_line=1248
04-02 14:32:19.172 I/SC820CS ( 2403): FillExposureSettings, gain=6313, gain_A=9
04-02 14:32:19.172 I/SC820CS ( 2403): FillExposureSettings, reg_fline=2500, reg_line=1248
04-02 14:32:19.172 I/SC820CS ( 2403): FillExposureSettings, gain=6313, gain_A=9
04-02 14:32:19.172 E/ChiX    ( 2403): [ERROR][CORE   ] metadatamanager.cpp:2768 updateOPMeta() no vendor tag video.rectify.flag
04-02 14:32:19.173 I/ChiX    ( 2403): [ALWAYS_ON  ][CORE   ] streamclassifier.cpp:922 StartTakeSnapshot() [OP_EXT] TAKE YUV SNAPSHOT E : frame Id 10, buffers 1, CameraId = 1, size: 640x480, stream 0xb4000075fa17f028
04-02 14:32:19.175 E/ChiX    ( 2403): [ERROR][ChiNode] opluscamxchinodesstabgme.cpp:5054 GetviewfinderOverrideOfeCropTag() OplusOfflineReprocess0_com.qti.node.gme0_cam1 Request id 6, cameraId 0, sensorIndex 0, pData is null
04-02 14:32:19.175 E/ChiX    ( 2403): [ERROR][ChiNode] opluscamxchinodesstabgme.cpp:5054 GetviewfinderOverrideOfeCropTag() OplusOfflineReprocess0_com.qti.node.gme0_cam1 Request id 6, cameraId 0, sensorIndex 0, pData is null
04-02 14:32:19.175 E/ChiX    ( 2403): [ERROR][ChiNode] opluscamxchinodesstabgme.cpp:5054 GetviewfinderOverrideOfeCropTag() OplusOfflineReprocess0_com.qti.node.gme0_cam1 Request id 6, cameraId 0, sensorIndex 0, pData is null
04-02 14:32:19.176 E/ChiX    ( 2403): [ERROR][ChiNode] opluscamxchinodehwcfgofedummy.cpp:589 OplusOverrideOFETuningMode() Get feature type tag failed
04-02 14:32:19.176 E/ChiX    ( 2403): [ERROR][ChiNode] opluscamxchinodehwcfgofedummy.cpp:1086 OplusOverrideOFECustomizeTrigger() Get feature type tag failed
04-02 14:32:19.176 E/ChiX    ( 2403): [ERROR][ChiNode] opluscamxchinodehwcfgofedummy.cpp:1258 OplusOverrideOFECustomizeTrigger() Get camera livephoto enable tag failed
04-02 14:32:19.176 E/ChiX    ( 2403): [ERROR][ChiNode] opluscamxchinodehwcfgofedummy.cpp:1354 OplusOverrideOFECustomizeTrigger() Get bracketMode tag failed
04-02 14:32:19.180 W/ServiceManagerCppClient( 2429): Waited one second for vendor.qti.qhcp.IQHDC/default (is service started? Number of threads started in the threadpool: 2. Are binder threads started and available?)
04-02 14:32:19.181 W/ServiceManagerCppClient( 3034): Waited one second for vendor.qti.qhcp.IQHDC/default (is service started? Number of threads started in the threadpool: 2. Are binder threads started and available?)
04-02 14:32:19.183 W/libc    ( 1257): Unable to set property "ctl.interface_start" to "aidl/vendor.qti.qhcp.IQHDC/default": PROP_ERROR_HANDLE_CONTROL_MESSAGE (0x20)
04-02 14:32:19.183 W/libc    ( 1257): Unable to set property "ctl.interface_start" to "aidl/vendor.qti.qhcp.IQHDC/default": PROP_ERROR_HANDLE_CONTROL_MESSAGE (0x20)
04-02 14:32:19.184 D/OplusBrightnessPhoneStateManager( 3698): LuxEvent{event:MAIN_LUX lux:111.675} -> LuxEvent{event:MAIN_LUX lux:111.675}
04-02 14:32:19.192 E/ChiX    ( 2403): [ERROR][CORE   ] metadatamanager.cpp:2768 updateOPMeta() no vendor tag video.rectify.flag
04-02 14:32:19.198 I/ChiX    ( 2403): [ALWAYS_ON  ][CORE   ] streamclassifier.cpp:1030 ResultCallback() YUV SNAPSHOT CALLBACK 5, stream 0xb4000075fa17f028, status 0
04-02 14:32:19.199 I/[FACE_HAL][FaceCameraManager]( 3424): [sendMessageAsync] send message start, message->type = 2008
04-02 14:32:19.199 I/[FACE_HAL][UffMessageQueue]( 3424): [enqueueMessage] enqueue msg total count:1 in position:0 what:2008 strwhat:FACE_CAMERA_PROCESS_IMAGE when:2550669
04-02 14:32:19.199 I/[FACE_HAL][UffMessageQueue]( 3424): [dequeueMessage] dequeue head msg what:2008 strwhat:FACE_CAMERA_PROCESS_IMAGE when:2550669
04-02 14:32:19.199 I/[FACE_HAL][UffMessageQueue]( 3424): [enqueueMessage] enqueue msg total count:1 in position:0 what:101 strwhat:monitor_doProcessImage when:2560670
04-02 14:32:19.199 I/[FACE_HAL][UffMessageQueue]( 3424): [enqueueMessage] enqueue msg total count:2 in position:0 what:102 strwhat:monitor_doProcessImage when:2554670
04-02 14:32:19.200 I/[FACE_HAL][FaceCameraManager]( 3424): [wakeImagePolling] mImageWakeReason: 1
04-02 14:32:19.200 I/[FACE_HAL][FaceCameraManager]( 3424): [pollWaitImageTimedMs] wait_image_timed take time 23 ms
04-02 14:32:19.200 I/[FACE_HAL][UffMessageQueue]( 3424): [enqueueMessage] enqueue msg total count:1 in position:0 what:100 strwhat:monitor_face_sdk_api when:2560671
04-02 14:32:19.200 I/[FACE_HAL][ReeCmdSdk]( 3424): [bioSendCommand] FACE_TA_CMD_FACECORE_IMAGE_PREPROCESS
04-02 14:32:19.203 E/ACameraDeviceVendor( 3424): onCaptureStarted: request = 0xb4000074e904e890
04-02 14:32:19.206 I/SC820CS ( 2403): CalculateExposure: A_Reg_Gain=6303, A_Real_gain=6.155273, D_Reg_Gain=1024, D_Real_gain=1.000000, ISP_Gain=1.000018, linecount=624
04-02 14:32:19.206 I/SC820CS ( 2403): CalculateExposure: A_Reg_Gain=6313, A_Real_gain=6.165039, D_Reg_Gain=1024, D_Real_gain=1.000000, ISP_Gain=1.000034, linecount=624
04-02 14:32:19.206 I/SC820CS ( 2403): FillExposureSettings, reg_fline=2500, reg_line=1248
04-02 14:32:19.206 I/SC820CS ( 2403): FillExposureSettings, gain=6313, gain_A=9
04-02 14:32:19.206 I/SC820CS ( 2403): FillExposureSettings, reg_fline=2500, reg_line=1248
04-02 14:32:19.206 I/SC820CS ( 2403): FillExposureSettings, gain=6313, gain_A=9
04-02 14:32:19.207 I/ChiX    ( 2403): [ALWAYS_ON  ][CORE   ] streamclassifier.cpp:922 StartTakeSnapshot() [OP_EXT] TAKE YUV SNAPSHOT E : frame Id 11, buffers 1, CameraId = 1, size: 640x480, stream 0xb4000075fa17f028
04-02 14:32:19.207 I/[FACE_HAL][UffMessageQueue]( 3424): [enqueueMessage] enqueue msg total count:1 in position:0 what:100 strwhat:monitor_face_sdk_api when:2560678
04-02 14:32:19.207 I/[FACE_HAL][ReeCmdSdk]( 3424): [bioSendCommand] FACE_TA_CMD_FACECORE_IMAGE_DETECT
04-02 14:32:19.208 E/ChiX    ( 2403): [ERROR][CORE   ] metadatamanager.cpp:2768 updateOPMeta() no vendor tag video.rectify.flag
04-02 14:32:19.209 E/ChiX    ( 2403): [ERROR][ChiNode] opluscamxchinodesstabgme.cpp:5054 GetviewfinderOverrideOfeCropTag() OplusOfflineReprocess0_com.qti.node.gme0_cam1 Request id 7, cameraId 0, sensorIndex 0, pData is null
04-02 14:32:19.209 E/ChiX    ( 2403): [ERROR][ChiNode] opluscamxchinodesstabgme.cpp:5054 GetviewfinderOverrideOfeCropTag() OplusOfflineReprocess0_com.qti.node.gme0_cam1 Request id 7, cameraId 0, sensorIndex 0, pData is null
04-02 14:32:19.210 E/ChiX    ( 2403): [ERROR][ChiNode] opluscamxchinodesstabgme.cpp:5054 GetviewfinderOverrideOfeCropTag() OplusOfflineReprocess0_com.qti.node.gme0_cam1 Request id 7, cameraId 0, sensorIndex 0, pData is null
04-02 14:32:19.210 E/ChiX    ( 2403): [ERROR][ChiNode] opluscamxchinodehwcfgofedummy.cpp:589 OplusOverrideOFETuningMode() Get feature type tag failed
04-02 14:32:19.210 E/ChiX    ( 2403): [ERROR][ChiNode] opluscamxchinodehwcfgofedummy.cpp:1086 OplusOverrideOFECustomizeTrigger() Get feature type tag failed
04-02 14:32:19.210 E/ChiX    ( 2403): [ERROR][ChiNode] opluscamxchinodehwcfgofedummy.cpp:1258 OplusOverrideOFECustomizeTrigger() Get camera livephoto enable tag failed
04-02 14:32:19.210 E/ChiX    ( 2403): [ERROR][ChiNode] opluscamxchinodehwcfgofedummy.cpp:1354 OplusOverrideOFECustomizeTrigger() Get bracketMode tag failed
04-02 14:32:19.217 W/STFACEUNLOCK( 3424): FaceDetectionClass.cpp(149): FaceDetectionClass::Detect NO FACE
04-02 14:32:19.217 E/STFACEUNLOCK( 3424): FaceUnlockInterFace.cpp(553): FaceUnlockInterFace::CheckFaceInfo fail ret:1
04-02 14:32:19.217 W/STFACEUNLOCK( 3424): face_sdk_api.cpp(561): face_detect failed, ret:1, try to enhanced image brightness!
04-02 14:32:19.226 W/STFACEUNLOCK( 3424): FaceDetectionClass.cpp(149): FaceDetectionClass::Detect NO FACE
04-02 14:32:19.226 E/STFACEUNLOCK( 3424): FaceUnlockInterFace.cpp(553): FaceUnlockInterFace::CheckFaceInfo fail ret:1
04-02 14:32:19.226 E/STFACEUNLOCK( 3424): face_sdk_api.cpp(569): face_detect failed, ret:1
04-02 14:32:19.226 E/[FACE_HAL][FaceCore]( 3424): [faceImageDetect] exit. errno=1
04-02 14:32:19.226 E/[FACE_HAL][FaceCore]( 3424): [faceAuthImage] :2347: result:1
04-02 14:32:19.226 E/[FACE_HAL][Perf]( 3424): [checkTidPerfPairInvokeStatus] [checkTidPerfPairInvokeStatus]tid 3601 already unbinded
04-02 14:32:19.226 I/[FACE_HAL][FaceCore]( 3424): [faceGetAuthFilterType] auth status NO FACE
04-02 14:32:19.226 I/[FACE_HAL][FaceCore]( 3424): [faceAuthProc] image_brightness = 0
04-02 14:32:19.226 I/[FACE_HAL][FaceSession]( 3424): [onAuthenticationFrame] onAuthenticationFrame 
04-02 14:32:19.226 I/[FACE_HAL][DUMP]( 3424): [saveImage] saveImage clientMode:0, acquiredResult:101, imageCount:4
04-02 14:32:19.226 D/AidlResponseHandler( 3698): skip authentication frame return
04-02 14:32:19.226 I/[FACE_HAL][DUMP]( 3424): [getDumpSupport] unsupport dump version, DumpSupport=0 AndroidVersionType=2 FaceTestMode=0
04-02 14:32:19.226 I/[FACE_HAL][DUMP]( 3424): [saveImage] Dump is Disable
04-02 14:32:19.228 E/ChiX    ( 2403): [ERROR][CORE   ] metadatamanager.cpp:2768 updateOPMeta() no vendor tag video.rectify.flag
04-02 14:32:19.233 I/ChiX    ( 2403): [ALWAYS_ON  ][CORE   ] streamclassifier.cpp:1030 ResultCallback() YUV SNAPSHOT CALLBACK 6, stream 0xb4000075fa17f028, status 0
04-02 14:32:19.233 I/[FACE_HAL][FaceCameraManager]( 3424): [sendMessageAsync] send message start, message->type = 2008
04-02 14:32:19.233 I/[FACE_HAL][UffMessageQueue]( 3424): [enqueueMessage] enqueue msg total count:1 in position:0 what:2008 strwhat:FACE_CAMERA_PROCESS_IMAGE when:2550704
04-02 14:32:19.234 I/[FACE_HAL][UffMessageQueue]( 3424): [dequeueMessage] dequeue head msg what:2008 strwhat:FACE_CAMERA_PROCESS_IMAGE when:2550704
04-02 14:32:19.234 I/[FACE_HAL][UffMessageQueue]( 3424): [enqueueMessage] enqueue msg total count:1 in position:0 what:101 strwhat:monitor_doProcessImage when:2560704
04-02 14:32:19.234 I/[FACE_HAL][UffMessageQueue]( 3424): [enqueueMessage] enqueue msg total count:2 in position:0 what:102 strwhat:monitor_doProcessImage when:2554704
04-02 14:32:19.234 I/[FACE_HAL][FaceCameraManager]( 3424): [wakeImagePolling] mImageWakeReason: 1
04-02 14:32:19.236 D/OplusCameraService( 2942): Set async binder(tid: -1 isEnable: 1) successfully.
04-02 14:32:19.236 E/ACameraDeviceVendor( 3424): onCaptureStarted: request = 0xb4000074e904e890
04-02 14:32:19.238 I/SC820CS ( 2403): CalculateExposure: A_Reg_Gain=6303, A_Real_gain=6.155273, D_Reg_Gain=1024, D_Real_gain=1.000000, ISP_Gain=1.000018, linecount=624
04-02 14:32:19.238 I/SC820CS ( 2403): CalculateExposure: A_Reg_Gain=6313, A_Real_gain=6.165039, D_Reg_Gain=1024, D_Real_gain=1.000000, ISP_Gain=1.000034, linecount=624
04-02 14:32:19.238 I/SC820CS ( 2403): FillExposureSettings, reg_fline=2500, reg_line=1248
04-02 14:32:19.238 I/SC820CS ( 2403): FillExposureSettings, gain=6313, gain_A=9
04-02 14:32:19.238 I/SC820CS ( 2403): FillExposureSettings, reg_fline=2500, reg_line=1248
04-02 14:32:19.238 I/SC820CS ( 2403): FillExposureSettings, gain=6313, gain_A=9
04-02 14:32:19.240 E/ChiX    ( 2403): [ERROR][CORE   ] metadatamanager.cpp:2768 updateOPMeta() no vendor tag video.rectify.flag
04-02 14:32:19.241 I/ChiX    ( 2403): [ALWAYS_ON  ][CORE   ] streamclassifier.cpp:922 StartTakeSnapshot() [OP_EXT] TAKE YUV SNAPSHOT E : frame Id 12, buffers 1, CameraId = 1, size: 640x480, stream 0xb4000075fa17f028
04-02 14:32:19.241 E/ChiX    ( 2403): [ERROR][ChiNode] opluscamxchinodesstabgme.cpp:5054 GetviewfinderOverrideOfeCropTag() OplusOfflineReprocess0_com.qti.node.gme0_cam1 Request id 8, cameraId 0, sensorIndex 0, pData is null
04-02 14:32:19.241 E/ChiX    ( 2403): [ERROR][ChiNode] opluscamxchinodesstabgme.cpp:5054 GetviewfinderOverrideOfeCropTag() OplusOfflineReprocess0_com.qti.node.gme0_cam1 Request id 8, cameraId 0, sensorIndex 0, pData is null
04-02 14:32:19.241 E/ChiX    ( 2403): [ERROR][ChiNode] opluscamxchinodesstabgme.cpp:5054 GetviewfinderOverrideOfeCropTag() OplusOfflineReprocess0_com.qti.node.gme0_cam1 Request id 8, cameraId 0, sensorIndex 0, pData is null
04-02 14:32:19.242 E/ChiX    ( 2403): [ERROR][ChiNode] opluscamxchinodehwcfgofedummy.cpp:589 OplusOverrideOFETuningMode() Get feature type tag failed
04-02 14:32:19.242 E/ChiX    ( 2403): [ERROR][ChiNode] opluscamxchinodehwcfgofedummy.cpp:1086 OplusOverrideOFECustomizeTrigger() Get feature type tag failed
04-02 14:32:19.242 E/ChiX    ( 2403): [ERROR][ChiNode] opluscamxchinodehwcfgofedummy.cpp:1258 OplusOverrideOFECustomizeTrigger() Get camera livephoto enable tag failed
04-02 14:32:19.242 E/ChiX    ( 2403): [ERROR][ChiNode] opluscamxchinodehwcfgofedummy.cpp:1354 OplusOverrideOFECustomizeTrigger() Get bracketMode tag failed
04-02 14:32:19.260 E/ChiX    ( 2403): [ERROR][CORE   ] metadatamanager.cpp:2768 updateOPMeta() no vendor tag video.rectify.flag
04-02 14:32:19.264 I/ChiX    ( 2403): [ALWAYS_ON  ][CORE   ] streamclassifier.cpp:1030 ResultCallback() YUV SNAPSHOT CALLBACK 7, stream 0xb4000075fa17f028, status 0
04-02 14:32:19.265 I/[FACE_HAL][FaceCameraManager]( 3424): [sendMessageAsync] send message start, message->type = 2008
04-02 14:32:19.265 I/[FACE_HAL][UffMessageQueue]( 3424): [enqueueMessage] enqueue msg total count:1 in position:0 what:2008 strwhat:FACE_CAMERA_PROCESS_IMAGE when:2550736
04-02 14:32:19.266 I/[FACE_HAL][UffMessageQueue]( 3424): [dequeueMessage] dequeue head msg what:2008 strwhat:FACE_CAMERA_PROCESS_IMAGE when:2550736
04-02 14:32:19.266 I/[FACE_HAL][UffMessageQueue]( 3424): [enqueueMessage] enqueue msg total count:1 in position:0 what:101 strwhat:monitor_doProcessImage when:2560736
04-02 14:32:19.266 I/[FACE_HAL][UffMessageQueue]( 3424): [enqueueMessage] enqueue msg total count:2 in position:0 what:102 strwhat:monitor_doProcessImage when:2554736
04-02 14:32:19.266 I/[FACE_HAL][FaceCameraManager]( 3424): [wakeImagePolling] mImageWakeReason: 1
04-02 14:32:19.267 I/[FACE_HAL][FaceCameraManager]( 3424): [pollWaitImageTimedMs] wait_image_timed take time 24 ms
04-02 14:32:19.267 I/[FACE_HAL][UffMessageQueue]( 3424): [enqueueMessage] enqueue msg total count:1 in position:0 what:100 strwhat:monitor_face_sdk_api when:2560738
04-02 14:32:19.267 I/[FACE_HAL][ReeCmdSdk]( 3424): [bioSendCommand] FACE_TA_CMD_FACECORE_IMAGE_PREPROCESS
04-02 14:32:19.269 E/ACameraDeviceVendor( 3424): onCaptureStarted: request = 0xb4000074e904e890
04-02 14:32:19.273 I/[FACE_HAL][UffMessageQueue]( 3424): [enqueueMessage] enqueue msg total count:1 in position:0 what:100 strwhat:monitor_face_sdk_api when:2560744
04-02 14:32:19.273 I/[FACE_HAL][ReeCmdSdk]( 3424): [bioSendCommand] FACE_TA_CMD_FACECORE_IMAGE_DETECT
04-02 14:32:19.274 E/ChiX    ( 2403): [ERROR][CORE   ] metadatamanager.cpp:2768 updateOPMeta() no vendor tag video.rectify.flag
04-02 14:32:19.275 I/SC820CS ( 2403): CalculateExposure: A_Reg_Gain=6303, A_Real_gain=6.155273, D_Reg_Gain=1024, D_Real_gain=1.000000, ISP_Gain=1.000018, linecount=624
04-02 14:32:19.275 I/SC820CS ( 2403): CalculateExposure: A_Reg_Gain=6313, A_Real_gain=6.165039, D_Reg_Gain=1024, D_Real_gain=1.000000, ISP_Gain=1.000034, linecount=624
04-02 14:32:19.275 I/SC820CS ( 2403): FillExposureSettings, reg_fline=2500, reg_line=1248
04-02 14:32:19.275 I/SC820CS ( 2403): FillExposureSettings, gain=6313, gain_A=9
04-02 14:32:19.275 I/SC820CS ( 2403): FillExposureSettings, reg_fline=2500, reg_line=1248
04-02 14:32:19.275 I/SC820CS ( 2403): FillExposureSettings, gain=6313, gain_A=9
04-02 14:32:19.279 I/ChiX    ( 2403): [ALWAYS_ON  ][CORE   ] streamclassifier.cpp:922 StartTakeSnapshot() [OP_EXT] TAKE YUV SNAPSHOT E : frame Id 13, buffers 1, CameraId = 1, size: 640x480, stream 0xb4000075fa17f028
04-02 14:32:19.282 E/ChiX    ( 2403): [ERROR][ChiNode] opluscamxchinodesstabgme.cpp:5054 GetviewfinderOverrideOfeCropTag() OplusOfflineReprocess0_com.qti.node.gme0_cam1 Request id 9, cameraId 0, sensorIndex 0, pData is null
04-02 14:32:19.282 W/STFACEUNLOCK( 3424): FaceDetectionClass.cpp(149): FaceDetectionClass::Detect NO FACE
04-02 14:32:19.282 E/ChiX    ( 2403): [ERROR][ChiNode] opluscamxchinodesstabgme.cpp:5054 GetviewfinderOverrideOfeCropTag() OplusOfflineReprocess0_com.qti.node.gme0_cam1 Request id 9, cameraId 0, sensorIndex 0, pData is null
04-02 14:32:19.282 E/STFACEUNLOCK( 3424): FaceUnlockInterFace.cpp(553): FaceUnlockInterFace::CheckFaceInfo fail ret:1
04-02 14:32:19.282 W/STFACEUNLOCK( 3424): face_sdk_api.cpp(561): face_detect failed, ret:1, try to enhanced image brightness!
04-02 14:32:19.282 E/ChiX    ( 2403): [ERROR][ChiNode] opluscamxchinodesstabgme.cpp:5054 GetviewfinderOverrideOfeCropTag() OplusOfflineReprocess0_com.qti.node.gme0_cam1 Request id 9, cameraId 0, sensorIndex 0, pData is null
04-02 14:32:19.283 E/ChiX    ( 2403): [ERROR][ChiNode] opluscamxchinodehwcfgofedummy.cpp:589 OplusOverrideOFETuningMode() Get feature type tag failed
04-02 14:32:19.283 E/ChiX    ( 2403): [ERROR][ChiNode] opluscamxchinodehwcfgofedummy.cpp:1086 OplusOverrideOFECustomizeTrigger() Get feature type tag failed
04-02 14:32:19.283 E/ChiX    ( 2403): [ERROR][ChiNode] opluscamxchinodehwcfgofedummy.cpp:1258 OplusOverrideOFECustomizeTrigger() Get camera livephoto enable tag failed
04-02 14:32:19.283 E/ChiX    ( 2403): [ERROR][ChiNode] opluscamxchinodehwcfgofedummy.cpp:1354 OplusOverrideOFECustomizeTrigger() Get bracketMode tag failed
04-02 14:32:19.284 D/OplusBrightnessPhoneStateManager( 3698): LuxEvent{event:MAIN_LUX lux:119.2375} -> LuxEvent{event:MAIN_LUX lux:119.2375}
04-02 14:32:19.289 W/STFACEUNLOCK( 3424): FaceDetectionClass.cpp(149): FaceDetectionClass::Detect NO FACE
04-02 14:32:19.289 E/STFACEUNLOCK( 3424): FaceUnlockInterFace.cpp(553): FaceUnlockInterFace::CheckFaceInfo fail ret:1
04-02 14:32:19.289 E/STFACEUNLOCK( 3424): face_sdk_api.cpp(569): face_detect failed, ret:1
04-02 14:32:19.289 E/[FACE_HAL][FaceCore]( 3424): [faceImageDetect] exit. errno=1
04-02 14:32:19.289 E/[FACE_HAL][FaceCore]( 3424): [faceAuthImage] :2347: result:1
04-02 14:32:19.290 E/[FACE_HAL][Perf]( 3424): [checkTidPerfPairInvokeStatus] [checkTidPerfPairInvokeStatus]tid 3601 already unbinded
04-02 14:32:19.290 I/[FACE_HAL][FaceCore]( 3424): [faceGetAuthFilterType] auth status NO FACE
04-02 14:32:19.290 I/[FACE_HAL][FaceCore]( 3424): [faceAuthProc] image_brightness = 0
04-02 14:32:19.290 I/[FACE_HAL][FaceSession]( 3424): [onAuthenticationFrame] onAuthenticationFrame 
04-02 14:32:19.290 I/[FACE_HAL][DUMP]( 3424): [saveImage] saveImage clientMode:0, acquiredResult:101, imageCount:5
04-02 14:32:19.290 D/AidlResponseHandler( 3698): skip authentication frame return
04-02 14:32:19.290 I/[FACE_HAL][DUMP]( 3424): [getDumpSupport] unsupport dump version, DumpSupport=0 AndroidVersionType=2 FaceTestMode=0
04-02 14:32:19.290 I/[FACE_HAL][DUMP]( 3424): [saveImage] Dump is Disable
04-02 14:32:19.298 E/ChiX    ( 2403): [ERROR][CORE   ] metadatamanager.cpp:2768 updateOPMeta() no vendor tag video.rectify.flag
04-02 14:32:19.302 I/ChiX    ( 2403): [ALWAYS_ON  ][CORE   ] streamclassifier.cpp:1030 ResultCallback() YUV SNAPSHOT CALLBACK 8, stream 0xb4000075fa17f028, status 0
04-02 14:32:19.303 E/ACameraDeviceVendor( 3424): onCaptureStarted: request = 0xb4000074e904e890
04-02 14:32:19.303 I/[FACE_HAL][FaceCameraManager]( 3424): [sendMessageAsync] send message start, message->type = 2008
04-02 14:32:19.303 I/[FACE_HAL][UffMessageQueue]( 3424): [enqueueMessage] enqueue msg total count:1 in position:0 what:2008 strwhat:FACE_CAMERA_PROCESS_IMAGE when:2550774
04-02 14:32:19.303 I/[FACE_HAL][UffMessageQueue]( 3424): [dequeueMessage] dequeue head msg what:2008 strwhat:FACE_CAMERA_PROCESS_IMAGE when:2550774
04-02 14:32:19.303 I/[FACE_HAL][UffMessageQueue]( 3424): [enqueueMessage] enqueue msg total count:1 in position:0 what:101 strwhat:monitor_doProcessImage when:2560774
04-02 14:32:19.303 I/[FACE_HAL][UffMessageQueue]( 3424): [enqueueMessage] enqueue msg total count:2 in position:0 what:102 strwhat:monitor_doProcessImage when:2554774
04-02 14:32:19.304 I/[FACE_HAL][FaceCameraManager]( 3424): [wakeImagePolling] mImageWakeReason: 1
04-02 14:32:19.305 I/SC820CS ( 2403): CalculateExposure: A_Reg_Gain=6303, A_Real_gain=6.155273, D_Reg_Gain=1024, D_Real_gain=1.000000, ISP_Gain=1.000018, linecount=624
04-02 14:32:19.305 I/SC820CS ( 2403): CalculateExposure: A_Reg_Gain=6313, A_Real_gain=6.165039, D_Reg_Gain=1024, D_Real_gain=1.000000, ISP_Gain=1.000034, linecount=624
04-02 14:32:19.305 I/SC820CS ( 2403): FillExposureSettings, reg_fline=2500, reg_line=1248
04-02 14:32:19.305 I/SC820CS ( 2403): FillExposureSettings, gain=6313, gain_A=9
04-02 14:32:19.305 I/SC820CS ( 2403): FillExposureSettings, reg_fline=2500, reg_line=1248
04-02 14:32:19.305 I/SC820CS ( 2403): FillExposureSettings, gain=6313, gain_A=9
04-02 14:32:19.305 I/ChiX    ( 2403): [ALWAYS_ON  ][CORE   ] streamclassifier.cpp:922 StartTakeSnapshot() [OP_EXT] TAKE YUV SNAPSHOT E : frame Id 14, buffers 1, CameraId = 1, size: 640x480, stream 0xb4000075fa17f028
04-02 14:32:19.305 E/ChiX    ( 2403): [ERROR][CORE   ] metadatamanager.cpp:2768 updateOPMeta() no vendor tag video.rectify.flag
04-02 14:32:19.306 E/ChiX    ( 2403): [ERROR][ChiNode] opluscamxchinodesstabgme.cpp:5054 GetviewfinderOverrideOfeCropTag() OplusOfflineReprocess0_com.qti.node.gme0_cam1 Request id 10, cameraId 0, sensorIndex 0, pData is null
04-02 14:32:19.306 E/ChiX    ( 2403): [ERROR][ChiNode] opluscamxchinodesstabgme.cpp:5054 GetviewfinderOverrideOfeCropTag() OplusOfflineReprocess0_com.qti.node.gme0_cam1 Request id 10, cameraId 0, sensorIndex 0, pData is null
04-02 14:32:19.307 E/ChiX    ( 2403): [ERROR][ChiNode] opluscamxchinodesstabgme.cpp:5054 GetviewfinderOverrideOfeCropTag() OplusOfflineReprocess0_com.qti.node.gme0_cam1 Request id 10, cameraId 0, sensorIndex 0, pData is null
04-02 14:32:19.307 E/ChiX    ( 2403): [ERROR][ChiNode] opluscamxchinodehwcfgofedummy.cpp:589 OplusOverrideOFETuningMode() Get feature type tag failed
04-02 14:32:19.307 E/ChiX    ( 2403): [ERROR][ChiNode] opluscamxchinodehwcfgofedummy.cpp:1086 OplusOverrideOFECustomizeTrigger() Get feature type tag failed
04-02 14:32:19.307 E/ChiX    ( 2403): [ERROR][ChiNode] opluscamxchinodehwcfgofedummy.cpp:1258 OplusOverrideOFECustomizeTrigger() Get camera livephoto enable tag failed
04-02 14:32:19.307 E/ChiX    ( 2403): [ERROR][ChiNode] opluscamxchinodehwcfgofedummy.cpp:1354 OplusOverrideOFECustomizeTrigger() Get bracketMode tag failed
04-02 14:32:19.323 E/ChiX    ( 2403): [ERROR][CORE   ] metadatamanager.cpp:2768 updateOPMeta() no vendor tag video.rectify.flag
04-02 14:32:19.328 I/ChiX    ( 2403): [ALWAYS_ON  ][CORE   ] streamclassifier.cpp:1030 ResultCallback() YUV SNAPSHOT CALLBACK 9, stream 0xb4000075fa17f028, status 0
04-02 14:32:19.328 I/[FACE_HAL][FaceCameraManager]( 3424): [sendMessageAsync] send message start, message->type = 2008
04-02 14:32:19.328 I/[FACE_HAL][UffMessageQueue]( 3424): [enqueueMessage] enqueue msg total count:1 in position:0 what:2008 strwhat:FACE_CAMERA_PROCESS_IMAGE when:2550799
04-02 14:32:19.328 I/[FACE_HAL][UffMessageQueue]( 3424): [dequeueMessage] dequeue head msg what:2008 strwhat:FACE_CAMERA_PROCESS_IMAGE when:2550799
04-02 14:32:19.328 I/[FACE_HAL][UffMessageQueue]( 3424): [enqueueMessage] enqueue msg total count:1 in position:0 what:101 strwhat:monitor_doProcessImage when:2560799
