04-02 15:18:04.319 D/OplusSplitScreenManagerService( 3698): isNeedForceShowSystemBarsWhenSplit, landspace no need force show system bar
04-02 15:18:04.319 D/HWUI    ( 4498): SkiaVulkanPipeline::setSurface: this=0xb400006fec4e2800, surface=NULL
04-02 15:18:04.319 D/BufferQueueProducer( 4498): [VRI[StatusBar InputLayer of Task=921]#115(BLAST Consumer)115](id:119200000073,api:1,p:4498,c:4498) disconnect: api 1
04-02 15:18:04.319 D/BLASTBufferQueue( 4498): [VRI[StatusBar InputLayer of Task=921]#115](f:0,a:1) destructor()
04-02 15:18:04.319 D/BufferQueueConsumer( 4498): [VRI[StatusBar InputLayer of Task=921]#115(BLAST Consumer)115](id:119200000073,api:0,p:-1,c:4498) disconnect
04-02 15:18:04.320 D/WallpaperServiceExtImpl( 4498): Block update resized of Surface(name=com.android.systemui.wallpapers.ImageWallpaper)/@0x78d8a5a
04-02 15:18:04.320 I/WindowManager( 3698): Window{95db01e u0 StatusBar InputLayer of Task=921} state from HAS_DRAWN to NO_SURFACE; reason: destroySurface
04-02 15:18:04.320 W/VRI[OplusOSEdgeFloatBar]( 9993): handleResized abandoned!
04-02 15:18:04.320 D/OplusSplitScreenManagerService( 3698): isNeedForceShowSystemBarsWhenSplit, landspace no need force show system bar
04-02 15:18:04.320 D/OplusSplitScreenManagerService( 3698): isNeedForceShowSystemBarsWhenSplit, landspace no need force show system bar
04-02 15:18:04.320 D/WindowManager( 3698): NFW_findFocusedWindowIfNeeded:Window{45eb220 u0 com.example.noarkgames/com.godot.game.GodotAppLauncher} mCurrentFocus:Window{45eb220 u0 com.example.noarkgames/com.godot.game.GodotAppLauncher}
04-02 15:18:04.324 D/FullscreenTaskImageView( 4498): onComputeInternalInsetsSkRegion()
04-02 15:18:04.324 I/SurfaceControl( 4498):  setExtendedRangeBrightness sc=Surface(name=Caption of Task=921)/@0x94e2859,currentBufferRatio=1.0,desiredRatio=1.0
04-02 15:18:04.325 W/libEGL  ( 7418): find api call glTexStorage2DEXT, use glTexStorage2D instead
04-02 15:18:04.327 D/ExtensionsLoader( 7418): createInstance(64bit) : createExtendedFactory
04-02 15:18:04.327 D/ExtensionsLoader( 7418): Opened libeglextimpl.so
04-02 15:18:04.329 D/OplusTouch( 2481): write 1 bytes
04-02 15:18:04.330 I/AdrenoGLES-0( 7418): QUALCOMM build                   : d9c51359ee, Ib0a60ffc99
04-02 15:18:04.330 I/AdrenoGLES-0( 7418): Build Date                       : 12/19/25
04-02 15:18:04.330 I/AdrenoGLES-0( 7418): OpenGL ES Shader Compiler Version: E031.47.18.44
04-02 15:18:04.330 I/AdrenoGLES-0( 7418): Local Branch                     : 
04-02 15:18:04.330 I/AdrenoGLES-0( 7418): Remote Branch                    : refs/tags/AU_LINUX_ANDROID_LA.VENDOR.15.4.0.11.00.00.1088.837
04-02 15:18:04.330 I/AdrenoGLES-0( 7418): Remote Branch                    : NONE
04-02 15:18:04.330 I/AdrenoGLES-0( 7418): Reconstruct Branch               : NOTHING
04-02 15:18:04.330 I/AdrenoGLES-0( 7418): Build Config                     : S P 18.0.0 AArch64
04-02 15:18:04.330 I/AdrenoGLES-0( 7418): Driver Path                      : /vendor/lib64/egl/libGLESv2_adreno.so
04-02 15:18:04.330 I/AdrenoGLES-0( 7418): Driver Version                   : 0800.67
04-02 15:18:04.330 I/AdrenoGLES-0( 7418): Process Name                     : com.example.noarkgames
04-02 15:18:04.330 I/AdrenoGLES-0( 7418): PFP: 0x01500081, ME: 0x01500022
04-02 15:18:04.331 I/qspmHal ( 2456): enter getGpuProf at: 1301791083
04-02 15:18:04.331 I/qspmHal ( 2456): PID 7418 from GFX matched.
04-02 15:18:04.331 I/qspmHal ( 2456): gpuProfName:com.example.noarkgames-gpu - gpu prof_info.path:/data/vendor/gaming/com.example.noarkgames-gpu
04-02 15:18:04.331 E/qspmHal ( 2456): GPU profile file NOT found !!
04-02 15:18:04.331 I/AdrenoUtils( 7418): <ReadGpuID:366>: Reading chip ID through GSL
04-02 15:18:04.332 W/RegularContextFactory( 7418): creating OpenGL ES 3.0 context :
04-02 15:18:04.332 D/Surface ( 7418): Surface::dispatchSetGameApi
04-02 15:18:04.332 D/Surface ( 7418): dispatchSetGameApi pid[7418] tid[7478] GameApi[0]
04-02 15:18:04.332 D/Surface ( 7418): dispatchSetGameApi res:0
04-02 15:18:04.332 D/libEGL  ( 7418): set game api gles successfully
04-02 15:18:04.332 D/BufferQueueProducer( 7418): [5862d52 SurfaceView[com.example.noarkgames/com.godot.game.GodotAppLauncher]#1(BLAST Consumer)1](id:1cfa00000001,api:1,p:7418,c:7418) connect: api=1 producerControlledByApp=true
04-02 15:18:04.332 E/oiface  ( 6262): sched_setaffinity failed
04-02 15:18:04.332 I/godot   ( 7418): Godot Engine v4.6.1.stable.official.14d19694e - https://godotengine.org
04-02 15:18:04.333 E/oiface  ( 6262): sched_setaffinity failed
04-02 15:18:04.333 I/SurfaceControl( 7418):  setExtendedRangeBrightness sc=Surface(name=com.example.noarkgames/com.godot.game.GodotAppLauncher)/@0x96bb013,currentBufferRatio=1.0,desiredRatio=1.0
04-02 15:18:04.334 D/SurfaceView( 7418): 92679506 dispatchDraw mDrawFinished false isAboveParent false (mPrivateFlags & PFLAG_SKIP_DRAW) 128
04-02 15:18:04.335 D/SubsysThreadPool( 4883): execute task
04-02 15:18:04.338 D/CompositionEngine( 2647): Layer: Taskbar#104 had an out of bounds transparent region
04-02 15:18:04.338 D/Region  ( 2647):   Region transparentRegionHint (this=0xb4000078ef27a740, count=1)
04-02 15:18:04.338 D/Region  ( 2647):     [691, 833, 2701, 1038]
04-02 15:18:04.339 I/ClientCache( 2647): add: Cache owner=0xb40000792f373c80
04-02 15:18:04.339 D/BLASTBufferQueue( 7418): [VRI[GodotAppLauncher]#0](f:0,a:1) acquireNextBufferLocked size=3392x2400 mFrameNumber=1 applyTransaction=true mTimestamp=5295810111050(auto) mPendingTransactions.size=0 graphicBufferId=31860067401728 transform=0
04-02 15:18:04.340 D/VRI[GodotAppLauncher]( 7418): Received frameCommittedCallback lastAttemptedDrawFrameNum=1 didProduceBuffer=true syncBuffer=false
04-02 15:18:04.340 D/ExtensionsLoader( 7418): createInstance(64bit) : createExtendedFactory
04-02 15:18:04.340 D/ExtensionsLoader( 7418): Opened libSchedAssistExtImpl.so
04-02 15:18:04.346 W/VRI[GodotAppLauncher]( 7418): handleResized, msg:, frameChanged:false, configChanged:false, displayChanged:false, attachedFrameChanged:false, compatScaleChanged:false, pendingDragResizing=false
04-02 15:18:04.346 I/GameManagerServiceExt-GameColorx( 3698): safe check status r:false|t:false|c:false
04-02 15:18:04.347 D/OplusPixelWorksController( 3698): Chip feature :0
04-02 15:18:04.347 D/OplusPixelWorksController( 3698): getIrisCapability: 0
04-02 15:18:04.347 D/OplusFeatureMEMCDSR( 3698): getDsrCapability pkg name : com.example.noarkgames
04-02 15:18:04.347 W/ActivityManager( 3698): Unable to start service Intent { act=render_ready xflg=0x4 cmp=com.oplus.games/.gamedock.GameDockService (has extras) mCallingUid=10181 } U=0: not found
04-02 15:18:04.347 W/GPA4Feature(15033): onSettingsChange  : render_type
04-02 15:18:04.347 W/LinkBoostFeature(15033): onSettingsChange  : render_type  0
04-02 15:18:04.347 D/COSA->LightsFeature(15033): onSettingsChange: render_type
04-02 15:18:04.347 D/COSA->FrameImageCommonUtils(15033): com.example.noarkgames capability: {"FUNCTION_SR":{},"FUNCTION_MEMC":{},"FUNCTION_HDR":{},"FUNCTION_DAPR":{},"COOLEX":"0"}
04-02 15:18:04.347 D/COSA->FrameImageCommonUtils(15033): dealRenderInfo send gles for 7418 com.example.noarkgames
04-02 15:18:04.348 W/VRI[GodotAppLauncher]( 7418): handleResized, msg:, frameChanged:false, configChanged:false, displayChanged:false, attachedFrameChanged:false, compatScaleChanged:false, pendingDragResizing=false
04-02 15:18:04.348 I/DynamicFramerate [FRTCConfigManager]( 7418): initFrameRateConfig: 
04-02 15:18:04.348 I/DynamicFramerate [FRTCConfigManager]( 7418): 	levelsFor120hz: [120]
04-02 15:18:04.348 I/DynamicFramerate [FRTCConfigManager]( 7418): 	thresholdsFor120hz: []
04-02 15:18:04.348 I/DynamicFramerate [FRTCConfigManager]( 7418): 	levelsFor90hz: [90]
04-02 15:18:04.348 I/DynamicFramerate [FRTCConfigManager]( 7418): 	thresholdsFor90hz: []
04-02 15:18:04.348 I/DynamicFramerate [FRTCConfigManager]( 7418): FRTCConfigManager: FRTC_CAPABILITY = 0, package name = com.example.noarkgames, WINDOW_ANIMATION_SPEED_RATE = 10, SCROLL_ANIMATION_SPEED_RATE = 20, PACKAGE_ENABLE = true
04-02 15:18:04.348 I/DynamicFramerate [DynamicFrameRateController]( 7418): init info: mPackageName = com.example.noarkgames, mIsEnabled = true
04-02 15:18:04.348 D/ActivityTaskManager( 3698): Requested Orientation r = ActivityRecord{104787216 u0 com.example.noarkgames/com.godot.game.GodotAppLauncher t921}, requestedOrientation = SCREEN_ORIENTATION_LANDSCAPE (0)
04-02 15:18:04.349 D/CompactWindowManagerService( 3698): shortComponentName = com.example.noarkgames/com.godot.game.GodotAppLauncher
04-02 15:18:04.349 D/CompactWindowManagerService( 3698): shortComponentName = com.example.noarkgames/com.godot.game.GodotAppLauncher
04-02 15:18:04.349 D/OplusCompatModeManagerService( 3698): setRequestedOrientationAfter requestToFullScreen=true,last=0
04-02 15:18:04.358 D/CompositionEngine( 2647): Layer: Taskbar#104 had an out of bounds transparent region
04-02 15:18:04.358 D/Region  ( 2647):   Region transparentRegionHint (this=0xb4000078ef27a740, count=1)
04-02 15:18:04.358 D/Region  ( 2647):     [691, 833, 2701, 1038]
04-02 15:18:04.364 I/godot   ( 7418): OpenGL API OpenGL ES 3.2 V@0800.67 (GIT@d9c51359ee, Ib0a60ffc99, 1766150428) (Date:12/19/25) - Compatibility - Using Device: Qualcomm - Adreno (TM) 830
04-02 15:18:04.364 D/AudioSystem( 7418): onNewServiceWithAdapter: media.audio_flinger service obtained 0xb4000070325717a0
04-02 15:18:04.364 D/AudioFlinger( 2609): updateWakeLockUids_l AudioOut_15 uids:
04-02 15:18:04.364 D/AudioFlinger( 2609): updateWakeLockUids_l AudioOut_1D uids:
04-02 15:18:04.364 D/AudioFlinger( 2609): updateWakeLockUids_l AudioOut_D uids:
04-02 15:18:04.364 D/AudioFlinger( 2609): updateWakeLockUids_l AudioOut_45 uids:
04-02 15:18:04.364 D/AudioFlinger( 2609): updateWakeLockUids_l AudioOut_3D uids:
04-02 15:18:04.364 D/AudioFlinger( 2609): updateWakeLockUids_l AudioOut_4D uids:
04-02 15:18:04.365 D/AudioFlinger( 2609): updateWakeLockUids_l AudioOut_55 uids:
04-02 15:18:04.365 D/AudioSystem( 7418): getService: IAudioFlingerService retrieved: 0xb400007032668800  IAudioFlinger cached: 0xb4000070325717a0
04-02 15:18:04.365 D/mple.noarkgames( 7418): PlayerBase::PlayerBase()
04-02 15:18:04.365 D/mple.noarkgames( 7418): TrackPlayerBase::TrackPlayerBase()
04-02 15:18:04.365 I/libOpenSLES( 7418): android_audioPlayer_realize, channel mask 0x3
04-02 15:18:04.365 I/libOpenSLES( 7418): android_audioPlayer_realize, create default channel mask 0x3, channels 2
04-02 15:18:04.365 I/libOpenSLES( 7418): Emulating old channel mask behavior (ignoring positional mask 0x3, using default mask 0x3 based on channel count of 2)
04-02 15:18:04.365 I/AudioTrack( 7418): set(): type=audio,case=1,attributes=1,content_type=0,usage=1,source=0,flags=0x100
04-02 15:18:04.365 D/OplusWindowManager( 7418): get WMS extension: android.os.BinderProxy@cccfc5a
04-02 15:18:04.365 D/OplusWindowManagerServiceEnhance( 3698): setInsetAnimationTid: pid 7418 ,tid 7418 ,enable true ,uafEnable true
04-02 15:18:04.365 D/AudioTrackExtImpl( 7418): AudioTrackExtImpl init
04-02 15:18:04.365 D/ExtensionsLoader( 7418): createInstance(64bit) : createExtendedFactory
04-02 15:18:04.365 D/ExtensionsLoader( 7418): Opened libSchedAssistExtImpl.so
04-02 15:18:04.365 D/AudioTrack( 7418): set(): streamType -1, sampleRate 44100, format 0x1, channelMask 0x3, frameCount 0, flags #104, notificationFrames -2, sessionId 393, transferType 0, uid -1, pid -1
04-02 15:18:04.365 D/ListServiceUtils( 7418): mListServiceUtils::init CallingPid 7418
04-02 15:18:04.365 D/ListServiceUtils( 7418): mListServiceUtils::init this 0xb400007032668940
04-02 15:18:04.366 I/AudioTrack( 7418): set(): 0xb4000070324d0800, Create AudioTrackThread, tid = 7494
04-02 15:18:04.366 D/AudioTrackExtImpl( 7418): doSchedBoost, set audioapp task boost, pid=7418, tid=7478, enable=1, ret=0
04-02 15:18:04.366 D/AudioBoost( 2609): audioSchedBoost, pid=2609, tid=2609, enable=1, ret=0
04-02 15:18:04.366 D/AudioFlingerExtImpl( 2609): addActiveAudioSession, add 393, uid 10333, map size 1
04-02 15:18:04.366 D/AudioFlingerExtImpl( 2609): updateSelectDevByRedirectSetting: clientUid=10333, pid=7418
04-02 15:18:04.366 D/AudioFlingerExtImpl( 2609): updateSelectDevByRedirectSetting: mOplusRedirectOutputSupport=0, mOplusRedirectOutputEnable=0
04-02 15:18:04.366 D/NativePermissionController( 2609): checkPermission: missing 1 for 10333
04-02 15:18:04.366 D/NativePermissionController( 2609): checkPermission: missing 3 for 10333
04-02 15:18:04.366 D/NativePermissionController( 2609): checkPermission: missing 5 for 10333
04-02 15:18:04.366 D/AudioPolicyManagerExtImpl( 2609): checkUllCompatible() denied raw flag on session 393 for performance noise
04-02 15:18:04.366 D/AudioPolicyManagerExtImpl( 2609): forceOutputForMusicEffects Enter: session 393, dev {AUDIO_DEVICE_OUT_SPEAKER, @:}, streamType 3, flags 4, forced_deep 0
04-02 15:18:04.366 D/AudioPolicyManagerExtImpl( 2609): check callingUid 10333 whose pacakge name is not in fast-audio-effects
04-02 15:18:04.366 D/AudioPolicyManagerExtImpl( 2609): forceOutputForMusicEffects Done:  flags 4,  forced_deep 0
04-02 15:18:04.366 D/AudioPolicyManagerExtImpl( 2609): oplusForceSpatialized return false; spatial not support current device
04-02 15:18:04.366 D/APM_AudioPolicyManager( 2609): mSpatializerOutput is not null, canBeSpatializedInt=0, forceSpatialized:0 forceMss 0 forceMeta 0
04-02 15:18:04.367 D/AudioBoost( 2609): audioSchedBoost, pid=2609, tid=2609, enable=1, ret=0
04-02 15:18:04.367 W/AudioFlinger( 2609): createTrack_l(): mismatch between requested flags (00000104) and output flags (00000006)
04-02 15:18:04.367 D/AudioFlinger( 2609): AUDIO_OUTPUT_FLAG_FAST denied: sharedBuffer=0x0 frameCount=0 mFrameCount=192 format=0x1 mFormat=0x5 isLinear=1 channelMask=0x3 sampleRate=44100 mSampleRate=48000 hasFastMixer=1 tid=7494 fastTrackAvailMask=0xffe
04-02 15:18:04.367 D/AudioFlinger( 2609): createTrack_l output(13) original frameCount 0  mNormalFrameCount 960 mFrameCount(hal) 192 minFrameCount 2658 notificationsPerBuffer 2 mSampleRate 48000 halLatencyMs 61
04-02 15:18:04.367 D/AudioFlinger( 2609): Client defaulted notificationFrames to 882 for frameCount 2658
04-02 15:18:04.367 D/AudioFlinger( 2609): createTrack_l output(13) final frameCount 2658 for track session 393 , mFrameCount 192, mNormalFrameCount 960, notificationFrameCount 882
04-02 15:18:04.367 I/AF::PthrPatchRecord( 2609): creating track with enforcement level 0
04-02 15:18:04.367 E/GameAudioEffects( 2609): outputSelected: call getListValueByUid(fast-audio-effects) but return null
04-02 15:18:04.367 D/AudioFlinger_PlaybackThread_TrackExtImpl( 2609): HoloAudio, create track pkg name:com.example.noarkgames
04-02 15:18:04.367 D/HoloAudio::SpecailizerPLService_Aidl( 2976): getMetaInfoByPkgName, 
04-02 15:18:04.367 D/AudioFlingerExtImpl( 2609): HoloAudio: audioFlingerExt getMetaInfo valueis:
04-02 15:18:04.367 D/AudioFlinger_PlaybackThread_TrackExtImpl( 2609): HoloAudio, there is no policy for this pkg:com.example.noarkgames
04-02 15:18:04.367 I/AF::Track( 2609): Track, track(0xb4000072f65c8000): mFastIndex -1, mStreamType 3, mId 71, mPortId 50, mFrameCount 2658, mSampleRate 44100, mFormat 1, mChannelCount 2, thread 0xb4000073253ef7c0, sessionId 393, AudioOut_D, primary-6
04-02 15:18:04.367 D/AudioBoost( 2609): audioSchedBoost, pid=2609, tid=2609, enable=0, ret=0
04-02 15:18:04.367 D/AudioBoost( 2609): audioSchedBoost, pid=2609, tid=2609, enable=0, ret=0
04-02 15:18:04.367 D/AudioTrack( 7418): createTrack state 0 output.outputId=13
04-02 15:18:04.368 D/AudioSystem( 7418): onNewService: media.audio_policy service obtained 0xb400007032573d80
04-02 15:18:04.368 D/AudioSystem( 7418): getService: IAudioPolicyService retrieved: 0xb400007032573d80  cached: 0xb400007032573d80
04-02 15:18:04.368 D/AudioFlingerExtImpl( 2609): oplusGetParametersBypassLock:only system or list app is allowed to get oplus parameters:is_direct_pcm_track, uid:10333
04-02 15:18:04.368 D/AudioFlingerExtImpl( 2609): oplusGetParameters:only system or list app is allowed to get oplus parameters:is_direct_pcm_track, uid:10333
04-02 15:18:04.368 E/ConversionHelperAidl( 2609): Function: parseAndGetVendorParameters Line: 55 Failed 
04-02 15:18:04.368 I/AudioTrack( 7418): createTrack_l(50) on outputId(13) : 0xb4000070324d0800, mCblk = 0x722be35000,  mLatency = 121, mAfLatency = 61, frameCount = 2658, mSampleRate = 44100, mFlags = 0, mReqFrameCount = 2658, mNotificationFramesAct = 882
04-02 15:18:04.368 D/AudioTrackExtImpl( 7418): doSchedBoost, set audioapp task boost, pid=7418, tid=7478, enable=0, ret=0
04-02 15:18:04.369 E/AudioTrackExtImpl( 7418): get fade type, but return null, pid 7418, uid 10333
04-02 15:18:04.369 D/AudioTrack( 7418): set: pop_optimize mIsPopOptimizeSupport:0, mIsPopOptimizeFlush:0
04-02 15:18:04.369 D/AudioTrack( 7418): start(50): prior state:STATE_STOPPED output 13 stream 3 session 393
04-02 15:18:04.369 D/AF::Track( 2609): start(71): calling pid 7418 portId 50 session 393 thresholdFrames 2658 mFrameCount 2658
04-02 15:18:04.369 D/AudioBoost( 2609): audioSchedBoost, pid=2609, tid=2609, enable=1, ret=0
04-02 15:18:04.369 D/AudioBoost( 2609): AudioUclampBoost: set invalid schedMinValue: 1025, ignored
04-02 15:18:04.369 D/AudioBoost( 2609): AudioUclampBoost: sched_setattr success. attr(flags 120, min 1024, max 1024, tid 2609, enable 1)
04-02 15:18:04.369 E/AudioBoost( 2609): start  AudioUclampBoost pid:2609 tid:2609 sucess
04-02 15:18:04.369 D/AudioPolicyEffects( 2609): addOutputSessionEffects(): no output processing needed for this stream
04-02 15:18:04.369 D/APM_AudioPolicyManager( 2609): startOutput() output 13, stream 3, portId 50, session 393
04-02 15:18:04.370 D/VRI[GodotAppLauncher]( 7418): Received frameCommittedCallback lastAttemptedDrawFrameNum=2 didProduceBuffer=true syncBuffer=false
04-02 15:18:04.370 D/AudioFlingerExtImpl( 2609): AudioFlingerExtImpl oplusSetParameters: keyvalue volumeStreamAction=start;volumeStreamType=3
04-02 15:18:04.370 D/DeviceHalAidl( 2609): [default] setParameters: parameters: "volumeStreamAction=start;volumeStreamType=3"
04-02 15:18:04.370 D/VRI[GodotAppLauncher]( 7418): draw finished. seqId=0
04-02 15:18:04.370 D/AHAL_HFP_QTI( 2368): hfp_set_parameters enter
04-02 15:18:04.370 D/AHAL_HFP_QTI( 2368): hfp_set_parameters enter
04-02 15:18:04.370 D/AHAL_ModulePrimary_OPLUS( 2368): processSetVendorParameters: kvpairs: volumeStreamAction=start;volumeStreamType=3;
04-02 15:18:04.370 D/DeviceHalAidl( 2609): [usb] setParameters: parameters: "volumeStreamAction=start;volumeStreamType=3"
04-02 15:18:04.370 E/ConversionHelperAidl( 2609): Function: parseAndSetVendorParameters Line: 94 Failed 
04-02 15:18:04.370 D/DeviceHalAidl( 2609): [r_submix] setParameters: parameters: "volumeStreamAction=start;volumeStreamType=3"
04-02 15:18:04.370 D/AHAL_ModuleRemoteSubmix( 2368): setVendorParameters: parameter count 2, async: 0
04-02 15:18:04.370 D/DeviceHalAidl( 2609): [bluetooth] setParameters: parameters: "volumeStreamAction=start;volumeStreamType=3"
04-02 15:18:04.370 E/ConversionHelperAidl( 2609): Function: parseAndSetVendorParameters Line: 94 Failed 
04-02 15:18:04.370 I/WindowManager( 3698): Window{45eb220 u0 com.example.noarkgames/com.godot.game.GodotAppLauncher} state from DRAW_PENDING to COMMIT_DRAW_PENDING; reason: finishDrawingLocked
04-02 15:18:04.370 D/DeviceHalAidl( 2609): [binaural_record] setParameters: parameters: "volumeStreamAction=start;volumeStreamType=3"
04-02 15:18:04.370 D/DeviceHalAidl( 2609): [virtual] setParameters: parameters: "volumeStreamAction=start;volumeStreamType=3"
04-02 15:18:04.371 E/ConversionHelperAidl( 2609): Function: parseAndSetVendorParameters Line: 94 Failed 
04-02 15:18:04.371 I/oplus_bt_dual_sync( 4912): [oplus_bt_dual_sync.cc:151] stack_down_sync_action: type=26, len=8
04-02 15:18:04.371 D/OplusSplitScreenManagerService( 3698): isNeedForceShowSystemBarsWhenSplit, landspace no need force show system bar
04-02 15:18:04.371 D/GameAudioEffects( 2609): hasAliveFastEffectTracks  return (0)
04-02 15:18:04.371 D/OplusSplitScreenManagerService( 3698): isNeedForceShowSystemBarsWhenSplit, landspace no need force show system bar
04-02 15:18:04.371 D/AudioPolicyManagerExtImpl( 2609): oplusSelectOutputForMusicEffects: pendingOutput  => 13  flags => 0x00000006  outputTageName =>low_latency_out outputs.size(5) older music effect ouput(29), hasAliveGameTracks(0)
04-02 15:18:04.371 D/AudioPolicyManagerExtImpl( 2609): oplusSelectOutputForMusicEffects pending music output is low latency output, but no alive fast effect tracks, block effectchain fallback to primary, set deepbuffer as defaultEffectsOutput instead
04-02 15:18:04.371 D/bt_shim_hci( 4912): [hci_layer.cc:235] transmit_command: Sending command WRITE_PAGE_SCAN_ACTIVITY(0x0c1c)
04-02 15:18:04.371 D/GameAudioEffects( 2609): hasAliveRequestFastTracks  return (0)
04-02 15:18:04.371 E/oplus_bt_dual_sync( 4912): [oplus_bt_dual_sync.cc:324] stack_down_sync_action: PagescanParameterChanged
04-02 15:18:04.371 D/APM_AudioPolicyManager( 2609): setOutputDevice() output 13 device {AUDIO_DEVICE_OUT_SPEAKER, @:} force 0 delayMs 0
04-02 15:18:04.371 I/WindowManager( 3698): Window{45eb220 u0 com.example.noarkgames/com.godot.game.GodotAppLauncher} state from COMMIT_DRAW_PENDING to READY_TO_SHOW; reason: commitFinishDrawingLocked
04-02 15:18:04.371 D/vendor.qti.bluetooth@1.0-ibs_handler( 2342): SerialClockVote: vote for UART CLK ON
04-02 15:18:04.371 D/CoreBackPreview( 3698):  return markWindowHasDrawn mComposed: false  mWaitTransition: false
04-02 15:18:04.371 D/ActivityTaskManager( 3698): Finish StartingWindow: ActivityRecord{104787216 u0 com.example.noarkgames/com.godot.game.GodotAppLauncher t921}first real window is shown
04-02 15:18:04.371 D/ActivityTaskManager( 3698): removeStartingWindowAnimation starting ActivityRecord{104787216 u0 com.example.noarkgames/com.godot.game.GodotAppLauncher t921} startingWindow=null ,startingView=com.android.server.wm.StartingSurfaceController$StartingSurface@a751e57,Callers=com.android.server.wm.ActivityRecord.removeStartingWindow:3386 com.android.server.wm.ActivityRecord.onFirstWindowDrawn:8055 com.android.server.wm.WindowState.performShowLocked:4933 com.android.server.wm.WindowStateAnimator.commitFinishDrawingLocked:403 com.android.server.wm.DisplayContent.lambda$new$8:1154 
04-02 15:18:04.371 D/OplusStartingWindowManager( 3698): interceptRemoveStartingWindow: packageName=com.example.noarkgames,  componentName=com.example.noarkgames/com.godot.game.GodotAppLauncher, isSnapshot=false, startingSurfaceRunnable=null, isDrawCompleted=false, hasSurfaceView=true, inTransition=true
04-02 15:18:04.371 D/OplusSplitScreenManagerService( 3698): notifyRemoveStartingWindow mOplusSpiltScreenDnDUI is null, just return!
04-02 15:18:04.371 D/AudioPolicyInterfaceImpl( 2609): mSessionLatestHandleList add Item on session 393, port = 50
04-02 15:18:04.371 D/OplusStartingWindowManager( 3698): interceptRemoveStartingWindow: hasSplashWindowFlag() return false for activity=ActivityRecord{104787216 u0 com.example.noarkgames/com.godot.game.GodotAppLauncher t921}
04-02 15:18:04.371 D/AudioFlingerExtImpl( 2609): updateMetaScenes mMetaScenesOwnerMap[4]=[0,-1]
04-02 15:18:04.371 D/AudioFlingerExtImpl( 2609): updateMetaScenes mMetaScenesOwnerMap[5]=[0,-1]
04-02 15:18:04.371 I/oplus_bt_dual_sync( 4912): [oplus_bt_dual_sync.cc:151] stack_down_sync_action: type=38, len=29
04-02 15:18:04.371 I/oplus_bt_dual_sync( 4912): [oplus_bt_dual_sync.cc:425] stack_down_sync_action: audio type update  previous audio type =CURRENT_IS_NO_AUDIO, current audio type : CURRENT_IS_AV_AUDIO
04-02 15:18:04.372 I/QosScheduler[QoSPolicy]( 3698): setSceneQoS begin:true sceneId:5
04-02 15:18:04.372 W/QosScheduler( 3698): executeSceneQosStrategy failed! qos feature no enable
04-02 15:18:04.372 D/vendor.qti.bluetooth@1.0-wake_lock( 2342): Acquire wakelock is acquired 
04-02 15:18:04.372 I/vendor.qti.bluetooth@1.0-ibs_handler( 2342): DeviceWakeUp: Writing IBS_WAKE_IND
04-02 15:18:04.372 I/OStatsManager_Calc( 3698): noteAudio: uid = 10333, start = true
04-02 15:18:04.372 D/AudioFlinger_PlaybackThreadExtImpl( 2609): HoloAudio:addActiveTrack,isSpatialzierTrackPlaying:0 isMetaTrackPlaying:0 isMetaTrack:0
04-02 15:18:04.372 D/AudioFlingerExtImpl( 2609): getSplitScreenSwitch: screenSwitch = 0
04-02 15:18:04.372 D/AudioFlinger_PlaybackThreadExtImpl( 2609): notifyAudioTrackCreate event:atlas_event_audio_track_create info:pid:7418,sessionId:393,streamType:3,sampleRate:44100,format:1,startvl:1.000,startvr:1.000,balance:0.000,channelcount:2,flags:6,deviceTypes:2,hasFastMixer:1,isOffloadThread:0,isSpatialized:0,id:13,effectChains:0,frameCount:2658,requestFC:0,minFC:2658,metaAudioScene:0,metaAudioPos:[0.0|0.0|0.0],window_rendering:0
04-02 15:18:04.372 D/AtlasEventUploadUtils( 2609): setEvent event:atlas_event_audio_track_create
04-02 15:18:04.372 D/TaskOrganizerController( 3698): TaskOrganizerController.removeStartingWindow: call wmshell to removeStartingWindow Task{266f20e #921 type=standard A=10333:com.example.noarkgames}null
04-02 15:18:04.372 D/AudioTrackServerProxyExtImpl( 2609): AudioTrackServerProxyExtImpl init
04-02 15:18:04.372 D/AudioTrackServerProxyExtImpl( 2609): audioTrackServerProxyTest
04-02 15:18:04.372 D/AudioTrackServerProxyExtImpl( 2609): audioTrackServerProxy, initialize
04-02 15:18:04.372 D/AudioTrackServerProxyExtImpl( 2609): initSupportAudioRamp ,  mIsSupport = 0.
04-02 15:18:04.372 D/AudioMixer( 2609): create mTempOutMetaAudio.get() 0xb40000730bbc7e00, pTempOutMetaAudio 0x0 track id 71
04-02 15:18:04.372 D/AudioFlinger( 2609): updateWakeLockUids_l AudioOut_D uids:10333 
04-02 15:18:04.372 I/IPCThreadState( 3698): oneway function results for code 10006 on binder at 0xb400007025b0f720 will be dropped but finished with status UNKNOWN_TRANSACTION
04-02 15:18:04.372 E/AppOps  ( 3698): attributionTag  not declared in manifest of com.example.noarkgames
04-02 15:18:04.372 I/Quality ( 3698): LaunchTime2.0: com.example.noarkgames/com.godot.game.GodotAppLauncher 1 296 com.android.shell 23 65
04-02 15:18:04.372 I/iopgp   ( 4788): Iopgp: TRANSACTION_IOPGP_ON_ACTIVITY_LAUNCH_FINISHED sequence_id = 7 timestamp_nanos = 5295843093707
04-02 15:18:04.372 D/QuickBackInputPolicy( 3698): setAppLaunchEndTime update timePair=Pair{ActivityRecord{104787216 u0 com.example.noarkgames/com.godot.game.GodotAppLauncher t921} 5295843}
04-02 15:18:04.372 D/EventTest( 2976): handleEvent atlas_event_audio_track_create pid:7418,sessionId:393,streamType:3,flags:6,deviceTypes:2,hasFastMixer:1
04-02 15:18:04.372 D/AHAL_StreamOut_QTI( 2368): start : usecase: LOW_LATENCY_PLAYBACK IoHandle: 13 
04-02 15:18:04.372 D/AHAL_OplusStreamOutExt( 2368): getBypassConfigure : usecase: LOW_LATENCY_PLAYBACK IoHandle: 13  mBypassConfigure: 0
04-02 15:18:04.372 E/PERFHAL-CLIENT( 2368): PERFHAL-CLIENT: perf_lock_acq() 164: opcode=1077936128 isMvOpcode=0
04-02 15:18:04.372 E/PERFHAL-CLIENT( 2368): PERFHAL-CLIENT: perf_lock_acq() 164: opcode=1082130432 isMvOpcode=0
04-02 15:18:04.372 I/WindowManager( 3698): Window{45eb220 u0 com.example.noarkgames/com.godot.game.GodotAppLauncher} state from READY_TO_SHOW to HAS_DRAWN; reason: performShowLocked
04-02 15:18:04.372 E/AppOps  ( 3698): attributionTag  not declared in manifest of com.example.noarkgames
04-02 15:18:04.373 D/AudioBoost( 2609): audioSchedBoost, pid=2609, tid=2609, enable=0, ret=0
04-02 15:18:04.373 D/AudioBoost( 2609): AudioUclampBoost: set invalid schedMinValue: 1025, ignored
04-02 15:18:04.373 I/PAL: API( 2368): pal_stream_open: 320: Enter, stream type:1
04-02 15:18:04.373 D/AudioBoost( 2609): AudioUclampBoost: sched_setattr success. attr(flags 120, min 0, max 1024, tid 2609, enable 0)
04-02 15:18:04.373 E/AudioBoost( 2609): stop  AudioUclampBoost pid:2609 tid:2609 sucess
04-02 15:18:04.373 D/PAL: Stream( 2368): create: 118: Enter.
04-02 15:18:04.373 D/PAL: ResourceManager( 2368): getDeviceConfig: 3417: device id 0x3 channels 8 samplerate 48000, bitwidth 32 format 23 SndDev speaker priority 0x3
04-02 15:18:04.373 D/PAL: Stream( 2368): create: 232: stream type 0x1
04-02 15:18:04.373 D/PAL: StreamPCM( 2368): isBitWidthSupported: 1760: bitWidth 24
04-02 15:18:04.373 D/PAL: StreamPCM( 2368): isSampleRateSupported: 1715: sampleRate 48000
04-02 15:18:04.373 D/PAL: StreamPCM( 2368): isChannelSupported: 1738: numChannels 2
04-02 15:18:04.373 D/PAL: StreamPCM( 2368): StreamPCM: 102: Enter
04-02 15:18:04.373 D/PAL: Device( 2368): insertStreamDeviceAttr: 940: insert the first device attribute
04-02 15:18:04.373 D/PAL: Device( 2368): insertStreamDeviceAttr: 997: dev: 3 attr inserted are: priority: 0x3, stream type: 1, ch: 8, sr: 48000, bit_width: 32, fmt: 23, sndDev: speaker, custom_key: 
04-02 15:18:04.373 D/PAL: ResourceManager( 2368): registerStream: 3757: Enter. stream 0xb4000078f34d2e40K
04-02 15:18:04.373 D/PAL: ResourceManager( 2368): registerStream: 3764: stream type 1
04-02 15:18:04.373 D/PAL: ResourceManager( 2368): registerStream: 3939: Exit. ret 0
04-02 15:18:04.373 D/PAL: ResourceManager( 2368): updateDeviceConfig: 9141: Enter
04-02 15:18:04.373 D/PAL: ResourceManager( 2368): getSharedBEActiveStreamDevs: 8286: got dev 3 active streams on dev is 0
04-02 15:18:04.373 D/OplusAONSmartDim( 3698): onWakeLockAcquireLocked: lock=36476592, flags=0x2000000a, packageName=android, tag="WindowManager/displayId:0", ws=WorkSource{10333 com.example.noarkgames}, uid=1000, pid=3698
04-02 15:18:04.373 I/PAL: Device( 2368): setDeviceAttributes: 473: DeviceAttributes for Device Id 3 updated
04-02 15:18:04.373 D/PAL: ResourceManager( 2368): updateDeviceConfig: 9250: Exit
04-02 15:18:04.373 D/PAL: StreamPCM( 2368): StreamPCM: 231: Exit. state 0
04-02 15:18:04.373 D/PAL: Stream( 2368): create: 387: Exit stream 0xb4000078f34d2e40K create successful
04-02 15:18:04.373 D/PAL: StreamPCM( 2368): open: 241: Enter. session handle - 0xb4000078c04c3e00K device count - 1
04-02 15:18:04.373 D/PAL: ResourceManager( 2368): getPALDeviceName: 9410: id 3
04-02 15:18:04.373 I/PAL: Device( 2368): open: 563: Enter. deviceCount 0 for device id 3 (PAL_DEVICE_OUT_SPEAKER)
04-02 15:18:04.373 I/PAL: SessionAlsaUtils( 2368): setDeviceMediaConfig: 1095: TDM-LPAIF-RX-SECONDARY rate ch fmt data_fmt 48000 8 10 1
04-02 15:18:04.373 D/PAL: Device( 2368): open: 587: audio_route 0xb4000078e59bb2c0K SND device name speaker
04-02 15:18:04.373 D/AudioBoost( 2609): audioAppKeyThreadReport() pid 7418, tid 7478, enable 1, inUid 0, eventIt -1, threadType 0, id 71
04-02 15:18:04.373 D/AudioBoost( 2609): appThreadInfo update:start 7478, write -1, cbk 7494 read -1
04-02 15:18:04.373 D/AudioBoost( 2609): audioAppKeyThreadReport(), restore boost for threadType 0, tid 7478
04-02 15:18:04.373 D/audio_route( 2368): Apply path: speaker
04-02 15:18:04.373 D/AudioBoost( 2609): audioAppKeyThreadReport(), restore boost for threadType 2, tid 7494
04-02 15:18:04.373 I/PAL: Device( 2368): open: 609: Exit. deviceCount 1 for device id 3 (PAL_DEVICE_OUT_SPEAKER), exit status: 0
04-02 15:18:04.373 D/PAL: SessionAlsaPcm( 2368): open: 182: Enter
04-02 15:18:04.373 D/PAL: ResourceManager( 2368): getBackEndNames: 8534: getBackEndNames (RX): TDM-LPAIF-RX-SECONDARY
04-02 15:18:04.373 I/godot   ( 7418): 
04-02 15:18:04.373 I/PAL: ResourceManager( 2368): allocateFrontEndIds: 7906: allocateFrontEndIds: front end 126
04-02 15:18:04.373 D/PAL: SessionAlsaUtils( 2368): open: 427: Entry 
04-02 15:18:04.373 I/PAL: PayloadBuilder( 2368): populateStreamKV: 3076: stream type 1
04-02 15:18:04.373 I/PAL: PayloadBuilder( 2368): getSelectorValues: 2884: Direction: 1
04-02 15:18:04.373 I/PAL: PayloadBuilder( 2368): getSelectorValues: 2900: Instance: 1
04-02 15:18:04.373 I/PAL: PayloadBuilder( 2368): findKVs: 2766: key: 0xa1000000 value: 0xa100000e
04-02 15:18:04.373 I/PAL: PayloadBuilder( 2368): findKVs: 2766: key: 0xab000000 value: 0x1
04-02 15:18:04.373 D/PAL: SessionAlsaUtils( 2368): getFeMixerControl: 357: mixer control PCM126 control
04-02 15:18:04.373 D/PAL: Stream( 2368): getSoundCardId: 761: sound card id = 0x0
04-02 15:18:04.373 I/PAL: PayloadBuilder( 2368): populateDeviceKV: 3200: Enter device id:3
04-02 15:18:04.373 I/PAL: PayloadBuilder( 2368): findKVs: 2779: key: 0xa2000000 value: 0xa2000001
04-02 15:18:04.373 I/PAL: PayloadBuilder( 2368): populateDeviceKV: 3228: Exit device id:3, status 0
04-02 15:18:04.373 I/PAL: PayloadBuilder( 2368): populateDevicePPKV: 3341: Rx device id:3
04-02 15:18:04.373 I/PAL: PayloadBuilder( 2368): getSelectorValues: 2966: stream type: 1
04-02 15:18:04.373 I/PAL: PayloadBuilder( 2368): findKVs: 2766: key: 0xa2000000 value: 0xa2000001
04-02 15:18:04.373 I/PAL: PayloadBuilder( 2368): findKVs: 2766: key: 0xac000000 value: 0xac000002
04-02 15:18:04.373 I/PAL: PayloadBuilder( 2368): populateDevicePPCkv: 3560: SpeakerProt Status[1], RAS Status[0]
04-02 15:18:04.373 D/PAL: SessionAlsaUtils( 2368): open: 559: Speaker protection enabled
04-02 15:18:04.373 I/PAL_OplusSpeakerProtection( 2368): populateSpeakerCKV: 2355: scence: 0
04-02 15:18:04.373 D/PAL_OplusSpeakerProtection( 2368): setSpeakerCKV: 2157: mSpkScence 0
04-02 15:18:04.373 I/AGM: session( 2368): session_obj_set_sess_aif_metadata: 2006 Exit
04-02 15:18:04.373 I/AgmIpc::Server( 2368): SessionInfo created for session 126
04-02 15:18:04.373 I/AGM: API( 2368): agm_session_aif_connect: 623 connecting aifid:16 with session id=126
04-02 15:18:04.373 D/PAL: SessionAlsaUtils( 2368): open: 653: Exit, status 0
04-02 15:18:04.373 D/PAL: SessionAlsaPcm( 2368): open: 423: Exit status: 0
04-02 15:18:04.373 D/PAL: StreamPCM( 2368): open: 342: stream pcm opened. state 1
04-02 15:18:04.373 D/PAL: memLoggerBuilder( 2368): palStateQueueBuilder: 77: TIME IS:1775123284373
04-02 15:18:04.373 D/PAL: StreamPCM( 2368): open: 364: Exit ret 0
04-02 15:18:04.373 D/PAL: API( 2368): notify_concurrent_stream: 110: Notify concurrent stream: 0xb4000078f34d2e40K, active 1
04-02 15:18:04.373 I/PAL_OplusPalFb( 2368): oplus_feedback_add_info: 882: add stream device = 3
04-02 15:18:04.373 I/PAL_OplusPalFb( 2368): oplus_feedback_add_info: 904: add info stream 0xb4000078f34d2e40K, type = 1
04-02 15:18:04.373 I/PAL: API( 2368): pal_stream_open: 392: Exit. Value of stream_handle 0xb4000078f34d2e40K, status 0
04-02 15:18:04.373 E/PERFHAL-TARGETCONFIG( 2429): PERFHAL-TARGETCONFIG: getCoresInCluster() 89: Error: TargetConfig not initialized
04-02 15:18:04.373 E/PERFHAL-REQUEST( 2429): PERFHAL-REQUEST: Process() 394: Translate to physical failed
04-02 15:18:04.373 E/PERFHAL-TARGETCONFIG( 2429): PERFHAL-TARGETCONFIG: getCoresInCluster() 89: Error: TargetConfig not initialized
04-02 15:18:04.373 E/PERFHAL-REQUEST( 2429): PERFHAL-REQUEST: Process() 394: Translate to physical failed
04-02 15:18:04.373 D/AHAL_StreamOut_QTI( 2368): configure : usecase: LOW_LATENCY_PLAYBACK IoHandle: 13 set pal_stream_set_buffer_size to 1152 with count 2
04-02 15:18:04.373 D/PAL: API( 2368): pal_stream_set_buffer_size: 1138: Enter. Stream handle :0xb4000078f34d2e40K
04-02 15:18:04.373 D/PAL: Stream( 2368): setBufInfo: 846: Out Buffer size 1152 and Out Buffer count 2 metaData sz 0
04-02 15:18:04.373 D/PAL: API( 2368): pal_stream_set_buffer_size: 1148: Exit. status 0
04-02 15:18:04.373 E/PERFHAL-CLIENT( 2368): PERFHAL-CLIENT: perf_lock_acq() 164: opcode=1077936128 isMvOpcode=0
04-02 15:18:04.373 E/PERFHAL-CLIENT( 2368): PERFHAL-CLIENT: perf_lock_acq() 164: opcode=1082130432 isMvOpcode=0
04-02 15:18:04.373 E/PERFHAL-TARGETCONFIG( 2429): PERFHAL-TARGETCONFIG: getCoresInCluster() 89: Error: TargetConfig not initialized
04-02 15:18:04.373 E/PERFHAL-REQUEST( 2429): PERFHAL-REQUEST: Process() 394: Translate to physical failed
04-02 15:18:04.373 I/PAL: API( 2368): pal_stream_start: 483: Enter. Stream handle 0xb4000078f34d2e40K
04-02 15:18:04.373 E/PERFHAL-TARGETCONFIG( 2429): PERFHAL-TARGETCONFIG: getCoresInCluster() 89: Error: TargetConfig not initialized
04-02 15:18:04.373 D/PAL: StreamPCM( 2368): start: 471: Enter. session handle - 0xb4000078c04c3e00K mStreamAttr->direction - 1 state 1
04-02 15:18:04.373 E/PERFHAL-REQUEST( 2429): PERFHAL-REQUEST: Process() 394: Translate to physical failed
04-02 15:18:04.373 I/PAL_OplusSpeakerProtection( 2368): start: 2804: Inside Speaker Protection start, mDeviceStartCount: 0
04-02 15:18:04.373 I/audiohalservice.qti( 2368): [Awinic] [INF] aw_audioreach_monitor_start: enter
04-02 15:18:04.373 D/audiohalservice.qti( 2368): [Awinic] [DBG] aw_ar_dsp_get_cali_re_array_payload: dev[0]set_re:6633
04-02 15:18:04.373 D/audiohalservice.qti( 2368): [Awinic] [DBG] aw_ar_dsp_get_cali_re_array_payload: dev[1]set_re:7141
04-02 15:18:04.373 D/audiohalservice.qti( 2368): [Awinic] [DBG] aw_ar_dsp_get_cali_re_array_payload: dev[2]set_re:7055
04-02 15:18:04.373 D/audiohalservice.qti( 2368): [Awinic] [DBG] aw_ar_dsp_get_cali_re_array_payload: dev[3]set_re:7106
04-02 15:18:04.373 D/PAL_OplusSpeakerAwinic( 2368): payloadSPConfig: 311: Awinic payload re success
04-02 15:18:04.373 D/audiohalservice.qti( 2368): [Awinic] [DBG] aw_ar_kmsg_ctl_get_voltage_offset: dev_index[0]:offset: 65535
04-02 15:18:04.373 I/PAL: Device( 2368): updateCustomPayload: 506: customPayloadSize = 48
04-02 15:18:04.373 I/PAL_OplusSpeakerAwinic( 2368): payloadRotationConfig: 681: mRotation 90
04-02 15:18:04.373 D/OplusSplitScreenManagerService( 3698): isNeedForceShowSystemBarsWhenSplit, landspace no need force show system bar
04-02 15:18:04.373 I/PAL_OplusSpeakerAwinic( 2368): payloadRotationConfig: 690: spin_mode = 0x0
04-02 15:18:04.373 D/OplusSplitScreenManagerService( 3698): isNeedForceShowSystemBarsWhenSplit, landspace no need force show system bar
04-02 15:18:04.373 I/PAL: Device( 2368): updateCustomPayload: 506: customPayloadSize = 72
04-02 15:18:04.373 I/PAL: PayloadBuilder( 2368): findKVs: 2779: key: 0xa3000000 value: 0xa3000009
04-02 15:18:04.373 I/PAL: SessionAlsaUtils( 2368): setDeviceMediaConfig: 1095: TDM-LPAIF-TX-SECONDARY rate ch fmt data_fmt 48000 8 10 1
04-02 15:18:04.373 I/PAL: ResourceManager( 2368): allocateFrontEndIds: 7939: allocateFrontEndIds: front end 121
04-02 15:18:04.373 I/AgmIpc::Server( 2368): SessionInfo created for session 121
04-02 15:18:04.373 I/AGM: API( 2368): agm_session_aif_connect: 623 connecting aifid:17 with session id=121
04-02 15:18:04.373 D/audio_route( 2368): Apply path: vi-feedback
04-02 15:18:04.373 I/AGM: oplus_agm_fb( 2368): recordOpenedSessions: 69 i = 1, record open session_id = 121
04-02 15:18:04.373 I/ActivityTaskManager( 3698): Displayed com.example.noarkgames/com.godot.game.GodotAppLauncher for user 0: +305ms
04-02 15:18:04.374 D/AudioBoost( 2609): startBoostForWake mId 71, p 7418, t 7478, wp 7418, wt 7478.
04-02 15:18:04.374 D/AudioBoost( 2609): audioSchedBoost, pid=7418, tid=7478, enable=1, ret=0
04-02 15:18:04.374 I/Osense-BaseDecisionMaker( 3698): notifySceneToAthenaPolicy: SCENE_ACTIVITY_IDLE, bundle: Bundle[{scene=SCENE_ACTIVITY_IDLE}]
04-02 15:18:04.374 I/Osense-BaseDecisionMaker( 3698): OSense not supported scene! SCENE_ACTIVITY_IDLE
04-02 15:18:04.375 I/midasd  ( 6250): OplusObrainService::notifyEventIntString eventId:14 iParam:2 strParam:com.example.noarkgames
04-02 15:18:04.375 I/SystemUi--Volume( 4498): MultiMediaRepository-->musicStateReceiver onReceive
04-02 15:18:04.375 E/statsd  ( 2252): Gauge Stats puller failed for tag: 150134 at 99333652714028
04-02 15:18:04.375 I/statsd  ( 2252): An anomaly (104840000001) (48)0x10000->10333[I] (48)0x20000->com.example.noarkgames[S] (48)0x30000->3[I]  has occurred! Informing subscribers.
04-02 15:18:04.375 I/AEC.PlaybackManager( 6147): Received action: android.Multimedia.AudioEffect.AudioTrack_BROADCAST
04-02 15:18:04.375 D/AGM: graph( 2368): graph_open: 615 entry
04-02 15:18:04.375 D/AGM: metadata( 2368): metadata_print: 79 *************************Metadata*************************
04-02 15:18:04.375 D/AGM: metadata( 2368): metadata_print: 80 GKV size:1
04-02 15:18:04.375 D/AGM: metadata( 2368): metadata_print: 83 key:0xa3000000, value:0xa3000009 
04-02 15:18:04.375 D/AGM: metadata( 2368): metadata_print: 89 CKV count:0
04-02 15:18:04.375 D/AGM: metadata( 2368): metadata_print: 102 Property ID:134217744
04-02 15:18:04.375 D/AGM: metadata( 2368): metadata_print: 103 property count:1
04-02 15:18:04.375 D/AGM: metadata( 2368): metadata_print: 106 Property Values: 
04-02 15:18:04.375 D/AGM: metadata( 2368): metadata_print: 108 0x2 
04-02 15:18:04.375 D/AGM: metadata( 2368): metadata_print: 115 ****************Metadata Done***************************
04-02 15:18:04.375 D/AGM: graph( 2368): graph_open: 766 miid 4308 mid 700100f tag c0000005
04-02 15:18:04.375 I/GPR:    ( 2368): __gpr_cmd_register_v2:931 GPR Register: Source Port is 8209 heap_index: 0
04-02 15:18:04.375 I/SystemUi--Volume( 4498): MultiMediaRepository-->updateMultiMediaPlayState pid:7418,state:1,sessionId:393,packageName:com.example.noarkgames
04-02 15:18:04.375 I/gsl     ( 2368): gsl_send_spf_cmd:223 sending pkt opcode 0x1001000 token 0x00338000
04-02 15:18:04.375 I/OGuardManager_WeakAwareManager( 3698): stop uid:10333 type:MediaMute valid:false duration:0 recorder:false sysMute:true
04-02 15:18:04.375 D/SysBroadcastReceiver( 4883): android.media.ACTION_AUDIO_PLAYBACK_STATE_CHANGED
04-02 15:18:04.375 D/SysBroadcastReceiver( 4883): EventId=1010003	ID_AUDIO_PLAYBACK_STATE_CHANGED	TimeStamp =1775123284375	Intent =Intent { act=android.media.ACTION_AUDIO_PLAYBACK_STATE_CHANGED flg=0x4000010 xflg=0x4 (has extras) }	Content =null	Pid =0	PkgName =null
04-02 15:18:04.376 I/UserAwareMgr( 3698): handleAppChangedToBg, pkgName: com.google.android.googlequicksearchbox, pid: 9853
04-02 15:18:04.376 I/OplusObrain(11637): OplusObrainClientInvoke.nativeGetAudioPackageList
04-02 15:18:04.377 I/OplusObrain(11637): OplusObrainClientInvoke.nativeGetSpeakerPower
04-02 15:18:04.377 D/DeviceHalAidl( 2609): [default] getParameters: keys: "PAPowerMonitorResult"
04-02 15:18:04.377 I/incfs-mounts( 6147): [incfs] Loaded incremental-fs mount info: 1 instances, 2 mount points
04-02 15:18:04.377 I/gsl     ( 2368): gsl_send_spf_cmd:274 rcvd pkt token : 0x338000
04-02 15:18:04.377 D/AHAL_ModulePrimary_QTI( 2368): getVendorParameters: id count: 1
04-02 15:18:04.377 I/PAL_OplusSpeakerPowerMonitor( 2368): getResult: 197: Speaker monitor is not started, return
04-02 15:18:04.377 I/gsl     ( 2368): gsl_send_spf_cmd:223 sending pkt opcode 0x1001006 token 0x00339000
04-02 15:18:04.377 I/PAL_OplusSpeakerPowerMonitor( 2368): getParameters: 385: get PAPowerMonitor total(4.619999)
04-02 15:18:04.377 D/AHAL_ModulePrimary_OPLUS( 2368): getParameters: key: PAPowerMonitorResult
04-02 15:18:04.378 D/CoreBackPreview( 3698):  return markWindowHasDrawn mComposed: false  mWaitTransition: false
04-02 15:18:04.378 D/DeviceHalAidl( 2609): [usb] getParameters: keys: "PAPowerMonitorResult"
04-02 15:18:04.378 D/CompositionEngine( 2647): Layer: Taskbar#104 had an out of bounds transparent region
04-02 15:18:04.378 D/Region  ( 2647):   Region transparentRegionHint (this=0xb4000078ef27a740, count=1)
04-02 15:18:04.378 D/Region  ( 2647):     [691, 833, 2701, 1038]
04-02 15:18:04.378 I/gsl     ( 2368): gsl_send_spf_cmd:274 rcvd pkt token : 0x339000
04-02 15:18:04.378 E/ACDB    ( 2368): AcdbCmdGetProcSubgraphCalDataPersist:8255 Error[19]: No calibration found
04-02 15:18:04.378 D/AGM: graph( 2368): graph_open: 810 graph_handle 0x147534c
04-02 15:18:04.378 D/AGM: graph( 2368): graph_open: 850 exit, ret 0
04-02 15:18:04.378 D/HoloAudio::SpecailizerPLService_Aidl( 2976): getActiveMetaList +++
04-02 15:18:04.378 I/AgmIpc::Server( 2368): addSessionHandle sessionId 121 handle b4000078f1e25d80 
04-02 15:18:04.378 D/HoloAudio::SpecailizerPLService_Aidl( 2976): callClient:clientID:1 exist:1, event:12, isOneWay:0
04-02 15:18:04.378 D/PLUGIN: pcm( 2368): agm_pcm_hw_params: 509 agm_pcm_hw_params: mode: 268435456
04-02 15:18:04.378 E/ConversionHelperAidl( 2609): Function: parseAndGetVendorParameters Line: 51 Failed 
04-02 15:18:04.378 D/DeviceHalAidl( 2609): [r_submix] getParameters: keys: "PAPowerMonitorResult"
04-02 15:18:04.378 D/AGM: graph( 2368): graph_prepare: 926 entry graph_handle 0x147534c
04-02 15:18:04.378 D/AGM: graph_module( 2368): configure_hw_ep_media_config: 644 entry mod tag c0000005 miid 4308 mid 700100f
04-02 15:18:04.378 D/AGM: graph_module( 2368): configure_hw_ep_media_config: 674 rate 48000 bw 32 ch 8, data_fmt 1
04-02 15:18:04.378 I/gsl     ( 2368): gsl_send_spf_cmd:223 sending pkt opcode 0x1001006 token 0x0033a000
04-02 15:18:04.378 E/ConversionHelperAidl( 2609): Function: parseAndGetVendorParameters Line: 51 Failed 
04-02 15:18:04.378 D/DeviceHalAidl( 2609): [bluetooth] getParameters: keys: "PAPowerMonitorResult"
04-02 15:18:04.378 E/ConversionHelperAidl( 2609): Function: parseAndGetVendorParameters Line: 51 Failed 
04-02 15:18:04.378 I/vendor.qti.bluetooth@1.0-ibs_handler( 2342): ProcessIbsCmd: Received IBS_WAKE_ACK: 0xFC
04-02 15:18:04.378 I/vendor.qti.bluetooth@1.0-ibs_handler( 2342): ProcessIbsCmd: Signal wack_cond_
04-02 15:18:04.378 D/DeviceHalAidl( 2609): [binaural_record] getParameters: keys: "PAPowerMonitorResult"
04-02 15:18:04.378 D/vendor.qti.bluetooth@1.0-ibs_handler( 2342): DeviceWakeUp: Unblocked from waiting for FC, pthread_cond_timedwait ret = 0
04-02 15:18:04.378 E/ConversionHelperAidl( 2609): Function: parseAndGetVendorParameters Line: 51 Failed 
04-02 15:18:04.378 D/DeviceHalAidl( 2609): [virtual] getParameters: keys: "PAPowerMonitorResult"
04-02 15:18:04.378 E/ConversionHelperAidl( 2609): Function: parseAndGetVendorParameters Line: 51 Failed 
04-02 15:18:04.378 I/sist.multimedia( 6147): AssetManager2(0xb400007128927028) locale list changing from [] to [en-GB]
04-02 15:18:04.378 D/AudioFlingerExtImpl( 2609): getAllActiveMusicTrackPids dump Music pids => :7418
04-02 15:18:04.379 I/gsl     ( 2368): gsl_send_spf_cmd:274 rcvd pkt token : 0x33a000
04-02 15:18:04.379 D/AGM: graph_module( 2368): configure_hw_ep_media_config: 684 exit, ret 0
04-02 15:18:04.379 I/gsl     ( 2368): gsl_send_spf_cmd:223 sending pkt opcode 0x1001006 token 0x0033b000
04-02 15:18:04.379 I/vendor.qti.bluetooth@1.0-ibs_handler( 2342): ProcessIbsCmd: Received IBS_WAKE_IND: 0xFD
04-02 15:18:04.379 I/vendor.qti.bluetooth@1.0-ibs_handler( 2342): ProcessIbsCmd: Writing IBS_WAKE_ACK
04-02 15:18:04.379 D/HoloAudio::SpecailizerPLService_Aidl( 2976): getActiveMetaList ---
04-02 15:18:04.379 I/gsl     ( 2368): gsl_send_spf_cmd:274 rcvd pkt token : 0x33b000
04-02 15:18:04.379 D/AGM: graph_module( 2368): configure_tdm_ep: 460 exit, ret 0
04-02 15:18:04.379 I/gsl     ( 2368): gsl_send_spf_cmd:223 sending pkt opcode 0x1001001 token 0x0033c000
04-02 15:18:04.379 D/bt_shim_hci( 4912): [hci_layer.cc:196] OnTransmitPacketCommandComplete: Received cmd complete for WRITE_PAGE_SCAN_ACTIVITY(0x0c1c)
04-02 15:18:04.380 I/gsl     ( 2368): gsl_send_spf_cmd:274 rcvd pkt token : 0x33c000
04-02 15:18:04.380 D/AGM: graph( 2368): graph_prepare: 1004 exit, ret 0
04-02 15:18:04.380 D/AGM: graph( 2368): graph_start: 1027 entry graph_handle 0x147534c
04-02 15:18:04.380 I/gsl     ( 2368): gsl_send_spf_cmd:223 sending pkt opcode 0x1001002 token 0x0033d000
04-02 15:18:04.381 E/AEC.SceneManager( 6147): intelligenceGetProfile: 0
04-02 15:18:04.381 I/AEC.AudioxService( 6147): setEffectEnable enable: true
04-02 15:18:04.381 I/AEC.AudioxEffect( 6147): setEffectOn(enable: true)
04-02 15:18:04.381 I/AEC.AudioxService( 6147): setEffectProfile category: 0, profile: 0
04-02 15:18:04.382 I/AEC.AudioxEffect( 6147): setProfile(0)
04-02 15:18:04.382 I/gsl     ( 2368): gsl_send_spf_cmd:274 rcvd pkt token : 0x33d000
04-02 15:18:04.382 D/AGM: graph( 2368): graph_start: 1040 exit, ret 0
04-02 15:18:04.382 I/PAL_OplusSpeakerProtection( 2368): spkrProtProcessingMode: 2617: pcm start success for TX
04-02 15:18:04.382 I/AudioEffect( 6147): setParameter(): 0xb40000712faafc00, param: 268501179, param2: -1
04-02 15:18:04.382 I/PAL: SessionAlsaUtils( 2368): getModuleInstanceId: 1268: tag_id 0xc0000102, MIID is 0x431d
04-02 15:18:04.382 D/PAL: Device( 2368): start_l: 672: Enter. deviceCount 1 deviceStartStopCount 0 for device id 3 (PAL_DEVICE_OUT_SPEAKER)
04-02 15:18:04.382 I/PAL: SessionAlsaUtils( 2368): setDeviceMediaConfig: 1095: TDM-LPAIF-RX-SECONDARY rate ch fmt data_fmt 48000 8 10 1
04-02 15:18:04.382 D/PAL: Device( 2368): start_l: 724: Exit, status 0
04-02 15:18:04.382 D/PAL: SessionAlsaPcm( 2368): prepare: 124: Enter
04-02 15:18:04.382 D/PAL: SessionAlsaPcm( 2368): prepare: 170: Exit, status 0
04-02 15:18:04.382 D/PAL: SessionAlsaPcm( 2368): start: 1094: Enter
04-02 15:18:04.382 D/PAL_OplusSpeakerProtection( 2368): spMonitorThread: 1902: speaker device is enabled
04-02 15:18:04.382 I/PAL: ResourceManager( 2368): voteSleepMonitor: 2378: Voting done for nlpi use case, lpi votes 0, nlpi votes : 1
04-02 15:18:04.382 D/PAL: Stream( 2368): getBufInfo: 964: In Buffer size 960, In Buffer count 4
04-02 15:18:04.382 D/PAL: Stream( 2368): getBufInfo: 968: Out Buffer size 1152 and Out Buffer count 2
04-02 15:18:04.382 D/OplusAudioxImpl_AIDL( 2368): setParameterSpecific, paramId=0x100100bb
04-02 15:18:04.382 D/OplusAudioxEffect_AIDL( 2368): setParam(): paramId=100100bb
04-02 15:18:04.382 I/OplusAudioxEffect_AIDL( 2368): setParam new profile = 6, Service Type = 0 map_id = 0
04-02 15:18:04.382 D/OplusAudioxEffect_AIDL( 2368): setParam, profile=6
04-02 15:18:04.382 D/OplusAudioxEffect_AIDL( 2368): setParam() returned 0
04-02 15:18:04.382 I/AEC.AudioxEffect( 6147): getProfile() return: 0
04-02 15:18:04.382 I/AGM: oplus_agm_fb( 2368): recordOpenedSessions: 69 i = 2, record open session_id = 126
04-02 15:18:04.382 W/AEC.AudioxService( 6147): setEffectProfileImpl() getProfile is not PROFILE_MUSIC
04-02 15:18:04.382 V/AudioServiceExtImpl( 3698): oplusGetParameters() keyValuePairs:OPLUS_AUDIO_GET_DEVICE_VOLUME_INDEX_FORMUSIC:2, uid: 1000
04-02 15:18:04.382 D/AudioServiceExtImpl( 3698): KEYS_GET_DEVICE_VOLUME_INDEX vol:0 device2
04-02 15:18:04.383 E/AEC.SpatializerManager( 6147): setSpkVolParam param is the same
04-02 15:18:04.383 E/AEC.SpatializerManager( 6147): setFlodingModeParam param is the same
